Component: ARM Compiler 5.06 update 6 (build 750) Tool: armlink [4d35ed]

==============================================================================

Section Cross References

    cli.o(i.cli_init) refers to memmovea.o(.text) for __aeabi_memcpy4
    cli.o(i.cli_init) refers to nrf_cli.o(i.nrf_cli_init) for nrf_cli_init
    cli.o(i.cli_init) refers to app_error.o(i.app_error_handler_bare) for app_error_handler_bare
    cli.o(i.cli_init) refers to cli.o(.constdata) for .constdata
    cli.o(i.cli_missing_param_help) refers to nrf_cli.o(i.nrf_cli_fprintf) for nrf_cli_fprintf
    cli.o(i.cli_process) refers to nrf_cli.o(i.nrf_cli_process) for nrf_cli_process
    cli.o(i.cli_process) refers to cli.o(.constdata) for .constdata
    cli.o(i.cli_start) refers to nrf_cli.o(i.nrf_cli_start) for nrf_cli_start
    cli.o(i.cli_start) refers to app_error.o(i.app_error_handler_bare) for app_error_handler_bare
    cli.o(i.cli_start) refers to cli.o(.constdata) for .constdata
    cli.o(i.cli_unknown_param_help) refers to nrf_cli.o(i.nrf_cli_fprintf) for nrf_cli_fprintf
    cli.o(i.erase_cmd) refers to cli.o(i.nrf_cli_help_requested) for nrf_cli_help_requested
    cli.o(i.erase_cmd) refers to nrf_cli.o(i.nrf_cli_help_print) for nrf_cli_help_print
    cli.o(i.erase_cmd) refers to cli.o(i.cli_missing_param_help) for cli_missing_param_help
    cli.o(i.erase_cmd) refers to strtol.o(.text) for strtol
    cli.o(i.erase_cmd) refers to nrf_fstorage.o(i.nrf_fstorage_erase) for nrf_fstorage_erase
    cli.o(i.erase_cmd) refers to nrf_strerror.o(i.nrf_strerror_get) for nrf_strerror_get
    cli.o(i.erase_cmd) refers to nrf_cli.o(i.nrf_cli_fprintf) for nrf_cli_fprintf
    cli.o(i.erase_cmd) refers to main.o(fs_data) for fstorage
    cli.o(i.flasharea_cmd) refers to cli.o(i.nrf_cli_help_requested) for nrf_cli_help_requested
    cli.o(i.flasharea_cmd) refers to nrf_cli.o(i.nrf_cli_help_print) for nrf_cli_help_print
    cli.o(i.flasharea_cmd) refers to cli.o(i.cli_unknown_param_help) for cli_unknown_param_help
    cli.o(i.flasharea_cmd) refers to cli.o(i.cli_missing_param_help) for cli_missing_param_help
    cli.o(i.flasharea_cmd_print) refers to cli.o(i.nrf_cli_help_requested) for nrf_cli_help_requested
    cli.o(i.flasharea_cmd_print) refers to nrf_cli.o(i.nrf_cli_help_print) for nrf_cli_help_print
    cli.o(i.flasharea_cmd_print) refers to nrf_cli.o(i.nrf_cli_fprintf) for nrf_cli_fprintf
    cli.o(i.flasharea_cmd_print) refers to main.o(fs_data) for fstorage
    cli.o(i.flasharea_cmd_set) refers to cli.o(i.nrf_cli_help_requested) for nrf_cli_help_requested
    cli.o(i.flasharea_cmd_set) refers to nrf_cli.o(i.nrf_cli_help_print) for nrf_cli_help_print
    cli.o(i.flasharea_cmd_set) refers to cli.o(i.cli_missing_param_help) for cli_missing_param_help
    cli.o(i.flasharea_cmd_set) refers to strtol.o(.text) for strtol
    cli.o(i.flasharea_cmd_set) refers to nrf_cli.o(i.nrf_cli_fprintf) for nrf_cli_fprintf
    cli.o(i.flasharea_cmd_set) refers to main.o(fs_data) for fstorage
    cli.o(i.fstorage_read) refers to memseta.o(.text) for __aeabi_memclr4
    cli.o(i.fstorage_read) refers to nrf_fstorage.o(i.nrf_fstorage_read) for nrf_fstorage_read
    cli.o(i.fstorage_read) refers to nrf_strerror.o(i.nrf_strerror_get) for nrf_strerror_get
    cli.o(i.fstorage_read) refers to nrf_cli.o(i.nrf_cli_fprintf) for nrf_cli_fprintf
    cli.o(i.fstorage_read) refers to main.o(fs_data) for fstorage
    cli.o(i.read_cmd) refers to cli.o(i.nrf_cli_help_requested) for nrf_cli_help_requested
    cli.o(i.read_cmd) refers to nrf_cli.o(i.nrf_cli_help_print) for nrf_cli_help_print
    cli.o(i.read_cmd) refers to cli.o(i.cli_unknown_param_help) for cli_unknown_param_help
    cli.o(i.read_cmd) refers to cli.o(i.cli_missing_param_help) for cli_missing_param_help
    cli.o(i.read_cmd_hex) refers to cli.o(i.nrf_cli_help_requested) for nrf_cli_help_requested
    cli.o(i.read_cmd_hex) refers to nrf_cli.o(i.nrf_cli_help_print) for nrf_cli_help_print
    cli.o(i.read_cmd_hex) refers to cli.o(i.cli_missing_param_help) for cli_missing_param_help
    cli.o(i.read_cmd_hex) refers to strtol.o(.text) for strtol
    cli.o(i.read_cmd_hex) refers to cli.o(i.fstorage_read) for fstorage_read
    cli.o(i.read_cmd_str) refers to cli.o(i.nrf_cli_help_requested) for nrf_cli_help_requested
    cli.o(i.read_cmd_str) refers to nrf_cli.o(i.nrf_cli_help_print) for nrf_cli_help_print
    cli.o(i.read_cmd_str) refers to cli.o(i.cli_missing_param_help) for cli_missing_param_help
    cli.o(i.read_cmd_str) refers to strtol.o(.text) for strtol
    cli.o(i.read_cmd_str) refers to cli.o(i.fstorage_read) for fstorage_read
    cli.o(i.write_cmd) refers to cli.o(i.nrf_cli_help_requested) for nrf_cli_help_requested
    cli.o(i.write_cmd) refers to nrf_cli.o(i.nrf_cli_help_print) for nrf_cli_help_print
    cli.o(i.write_cmd) refers to cli.o(i.cli_missing_param_help) for cli_missing_param_help
    cli.o(i.write_cmd) refers to strtol.o(.text) for strtol
[...]
    SWI2_EGU2_IRQHandler                     0x00026775   Thumb Code     4  nrf_sdh.o(i.SWI2_EGU2_IRQHandler)
    SystemInit                               0x00026779   Thumb Code   416  system_nrf52840.o(i.SystemInit)
    UARTE0_UART0_IRQHandler                  0x00026955   Thumb Code     6  nrfx_prs.o(i.UARTE0_UART0_IRQHandler)
    __aeabi_errno_addr                       0x00026961   Thumb Code     4  errno.o(i.__aeabi_errno_addr)
    __rt_errno_addr                          0x00026961   Thumb Code     0  errno.o(i.__aeabi_errno_addr)
    __scatterload_copy                       0x00026969   Thumb Code    14  handlers.o(i.__scatterload_copy)
    __scatterload_null                       0x00026977   Thumb Code     2  handlers.o(i.__scatterload_null)
    __scatterload_zeroinit                   0x00026979   Thumb Code    14  handlers.o(i.__scatterload_zeroinit)
    app_error_fault_handler                  0x000269d1   Thumb Code    98  app_error_weak.o(i.app_error_fault_handler)
    app_error_handler_bare                   0x00026a65   Thumb Code    22  app_error.o(i.app_error_handler_bare)
    app_timer_create                         0x00026a7d   Thumb Code    36  app_timer.o(i.app_timer_create)
    app_timer_init                           0x00026aa5   Thumb Code    70  app_timer.o(i.app_timer_init)
    app_timer_start                          0x00026af9   Thumb Code   128  app_timer.o(i.app_timer_start)
    app_timer_stop                           0x00026b81   Thumb Code    26  app_timer.o(i.app_timer_stop)
    app_util_critical_region_enter           0x00026ba1   Thumb Code    64  app_util_platform.o(i.app_util_critical_region_enter)
    app_util_critical_region_exit            0x00026be9   Thumb Code    46  app_util_platform.o(i.app_util_critical_region_exit)
    buffer_is_empty                          0x00026e01   Thumb Code    16  nrf_log_frontend.o(i.buffer_is_empty)
    cli_init                                 0x000272dd   Thumb Code    58  cli.o(i.cli_init)
    cli_process                              0x000274c9   Thumb Code     6  cli.o(i.cli_process)
    cli_start                                0x000274e5   Thumb Code    22  cli.o(i.cli_start)
    main                                     0x000291ad   Thumb Code   434  main.o(i.main)
    nrf_atfifo_clear                         0x00029755   Thumb Code    16  nrf_atfifo.o(i.nrf_atfifo_clear)
    nrf_atfifo_init                          0x00029765   Thumb Code    38  nrf_atfifo.o(i.nrf_atfifo_init)
    nrf_atfifo_item_alloc                    0x0002978b   Thumb Code    22  nrf_atfifo.o(i.nrf_atfifo_item_alloc)
    nrf_atfifo_item_free                     0x000297a1   Thumb Code    22  nrf_atfifo.o(i.nrf_atfifo_item_free)
    nrf_atfifo_item_get                      0x000297b7   Thumb Code    22  nrf_atfifo.o(i.nrf_atfifo_item_get)
    nrf_atfifo_item_put                      0x000297cd   Thumb Code    22  nrf_atfifo.o(i.nrf_atfifo_item_put)
    nrf_atomic_flag_clear                    0x000297e3   Thumb Code     6  nrf_atomic.o(i.nrf_atomic_flag_clear)
    nrf_atomic_flag_clear_fetch              0x000297e9   Thumb Code     6  nrf_atomic.o(i.nrf_atomic_flag_clear_fetch)
    nrf_atomic_flag_set                      0x000297ef   Thumb Code     6  nrf_atomic.o(i.nrf_atomic_flag_set)
    nrf_atomic_flag_set_fetch                0x000297f5   Thumb Code     6  nrf_atomic.o(i.nrf_atomic_flag_set_fetch)
    nrf_atomic_u32_add                       0x000297fb   Thumb Code    12  nrf_atomic.o(i.nrf_atomic_u32_add)
    nrf_atomic_u32_and                       0x00029807   Thumb Code    12  nrf_atomic.o(i.nrf_atomic_u32_and)
    nrf_atomic_u32_fetch_and                 0x00029813   Thumb Code    10  nrf_atomic.o(i.nrf_atomic_u32_fetch_and)
    nrf_atomic_u32_fetch_or                  0x0002981d   Thumb Code    10  nrf_atomic.o(i.nrf_atomic_u32_fetch_or)
    nrf_atomic_u32_fetch_store               0x00029827   Thumb Code    10  nrf_atomic.o(i.nrf_atomic_u32_fetch_store)
    nrf_atomic_u32_or                        0x00029831   Thumb Code    12  nrf_atomic.o(i.nrf_atomic_u32_or)
    nrf_atomic_u32_sub                       0x0002983d   Thumb Code    12  nrf_atomic.o(i.nrf_atomic_u32_sub)
    nrf_balloc_alloc                         0x00029849   Thumb Code    68  nrf_balloc.o(i.nrf_balloc_alloc)
    nrf_balloc_free                          0x0002988d   Thumb Code    48  nrf_balloc.o(i.nrf_balloc_free)
    nrf_balloc_init                          0x000298bd   Thumb Code    48  nrf_balloc.o(i.nrf_balloc_init)
    nrf_cli_cmd_cli_stats                    0x00029b05   Thumb Code    70  nrf_cli.o(i.nrf_cli_cmd_cli_stats)
    nrf_cli_cmd_cli_stats_reset              0x00029b71   Thumb Code    48  nrf_cli.o(i.nrf_cli_cmd_cli_stats_reset)
    nrf_cli_cmd_cli_stats_show               0x00029ba1   Thumb Code    78  nrf_cli.o(i.nrf_cli_cmd_cli_stats_show)
    nrf_cli_fprintf                          0x00029f4d   Thumb Code    80  nrf_cli.o(i.nrf_cli_fprintf)
    nrf_cli_help_print                       0x00029f9d   Thumb Code   562  nrf_cli.o(i.nrf_cli_help_print)
    nrf_cli_init                             0x0002a23d   Thumb Code    50  nrf_cli.o(i.nrf_cli_init)
    nrf_cli_print_stream                     0x0002a331   Thumb Code     6  nrf_cli.o(i.nrf_cli_print_stream)
    nrf_cli_process                          0x0002a339   Thumb Code   110  nrf_cli.o(i.nrf_cli_process)
    nrf_cli_start                            0x0002a3ad   Thumb Code    66  nrf_cli.o(i.nrf_cli_start)
    nrf_drv_uart_init                        0x0002a3f5   Thumb Code    90  nrf_drv_uart.o(i.nrf_drv_uart_init)
    nrf_fprintf                              0x0002a495   Thumb Code    26  nrf_fprintf.o(i.nrf_fprintf)
    nrf_fprintf_buffer_flush                 0x0002a4af   Thumb Code    24  nrf_fprintf.o(i.nrf_fprintf_buffer_flush)
    nrf_fprintf_fmt                          0x0002a4c7   Thumb Code   474  nrf_fprintf_format.o(i.nrf_fprintf_fmt)
    nrf_fstorage_erase                       0x0002a6a1   Thumb Code   208  nrf_fstorage.o(i.nrf_fstorage_erase)
    nrf_fstorage_init                        0x0002a7f1   Thumb Code    82  nrf_fstorage.o(i.nrf_fstorage_init)
    nrf_fstorage_is_busy                     0x0002a891   Thumb Code    70  nrf_fstorage.o(i.nrf_fstorage_is_busy)
    nrf_fstorage_read                        0x0002a8e1   Thumb Code   220  nrf_fstorage.o(i.nrf_fstorage_read)
    nrf_fstorage_sdh_req_handler             0x0002aa59   Thumb Code    18  nrf_fstorage_sd.o(i.nrf_fstorage_sdh_req_handler)
    nrf_fstorage_sdh_state_handler           0x0002aa71   Thumb Code    28  nrf_fstorage_sd.o(i.nrf_fstorage_sdh_state_handler)
    nrf_fstorage_sys_evt_handler             0x0002aa91   Thumb Code   154  nrf_fstorage_sd.o(i.nrf_fstorage_sys_evt_handler)
    nrf_fstorage_write                       0x0002ab35   Thumb Code   276  nrf_fstorage.o(i.nrf_fstorage_write)
    nrf_log_backend_add                      0x0002ae69   Thumb Code   134  nrf_log_frontend.o(i.nrf_log_backend_add)
    nrf_log_backend_serial_put               0x0002af87   Thumb Code   200  nrf_log_backend_serial.o(i.nrf_log_backend_serial_put)
    nrf_log_color_id_get                     0x0002b095   Thumb Code    42  nrf_log_frontend.o(i.nrf_log_color_id_get)
    nrf_log_frontend_dequeue                 0x0002b0c5   Thumb Code   586  nrf_log_frontend.o(i.nrf_log_frontend_dequeue)
    nrf_log_frontend_std_0                   0x0002b33d   Thumb Code     8  nrf_log_frontend.o(i.nrf_log_frontend_std_0)
    nrf_log_frontend_std_1                   0x0002b345   Thumb Code    14  nrf_log_frontend.o(i.nrf_log_frontend_std_1)
    nrf_log_frontend_std_2                   0x0002b353   Thumb Code    16  nrf_log_frontend.o(i.nrf_log_frontend_std_2)
    nrf_log_frontend_std_3                   0x0002b363   Thumb Code    18  nrf_log_frontend.o(i.nrf_log_frontend_std_3)
    nrf_log_hexdump_entry_process            0x0002b375   Thumb Code   146  nrf_log_str_formatter.o(i.nrf_log_hexdump_entry_process)
    nrf_log_init                             0x0002b421   Thumb Code   146  nrf_log_frontend.o(i.nrf_log_init)
    nrf_log_module_cnt_get                   0x0002b4d1   Thumb Code    10  nrf_log_frontend.o(i.nrf_log_module_cnt_get)
    nrf_log_module_filter_get                0x0002b4e5   Thumb Code    64  nrf_log_frontend.o(i.nrf_log_module_filter_get)
    nrf_log_module_filter_set                0x0002b52d   Thumb Code    70  nrf_log_frontend.o(i.nrf_log_module_filter_set)
    nrf_log_module_name_get                  0x0002b57d   Thumb Code    24  nrf_log_frontend.o(i.nrf_log_module_name_get)
    nrf_log_panic                            0x0002b599   Thumb Code    38  nrf_log_frontend.o(i.nrf_log_panic)
    nrf_log_std_entry_process                0x0002b5c5   Thumb Code   182  nrf_log_str_formatter.o(i.nrf_log_std_entry_process)
    nrf_memobj_alloc                         0x0002b67b   Thumb Code    96  nrf_memobj.o(i.nrf_memobj_alloc)
    nrf_memobj_free                          0x0002b6db   Thumb Code    50  nrf_memobj.o(i.nrf_memobj_free)
    nrf_memobj_get                           0x0002b70d   Thumb Code     8  nrf_memobj.o(i.nrf_memobj_get)
    nrf_memobj_pool_init                     0x0002b715   Thumb Code     4  nrf_memobj.o(i.nrf_memobj_pool_init)
    nrf_memobj_put                           0x0002b719   Thumb Code    30  nrf_memobj.o(i.nrf_memobj_put)
    nrf_memobj_read                          0x0002b737   Thumb Code    16  nrf_memobj.o(i.nrf_memobj_read)
    nrf_memobj_write                         0x0002b747   Thumb Code    16  nrf_memobj.o(i.nrf_memobj_write)
    nrf_queue_generic_pop                    0x0002b757   Thumb Code   142  nrf_queue.o(i.nrf_queue_generic_pop)
    nrf_queue_is_empty                       0x0002b7e5   Thumb Code    18  nrf_queue.o(i.nrf_queue_is_empty)
    nrf_queue_is_full                        0x0002b7f7   Thumb Code    30  nrf_queue.o(i.nrf_queue_is_full)
    nrf_queue_max_utilization_get            0x0002b815   Thumb Code     6  nrf_queue.o(i.nrf_queue_max_utilization_get)
    nrf_queue_max_utilization_reset          0x0002b81b   Thumb Code     8  nrf_queue.o(i.nrf_queue_max_utilization_reset)
    nrf_queue_push                           0x0002b831   Thumb Code   178  nrf_queue.o(i.nrf_queue_push)
    nrf_queue_utilization_get                0x0002b9c5   Thumb Code    36  nrf_queue.o(i.nrf_queue_utilization_get)
    nrf_ringbuf_alloc                        0x0002b9e9   Thumb Code   112  nrf_ringbuf.o(i.nrf_ringbuf_alloc)
    nrf_ringbuf_cpy_get                      0x0002ba59   Thumb Code   124  nrf_ringbuf.o(i.nrf_ringbuf_cpy_get)
    nrf_ringbuf_cpy_put                      0x0002bad5   Thumb Code   114  nrf_ringbuf.o(i.nrf_ringbuf_cpy_put)
    nrf_ringbuf_free                         0x0002bb47   Thumb Code    38  nrf_ringbuf.o(i.nrf_ringbuf_free)
    nrf_ringbuf_get                          0x0002bb6d   Thumb Code   112  nrf_ringbuf.o(i.nrf_ringbuf_get)
    nrf_ringbuf_init                         0x0002bbdd   Thumb Code    28  nrf_ringbuf.o(i.nrf_ringbuf_init)
    nrf_ringbuf_put                          0x0002bbf9   Thumb Code    48  nrf_ringbuf.o(i.nrf_ringbuf_put)
    nrf_sdh_ble_app_ram_start_get            0x0002bc29   Thumb Code    16  nrf_sdh_ble.o(i.nrf_sdh_ble_app_ram_start_get)
    nrf_sdh_ble_default_cfg_set              0x0002bc3d   Thumb Code   248  nrf_sdh_ble.o(i.nrf_sdh_ble_default_cfg_set)
    nrf_sdh_ble_enable                       0x0002bd55   Thumb Code   148  nrf_sdh_ble.o(i.nrf_sdh_ble_enable)
    nrf_sdh_disable_request                  0x0002bf05   Thumb Code    80  nrf_sdh.o(i.nrf_sdh_disable_request)
    nrf_sdh_enable_request                   0x0002bf59   Thumb Code   102  nrf_sdh.o(i.nrf_sdh_enable_request)
    nrf_sdh_evts_poll                        0x0002bfcd   Thumb Code    32  nrf_sdh.o(i.nrf_sdh_evts_poll)
    nrf_sdh_is_enabled                       0x0002bff1   Thumb Code     6  nrf_sdh.o(i.nrf_sdh_is_enabled)
    nrf_sdh_request_continue                 0x0002bffd   Thumb Code    22  nrf_sdh.o(i.nrf_sdh_request_continue)
    nrf_section_iter_init                    0x0002c055   Thumb Code    10  nrf_section_iter.o(i.nrf_section_iter_init)
    nrf_section_iter_next                    0x0002c083   Thumb Code    32  nrf_section_iter.o(i.nrf_section_iter_next)
    nrf_strerror_find                        0x0002c0a5   Thumb Code    52  nrf_strerror.o(i.nrf_strerror_find)
    nrf_strerror_get                         0x0002c0dd   Thumb Code    14  nrf_strerror.o(i.nrf_strerror_get)
    nrfx_prs_acquire                         0x0002c149   Thumb Code    58  nrfx_prs.o(i.nrfx_prs_acquire)
    nrfx_prs_release                         0x0002c183   Thumb Code    18  nrfx_prs.o(i.nrfx_prs_release)
    nrfx_uart_0_irq_handler                  0x0002c195   Thumb Code     8  nrfx_uart.o(i.nrfx_uart_0_irq_handler)
    nrfx_uart_init                           0x0002c1a5   Thumb Code   200  nrfx_uart.o(i.nrfx_uart_init)
    nrfx_uart_rx                             0x0002c279   Thumb Code   230  nrfx_uart.o(i.nrfx_uart_rx)
    nrfx_uart_rx_abort                       0x0002c365   Thumb Code    18  nrfx_uart.o(i.nrfx_uart_rx_abort)
    nrfx_uart_tx                             0x0002c379   Thumb Code   160  nrfx_uart.o(i.nrfx_uart_tx)
    nrfx_uart_tx_in_progress                 0x0002c41d   Thumb Code    26  nrfx_uart.o(i.nrfx_uart_tx_in_progress)
    nrfx_uart_uninit                         0x0002c43d   Thumb Code   170  nrfx_uart.o(i.nrfx_uart_uninit)
    nrfx_uarte_0_irq_handler                 0x0002c4f1   Thumb Code     8  nrfx_uarte.o(i.nrfx_uarte_0_irq_handler)
    nrfx_uarte_init                          0x0002c501   Thumb Code   100  nrfx_uarte.o(i.nrfx_uarte_init)
    nrfx_uarte_rx                            0x0002c56d   Thumb Code   256  nrfx_uarte.o(i.nrfx_uarte_rx)
    nrfx_uarte_rx_abort                      0x0002c671   Thumb Code     8  nrfx_uarte.o(i.nrfx_uarte_rx_abort)
    nrfx_uarte_tx                            0x0002c679   Thumb Code   138  nrfx_uarte.o(i.nrfx_uarte_tx)
    nrfx_uarte_tx_in_progress                0x0002c709   Thumb Code    22  nrfx_uarte.o(i.nrfx_uarte_tx_in_progress)
    nrfx_uarte_uninit                        0x0002c725   Thumb Code   166  nrfx_uarte.o(i.nrfx_uarte_uninit)
    wait_for_flash_ready                     0x0002d689   Thumb Code    20  main.o(i.wait_for_flash_ready)
    nrf_cli_read_raw                         0x0002d8c4   Data          16  cli.o(.constdata)
    nrf_cli_write_raw                        0x0002d8d4   Data          16  cli.o(.constdata)
    nrf_cli_erase_raw                        0x0002d8e4   Data          16  cli.o(.constdata)
    nrf_cli_flasharea_raw                    0x0002d8f4   Data          16  cli.o(.constdata)
    nrf_cli_balloc_raw                       0x0002d940   Data          16  nrf_balloc.o(.constdata)
    nrf_log_backend_cli_api                  0x0002d950   Data          12  nrf_cli.o(.constdata)
    nrf_cli_clear_raw                        0x0002da74   Data          16  nrf_cli.o(.constdata)
    nrf_cli_cli_raw                          0x0002da84   Data          16  nrf_cli.o(.constdata)
    nrf_cli_history_raw                      0x0002da94   Data          16  nrf_cli.o(.constdata)
    nrf_cli_resize_raw                       0x0002daa4   Data          16  nrf_cli.o(.constdata)
    nrf_cli_uart_transport_api               0x0002db08   Data          20  nrf_cli_uart.o(.constdata)
    nrf_fstorage_sd                          0x0002db9c   Data          32  nrf_fstorage_sd.o(.constdata)
    nrf_cli_queue_raw                        0x0002dbe4   Data          16  nrf_queue.o(.constdata)
    nrf_log_backend_uart_api                 0x0002dd30   Data          12  nrf_log_backend_uart.o(.constdata)
    nrf_cli_log_raw                          0x0002deb8   Data          16  nrf_log_frontend.o(.constdata)
    m_ram_start                              0x0002df40   Data           4  nrf_sdh_ble.o(.constdata)
    __ctype_table                            0x0002df6c   Data         129  ctype_o.o(.constdata)
    Region$$Table$$Base                      0x0002f268   Number         0  anon$$obj.o(Region$$Table)
    Region$$Table$$Limit                     0x0002f288   Number         0  anon$$obj.o(Region$$Table)
    cli_command$$Base                        0x0002f288   Number         0  cli.o(cli_command)
    nrf_cli_read_const                       0x0002f288   Data           8  cli.o(cli_command)
    nrf_cli_write_const                      0x0002f290   Data           8  cli.o(cli_command)
    nrf_cli_erase_const                      0x0002f298   Data           8  cli.o(cli_command)
    nrf_cli_flasharea_const                  0x0002f2a0   Data           8  cli.o(cli_command)
    nrf_cli_balloc_const                     0x0002f2a8   Data           8  nrf_balloc.o(cli_command)
    nrf_cli_clear_const                      0x0002f2b0   Data           8  nrf_cli.o(cli_command)
    nrf_cli_cli_const                        0x0002f2b8   Data           8  nrf_cli.o(cli_command)
    nrf_cli_history_const                    0x0002f2c0   Data           8  nrf_cli.o(cli_command)
    nrf_cli_resize_const                     0x0002f2c8   Data           8  nrf_cli.o(cli_command)
    nrf_cli_queue_const                      0x0002f2d0   Data           8  nrf_queue.o(cli_command)
    nrf_cli_log_const                        0x0002f2d8   Data           8  nrf_log_frontend.o(cli_command)
    cli_command$$Limit                       0x0002f2e0   Number         0  nrf_log_frontend.o(cli_command)
    log_backends$$Base                       0x0002f2e0   Number         0  cli.o(log_backends)
    log_backends$$Limit                      0x0002f300   Number         0  nrf_log_default_backends.o(log_backends)
    log_const_data$$Base                     0x0002f300   Number         0  cli.o(log_const_data)
    m_nrf_log_queue_m_cli_uart_log_backend_queue_logs_data_const 0x0002f300   Data           8  cli.o(log_const_data)
    m_nrf_log_balloc_m_cli_uart_cmd_hist_memobj_logs_data_const 0x0002f308   Data           8  cli.o(log_const_data)
    m_nrf_log_PRS_logs_data_const            0x0002f310   Data           8  nrfx_prs.o(log_const_data)
    m_nrf_log_UART_logs_data_const           0x0002f318   Data           8  nrfx_uart.o(log_const_data)
    m_nrf_log_UARTE_logs_data_const          0x0002f320   Data           8  nrfx_uarte.o(log_const_data)
    m_nrf_log_cli_uart_logs_data_const       0x0002f328   Data           8  nrf_cli_uart.o(log_const_data)
    m_nrf_log_nrf_fstorage_logs_data_const   0x0002f330   Data           8  nrf_fstorage.o(log_const_data)
    m_nrf_log_atfifo_m_fifo_logs_data_const  0x0002f338   Data           8  nrf_fstorage_sd.o(log_const_data)
    m_nrf_log_balloc_log_mempool_logs_data_const 0x0002f340   Data           8  nrf_log_frontend.o(log_const_data)
    m_nrf_log_app_logs_data_const            0x0002f348   Data           8  nrf_log_frontend.o(log_const_data)
    m_nrf_log_nrf_sdh_logs_data_const        0x0002f350   Data           8  nrf_sdh.o(log_const_data)
    m_nrf_log_nrf_sdh_ble_logs_data_const    0x0002f358   Data           8  nrf_sdh_ble.o(log_const_data)
    m_nrf_log_nrf_sdh_soc_logs_data_const    0x0002f360   Data           8  nrf_sdh_soc.o(log_const_data)
    log_const_data$$Limit                    0x0002f368   Number         0  nrf_sdh_soc.o(log_const_data)
    m_cli_uart_cmd_hist_memobj               0x0002f368   Data          28  cli.o(nrf_balloc)
    nrf_balloc$$Base                         0x0002f368   Number         0  cli.o(nrf_balloc)
    log_mempool                              0x0002f384   Data          28  nrf_log_frontend.o(nrf_balloc)
    m_cli_uart_log_backend_queue             0x0002f3a0   Data          28  cli.o(nrf_queue)
    nrf_balloc$$Limit                        0x0002f3a0   Number         0  nrf_log_frontend.o(nrf_balloc)
    nrf_queue$$Base                          0x0002f3a0   Number         0  cli.o(nrf_queue)
    m_req_obs                                0x0002f3bc   Data           8  nrf_fstorage_sd.o(sdh_req_observers0)
    nrf_queue$$Limit                         0x0002f3bc   Number         0  cli.o(nrf_queue)
    sdh_req_observers0$$Base                 0x0002f3bc   Number         0  nrf_fstorage_sd.o(sdh_req_observers0)
    sdh_req_observers0$$Limit                0x0002f3c4   Number         0  nrf_fstorage_sd.o(sdh_req_observers0)
    sdh_soc_observers0$$Base                 0x0002f3c4   Number         0  nrf_fstorage_sd.o(sdh_soc_observers0)
    sdh_soc_observers0$$Limit                0x0002f3cc   Number         0  nrf_fstorage_sd.o(sdh_soc_observers0)
    sdh_stack_observers0$$Base               0x0002f3cc   Number         0  nrf_sdh_ble.o(sdh_stack_observers0)
    sdh_stack_observers0$$Limit              0x0002f3dc   Number         0  nrf_sdh_soc.o(sdh_stack_observers0)
    sdh_state_observers0$$Base               0x0002f3dc   Number         0  nrf_fstorage_sd.o(sdh_state_observers0)
    sdh_state_observers0$$Limit              0x0002f3e4   Number         0  nrf_fstorage_sd.o(sdh_state_observers0)
    Image$$RW_IRAM1$$Base                    0x20002210   Number         0  anon$$obj.o ABSOLUTE
    nrf_drv_uart_use_easy_dma                0x2000225c   Data           2  nrf_drv_uart.o(.data)
    m_uart                                   0x200022b0   Data          20  nrf_log_backend_uart.o(.data)
    SystemCoreClock                          0x20002348   Data           4  system_nrf52840.o(.data)
    cli_sorted_cmd_ptrs$$Base                0x20002350   Number         0  cli.o(cli_sorted_cmd_ptrs)
    read_str_ptr                             0x20002350   Data           4  cli.o(cli_sorted_cmd_ptrs)
    write_str_ptr                            0x20002354   Data           4  cli.o(cli_sorted_cmd_ptrs)
    erase_str_ptr                            0x20002358   Data           4  cli.o(cli_sorted_cmd_ptrs)
    flasharea_str_ptr                        0x2000235c   Data           4  cli.o(cli_sorted_cmd_ptrs)
    balloc_str_ptr                           0x20002360   Data           4  nrf_balloc.o(cli_sorted_cmd_ptrs)
    clear_str_ptr                            0x20002364   Data           4  nrf_cli.o(cli_sorted_cmd_ptrs)
    cli_str_ptr                              0x20002368   Data           4  nrf_cli.o(cli_sorted_cmd_ptrs)
    history_str_ptr                          0x2000236c   Data           4  nrf_cli.o(cli_sorted_cmd_ptrs)
    resize_str_ptr                           0x20002370   Data           4  nrf_cli.o(cli_sorted_cmd_ptrs)
    queue_str_ptr                            0x20002374   Data           4  nrf_queue.o(cli_sorted_cmd_ptrs)
    log_str_ptr                              0x20002378   Data           4  nrf_log_frontend.o(cli_sorted_cmd_ptrs)
    fs_data$$Base                            0x2000237c   Number         0  main.o(fs_data)
    fstorage                                 0x2000237c   Data          20  main.o(fs_data)
    fs_data$$Limit                           0x20002390   Number         0  main.o(fs_data)
    log_dynamic_data$$Base                   0x20002390   Number         0  cli.o(log_dynamic_data)
    m_nrf_log_queue_m_cli_uart_log_backend_queue_logs_data_dynamic 0x20002390   Data           4  cli.o(log_dynamic_data)
    m_nrf_log_balloc_m_cli_uart_cmd_hist_memobj_logs_data_dynamic 0x20002394   Data           4  cli.o(log_dynamic_data)
    m_nrf_log_PRS_logs_data_dynamic          0x20002398   Data           4  nrfx_prs.o(log_dynamic_data)
    m_nrf_log_UART_logs_data_dynamic         0x2000239c   Data           4  nrfx_uart.o(log_dynamic_data)
    m_nrf_log_UARTE_logs_data_dynamic        0x200023a0   Data           4  nrfx_uarte.o(log_dynamic_data)
    m_nrf_log_cli_uart_logs_data_dynamic     0x200023a4   Data           4  nrf_cli_uart.o(log_dynamic_data)
    m_nrf_log_nrf_fstorage_logs_data_dynamic 0x200023a8   Data           4  nrf_fstorage.o(log_dynamic_data)
    m_nrf_log_atfifo_m_fifo_logs_data_dynamic 0x200023ac   Data           4  nrf_fstorage_sd.o(log_dynamic_data)
    m_nrf_log_balloc_log_mempool_logs_data_dynamic 0x200023b0   Data           4  nrf_log_frontend.o(log_dynamic_data)
    m_nrf_log_app_logs_data_dynamic          0x200023b4   Data           4  nrf_log_frontend.o(log_dynamic_data)
    m_nrf_log_nrf_sdh_logs_data_dynamic      0x200023b8   Data           4  nrf_sdh.o(log_dynamic_data)
    m_nrf_log_nrf_sdh_ble_logs_data_dynamic  0x200023bc   Data           4  nrf_sdh_ble.o(log_dynamic_data)
    m_nrf_log_nrf_sdh_soc_logs_data_dynamic  0x200023c0   Data           4  nrf_sdh_soc.o(log_dynamic_data)
    log_filter_data$$Base                    0x200023c4   Number         0  cli.o(log_filter_data)
    m_nrf_log_queue_m_cli_uart_log_backend_queue_logs_data_filter 0x200023c4   Data           4  cli.o(log_filter_data)
    m_nrf_log_balloc_m_cli_uart_cmd_hist_memobj_logs_data_filter 0x200023c8   Data           4  cli.o(log_filter_data)
    m_nrf_log_PRS_logs_data_filter           0x200023cc   Data           4  nrfx_prs.o(log_filter_data)
    m_nrf_log_UART_logs_data_filter          0x200023d0   Data           4  nrfx_uart.o(log_filter_data)
    m_nrf_log_UARTE_logs_data_filter         0x200023d4   Data           4  nrfx_uarte.o(log_filter_data)
    m_nrf_log_cli_uart_logs_data_filter      0x200023d8   Data           4  nrf_cli_uart.o(log_filter_data)
    m_nrf_log_nrf_fstorage_logs_data_filter  0x200023dc   Data           4  nrf_fstorage.o(log_filter_data)
    m_nrf_log_atfifo_m_fifo_logs_data_filter 0x200023e0   Data           4  nrf_fstorage_sd.o(log_filter_data)
    m_nrf_log_balloc_log_mempool_logs_data_filter 0x200023e4   Data           4  nrf_log_frontend.o(log_filter_data)
    m_nrf_log_app_logs_data_filter           0x200023e8   Data           4  nrf_log_frontend.o(log_filter_data)
    m_nrf_log_nrf_sdh_logs_data_filter       0x200023ec   Data           4  nrf_sdh.o(log_filter_data)
    m_nrf_log_nrf_sdh_ble_logs_data_filter   0x200023f0   Data           4  nrf_sdh_ble.o(log_filter_data)
    m_nrf_log_nrf_sdh_soc_logs_data_filter   0x200023f4   Data           4  nrf_sdh_soc.o(log_filter_data)
    nrf_nvic_state                           0x20002a70   Data          12  app_util_platform.o(.bss)
    __initial_sp                             0x200050d8   Data           0  arm_startup_nrf52840.o(STACK)



==============================================================================

Memory Map of the image

  Image Entry point : 0x00026201

  Load Region LR_IROM1 (Base: 0x00026000, Size: 0x000095cc, Max: 0x000da000, ABSOLUTE, COMPRESSED[0x0000946c])

    Execution Region ER_IROM1 (Exec base: 0x00026000, Load base: 0x00026000, Size: 0x000093e4, Max: 0x000da000, ABSOLUTE)

    Exec Addr    Load Addr    Size         Type   Attr      Idx    E Section Name        Object

    0x00026000   0x00026000   0x00000200   Data   RO         3657    RESET               arm_startup_nrf52840.o
    0x00026200   0x00026200   0x00000000   Code   RO         3698  * .ARM.Collect$$$$00000000  mc_w.l(entry.o)
    0x00026200   0x00026200   0x00000004   Code   RO         3755    .ARM.Collect$$$$00000001  mc_w.l(entry2.o)
    0x00026204   0x00026204   0x00000004   Code   RO         3758    .ARM.Collect$$$$00000004  mc_w.l(entry5.o)
    0x00026208   0x00026208   0x00000000   Code   RO         3760    .ARM.Collect$$$$00000008  mc_w.l(entry7b.o)
    0x00026208   0x00026208   0x00000000   Code   RO         3762    .ARM.Collect$$$$0000000A  mc_w.l(entry8b.o)
    0x00026208   0x00026208   0x00000008   Code   RO         3763    .ARM.Collect$$$$0000000B  mc_w.l(entry9a.o)
    0x00026210   0x00026210   0x00000000   Code   RO         3765    .ARM.Collect$$$$0000000D  mc_w.l(entry10a.o)
    0x00026210   0x00026210   0x00000000   Code   RO         3767    .ARM.Collect$$$$0000000F  mc_w.l(entry11a.o)
    0x00026210   0x00026210   0x00000004   Code   RO         3756    .ARM.Collect$$$$00002712  mc_w.l(entry2.o)
    0x00026214   0x00026214   0x000000c8   Code   RO         1537    .emb_text           nrf_atfifo.o
    0x000262dc   0x000262dc   0x000000e2   Code   RO         1610    .emb_text           nrf_atomic.o
    0x000263be   0x000263be   0x00000002   PAD
    0x000263c0   0x000263c0   0x00000024   Code   RO         3658    .text               arm_startup_nrf52840.o
    0x000263e4   0x000263e4   0x00000008   Code   RO         3701    .text               mc_w.l(ctype_o.o)
    0x000263ec   0x000263ec   0x0000009c   Code   RO         3731    .text               mc_w.l(qsort.o)
    0x00026488   0x00026488   0x00000040   Code   RO         3735    .text               mc_w.l(memmovea.o)
    0x000264c8   0x000264c8   0x00000024   Code   RO         3737    .text               mc_w.l(memseta.o)
    0x000264ec   0x000264ec   0x0000000e   Code   RO         3741    .text               mc_w.l(strlen.o)
    0x000264fa   0x000264fa   0x0000001c   Code   RO         3743    .text               mc_w.l(strcmp.o)
    0x00026516   0x00026516   0x00000012   Code   RO         3745    .text               mc_w.l(strcpy.o)
    0x00026528   0x00026528   0x0000001e   Code   RO         3747    .text               mc_w.l(strncmp.o)
    0x00026546   0x00026546   0x00000070   Code   RO         3753    .text               mc_w.l(strtol.o)
    0x000265b6   0x000265b6   0x0000009e   Code   RO         3776    .text               mc_w.l(_strtoul.o)
    0x00026654   0x00026654   0x00000024   Code   RO         3778    .text               mc_w.l(init.o)
    0x00026678   0x00026678   0x0000001c   Code   RO         3780    .text               mc_w.l(_chval.o)
    0x00026694   0x00026694   0x00000056   Code   RO         3790    .text               mc_w.l(__dczerorl2.o)
    0x000266ea   0x000266ea   0x00000016   Code   RO         1236    i.NVIC_ClearPendingIRQ  app_timer.o
    0x00026700   0x00026700   0x00000016   Code   RO         1237    i.NVIC_EnableIRQ    app_timer.o
    0x00026716   0x00026716   0x00000016   Code   RO         1238    i.NVIC_SetPendingIRQ  app_timer.o
    0x0002672c   0x0002672c   0x00000020   Code   RO         1239    i.NVIC_SetPriority  app_timer.o
    0x0002674c   0x0002674c   0x00000024   Code   RO         1240    i.RTC1_IRQHandler   app_timer.o
    0x00026770   0x00026770   0x00000004   Code   RO         1241    i.SWI0_EGU0_IRQHandler  app_timer.o
    0x00026774   0x00026774   0x00000004   Code   RO         3454    i.SWI2_EGU2_IRQHandler  nrf_sdh.o
    0x00026778   0x00026778   0x000001dc   Code   RO         3666    i.SystemInit        system_nrf52840.o
    0x00026954   0x00026954   0x0000000c   Code   RO          682    i.UARTE0_UART0_IRQHandler  nrfx_prs.o
    0x00026960   0x00026960   0x00000008   Code   RO         3769    i.__aeabi_errno_addr  mc_w.l(errno.o)
    0x00026968   0x00026968   0x0000000e   Code   RO         3784    i.__scatterload_copy  mc_w.l(handlers.o)
    0x00026976   0x00026976   0x00000002   Code   RO         3785    i.__scatterload_null  mc_w.l(handlers.o)
    0x00026978   0x00026978   0x0000000e   Code   RO         3786    i.__scatterload_zeroinit  mc_w.l(handlers.o)
    0x00026986   0x00026986   0x00000002   PAD
    0x00026988   0x00026988   0x00000024   Code   RO         3455    i.__sd_nvic_app_accessible_irq  nrf_sdh.o
    0x000269ac   0x000269ac   0x0000000c   Code   RO         2393    i.addr_is_aligned32  nrf_fstorage.o
    0x000269b8   0x000269b8   0x00000018   Code   RO         2394    i.addr_is_within_bounds  nrf_fstorage.o
    0x000269d0   0x000269d0   0x00000094   Code   RO         1175    i.app_error_fault_handler  app_error_weak.o
    0x00026a64   0x00026a64   0x00000016   Code   RO         1112    i.app_error_handler_bare  app_error.o
    0x00026a7a   0x00026a7a   0x00000002   PAD
    0x00026a7c   0x00026a7c   0x00000028   Code   RO         1244    i.app_timer_create  app_timer.o
    0x00026aa4   0x00026aa4   0x00000054   Code   RO         1245    i.app_timer_init    app_timer.o
    0x00026af8   0x00026af8   0x00000088   Code   RO         1248    i.app_timer_start   app_timer.o
    0x00026b80   0x00026b80   0x00000020   Code   RO         1249    i.app_timer_stop    app_timer.o
    0x00026ba0   0x00026ba0   0x00000048   Code   RO         1409    i.app_util_critical_region_enter  app_util_platform.o
    0x00026be8   0x00026be8   0x00000034   Code   RO         1410    i.app_util_critical_region_exit  app_util_platform.o
    0x00026c1c   0x00026c1c   0x00000076   Code   RO          746    i.apply_config      nrfx_uart.o
    0x00026c92   0x00026c92   0x00000076   Code   RO          949    i.apply_config      nrfx_uarte.o
    0x00026d08   0x00026d08   0x00000048   Code   RO         3089    i.backend_name_get  nrf_log_frontend.o
    0x00026d50   0x00026d50   0x00000090   Code   RO         3090    i.buf_prealloc      nrf_log_frontend.o
    0x00026de0   0x00026de0   0x0000001e   Code   RO         2353    i.buffer_add        nrf_fprintf_format.o
    0x00026dfe   0x00026dfe   0x00000002   PAD
    0x00026e00   0x00026e00   0x00000014   Code   RO         3091    i.buffer_is_empty   nrf_log_frontend.o
    0x00026e14   0x00026e14   0x000000b8   Code   RO         1798    i.char_backspace    nrf_cli.o
    0x00026ecc   0x00026ecc   0x00000094   Code   RO         1799    i.char_delete       nrf_cli.o
    0x00026f60   0x00026f60   0x00000140   Code   RO         1800    i.char_insert       nrf_cli.o
    0x000270a0   0x000270a0   0x00000014   Code   RO         1801    i.cli_clear_eos     nrf_cli.o
    0x000270b4   0x000270b4   0x00000014   Code   RO         1802    i.cli_cursor_restore  nrf_cli.o
    0x000270c8   0x000270c8   0x00000014   Code   RO         1803    i.cli_cursor_save   nrf_cli.o
    0x000270dc   0x000270dc   0x000001f4   Code   RO         1804    i.cli_execute       nrf_cli.o
    0x000272d0   0x000272d0   0x0000000c   Code   RO         1805    i.cli_flag_echo_is_set  nrf_cli.o
    0x000272dc   0x000272dc   0x00000040   Code   RO            4    i.cli_init          cli.o
    0x0002731c   0x0002731c   0x0000016c   Code   RO         1806    i.cli_log_entry_process  nrf_cli.o
    0x00027488   0x00027488   0x00000040   Code   RO            5    i.cli_missing_param_help  cli.o
    0x000274c8   0x000274c8   0x0000000c   Code   RO            6    i.cli_process       cli.o
    0x000274d4   0x000274d4   0x0000000e   Code   RO         1807    i.cli_read          nrf_cli.o
    0x000274e2   0x000274e2   0x00000002   PAD
    0x000274e4   0x000274e4   0x0000001c   Code   RO            7    i.cli_start         cli.o
    0x00027500   0x00027500   0x00000214   Code   RO         1808    i.cli_state_collect  nrf_cli.o
    0x00027714   0x00027714   0x00000028   Code   RO         1809    i.cli_state_set     nrf_cli.o
    0x0002773c   0x0002773c   0x0000000a   Code   RO         1810    i.cli_strlen        nrf_cli.o
    0x00027746   0x00027746   0x00000002   PAD
    0x00027748   0x00027748   0x00000310   Code   RO         1811    i.cli_tab_handle    nrf_cli.o
    0x00027a58   0x00027a58   0x00000014   Code   RO         1812    i.cli_transport_evt_handler  nrf_cli.o
    0x00027a6c   0x00027a6c   0x0000006c   Code   RO         2234    i.cli_uart_enable   nrf_cli_uart.o
    0x00027ad8   0x00027ad8   0x0000004c   Code   RO         2235    i.cli_uart_init     nrf_cli_uart.o
    0x00027b24   0x00027b24   0x0000000a   Code   RO         2236    i.cli_uart_read     nrf_cli_uart.o
    0x00027b2e   0x00027b2e   0x00000016   Code   RO         2237    i.cli_uart_uninit   nrf_cli_uart.o
    0x00027b44   0x00027b44   0x00000068   Code   RO         2238    i.cli_uart_write    nrf_cli_uart.o
    0x00027bac   0x00027bac   0x00000048   Code   RO            8    i.cli_unknown_param_help  cli.o
    0x00027bf4   0x00027bf4   0x00000058   Code   RO         1813    i.cli_write         nrf_cli.o
    0x00027c4c   0x00027c4c   0x00000088   Code   RO         1814    i.cmd_get           nrf_cli.o
    0x00027cd4   0x00027cd4   0x0000009a   Code   RO         1815    i.cmd_trim          nrf_cli.o
    0x00027d6e   0x00027d6e   0x00000002   PAD
    0x00027d70   0x00027d70   0x000000ac   Code   RO         1251    i.compare_reg_update  app_timer.o
    0x00027e1c   0x00027e1c   0x00000094   Code   RO         1816    i.completion_insert  nrf_cli.o
    0x00027eb0   0x00027eb0   0x00000018   Code   RO         1817    i.cursor_down_move  nrf_cli.o
    0x00027ec8   0x00027ec8   0x00000052   Code   RO         1818    i.cursor_end_position_move  nrf_cli.o
    0x00027f1a   0x00027f1a   0x00000054   Code   RO         1819    i.cursor_home_position_move  nrf_cli.o
    0x00027f6e   0x00027f6e   0x00000026   Code   RO         1820    i.cursor_in_empty_line  nrf_cli.o
    0x00027f94   0x00027f94   0x00000018   Code   RO         1821    i.cursor_left_move  nrf_cli.o
    0x00027fac   0x00027fac   0x00000014   Code   RO         1822    i.cursor_next_line_move  nrf_cli.o
    0x00027fc0   0x00027fc0   0x00000124   Code   RO         1823    i.cursor_position_get  nrf_cli.o
    0x000280e4   0x000280e4   0x0000006a   Code   RO         1824    i.cursor_position_synchronize  nrf_cli.o
    0x0002814e   0x0002814e   0x00000002   PAD
    0x00028150   0x00028150   0x00000018   Code   RO         1825    i.cursor_right_move  nrf_cli.o
    0x00028168   0x00028168   0x00000018   Code   RO         1826    i.cursor_up_move    nrf_cli.o
    0x00028180   0x00028180   0x00000014   Code   RO         3092    i.dropped_sat16_get  nrf_log_frontend.o
    0x00028194   0x00028194   0x00000040   Code   RO         1252    i.elapsed_ticks_acquire  app_timer.o
    0x000281d4   0x000281d4   0x0000004c   Code   RO         2478    i.erase             nrf_fstorage_sd.o
    0x00028220   0x00028220   0x00000090   Code   RO            9    i.erase_cmd         cli.o
    0x000282b0   0x000282b0   0x00000054   Code   RO         2479    i.event_send        nrf_fstorage_sd.o
    0x00028304   0x00028304   0x00000048   Code   RO           10    i.flasharea_cmd     cli.o
    0x0002834c   0x0002834c   0x00000048   Code   RO           11    i.flasharea_cmd_print  cli.o
    0x00028394   0x00028394   0x00000084   Code   RO           12    i.flasharea_cmd_set  cli.o
    0x00028418   0x00028418   0x000000f2   Code   RO         1827    i.format_offset_string_print  nrf_cli.o
    0x0002850a   0x0002850a   0x00000002   PAD
    0x0002850c   0x0002850c   0x000000cc   Code   RO          390    i.fstorage_evt_handler  main.o
    0x000285d8   0x000285d8   0x000000b0   Code   RO           13    i.fstorage_read     cli.o
    0x00028688   0x00028688   0x00000026   Code   RO         1828    i.full_line_cmd     nrf_cli.o
    0x000286ae   0x000286ae   0x00000002   PAD
    0x000286b0   0x000286b0   0x00000144   Code   RO         1829    i.history_handle    nrf_cli.o
    0x000287f4   0x000287f4   0x00000078   Code   RO         1830    i.history_list_element_add  nrf_cli.o
    0x0002886c   0x0002886c   0x00000068   Code   RO         1831    i.history_list_element_oldest_remove  nrf_cli.o
    0x000288d4   0x000288d4   0x00000086   Code   RO         1832    i.history_save      nrf_cli.o
    0x0002895a   0x0002895a   0x00000002   PAD
    0x0002895c   0x0002895c   0x00000034   Code   RO         2480    i.init              nrf_fstorage_sd.o
    0x00028990   0x00028990   0x000000a6   Code   RO         2354    i.int_print         nrf_fprintf_format.o
    0x00028a36   0x00028a36   0x00000002   PAD
    0x00028a38   0x00028a38   0x00000080   Code   RO          950    i.interrupts_enable  nrfx_uarte.o
    0x00028ab8   0x00028ab8   0x00000034   Code   RO         3093    i.invalid_packets_omit  nrf_log_frontend.o
    0x00028aec   0x00028aec   0x00000010   Code   RO         2481    i.is_busy           nrf_fstorage_sd.o
    0x00028afc   0x00028afc   0x000000f8   Code   RO         1253    i.list_insertions_handler  app_timer.o
    0x00028bf4   0x00028bf4   0x0000000c   Code   RO         3094    i.log_backend_ctrl  nrf_log_frontend.o
    0x00028c00   0x00028c00   0x0000000c   Code   RO         3095    i.log_backend_go    nrf_log_frontend.o
    0x00028c0c   0x00028c0c   0x0000000c   Code   RO         3096    i.log_backend_halt  nrf_log_frontend.o
    0x00028c18   0x00028c18   0x0000000c   Code   RO         3097    i.log_backend_status  nrf_log_frontend.o
    0x00028c24   0x00028c24   0x0000005c   Code   RO         3098    i.log_cmd           nrf_log_frontend.o
    0x00028c80   0x00028c80   0x000000c8   Code   RO         3099    i.log_cmd_backends_list  nrf_log_frontend.o
    0x00028d48   0x00028d48   0x0000003c   Code   RO         3100    i.log_config_load_cmd  nrf_log_frontend.o
    0x00028d84   0x00028d84   0x0000003c   Code   RO         3101    i.log_config_store_cmd  nrf_log_frontend.o
    0x00028dc0   0x00028dc0   0x000001cc   Code   RO         3102    i.log_ctrl          nrf_log_frontend.o
    0x00028f8c   0x00028f8c   0x00000008   Code   RO         3103    i.log_go            nrf_log_frontend.o
    0x00028f94   0x00028f94   0x00000008   Code   RO         3104    i.log_halt          nrf_log_frontend.o
    0x00028f9c   0x00028f9c   0x00000010   Code   RO         3105    i.log_self_ctrl     nrf_log_frontend.o
    0x00028fac   0x00028fac   0x0000000a   Code   RO         3106    i.log_self_go       nrf_log_frontend.o
    0x00028fb6   0x00028fb6   0x0000000a   Code   RO         3107    i.log_self_halt     nrf_log_frontend.o
    0x00028fc0   0x00028fc0   0x00000010   Code   RO         3108    i.log_self_status   nrf_log_frontend.o
    0x00028fd0   0x00028fd0   0x0000009c   Code   RO         3109    i.log_skip          nrf_log_frontend.o
    0x0002906c   0x0002906c   0x00000140   Code   RO         3110    i.log_status        nrf_log_frontend.o
    0x000291ac   0x000291ac   0x0000030c   Code   RO          391    i.main              main.o
    0x000294b8   0x000294b8   0x0000015a   Code   RO         1833    i.make_argv         nrf_cli.o
    0x00029612   0x00029612   0x0000007e   Code   RO         2597    i.memobj_op         nrf_memobj.o
    0x00029690   0x00029690   0x00000026   Code   RO         3111    i.module_id_filter_set  nrf_log_frontend.o
    0x000296b6   0x000296b6   0x00000002   PAD
    0x000296b8   0x000296b8   0x00000030   Code   RO         3112    i.module_idx_get    nrf_log_frontend.o
    0x000296e8   0x000296e8   0x0000001c   Code   RO         3113    i.module_name_get   nrf_log_frontend.o
    0x00029704   0x00029704   0x00000050   Code   RO         1834    i.multiline_console_data_check  nrf_cli.o
    0x00029754   0x00029754   0x00000010   Code   RO         1539    i.nrf_atfifo_clear  nrf_atfifo.o
    0x00029764   0x00029764   0x00000026   Code   RO         1541    i.nrf_atfifo_init   nrf_atfifo.o
    0x0002978a   0x0002978a   0x00000016   Code   RO         1542    i.nrf_atfifo_item_alloc  nrf_atfifo.o
    0x000297a0   0x000297a0   0x00000016   Code   RO         1543    i.nrf_atfifo_item_free  nrf_atfifo.o
    0x000297b6   0x000297b6   0x00000016   Code   RO         1544    i.nrf_atfifo_item_get  nrf_atfifo.o
    0x000297cc   0x000297cc   0x00000016   Code   RO         1545    i.nrf_atfifo_item_put  nrf_atfifo.o
    0x000297e2   0x000297e2   0x00000006   Code   RO         1611    i.nrf_atomic_flag_clear  nrf_atomic.o
    0x000297e8   0x000297e8   0x00000006   Code   RO         1612    i.nrf_atomic_flag_clear_fetch  nrf_atomic.o
    0x000297ee   0x000297ee   0x00000006   Code   RO         1613    i.nrf_atomic_flag_set  nrf_atomic.o
    0x000297f4   0x000297f4   0x00000006   Code   RO         1614    i.nrf_atomic_flag_set_fetch  nrf_atomic.o
    0x000297fa   0x000297fa   0x0000000c   Code   RO         1615    i.nrf_atomic_u32_add  nrf_atomic.o
    0x00029806   0x00029806   0x0000000c   Code   RO         1616    i.nrf_atomic_u32_and  nrf_atomic.o
    0x00029812   0x00029812   0x0000000a   Code   RO         1619    i.nrf_atomic_u32_fetch_and  nrf_atomic.o
    0x0002981c   0x0002981c   0x0000000a   Code   RO         1620    i.nrf_atomic_u32_fetch_or  nrf_atomic.o
    0x00029826   0x00029826   0x0000000a   Code   RO         1621    i.nrf_atomic_u32_fetch_store  nrf_atomic.o
    0x00029830   0x00029830   0x0000000c   Code   RO         1625    i.nrf_atomic_u32_or  nrf_atomic.o
    0x0002983c   0x0002983c   0x0000000c   Code   RO         1627    i.nrf_atomic_u32_sub  nrf_atomic.o
    0x00029848   0x00029848   0x00000044   Code   RO         1746    i.nrf_balloc_alloc  nrf_balloc.o
    0x0002988c   0x0002988c   0x00000030   Code   RO         1747    i.nrf_balloc_free   nrf_balloc.o
    0x000298bc   0x000298bc   0x00000030   Code   RO         1748    i.nrf_balloc_init   nrf_balloc.o
    0x000298ec   0x000298ec   0x000000c8   Code   RO         1749    i.nrf_balloc_status  nrf_balloc.o
    0x000299b4   0x000299b4   0x0000007c   Code   RO         3114    i.nrf_cli_backend_cmd_execute  nrf_log_frontend.o
    0x00029a30   0x00029a30   0x0000004c   Code   RO         1835    i.nrf_cli_build_in_cmd_common_executed  nrf_cli.o
    0x00029a7c   0x00029a7c   0x00000044   Code   RO         1836    i.nrf_cli_cmd_clear  nrf_cli.o
    0x00029ac0   0x00029ac0   0x00000044   Code   RO         1837    i.nrf_cli_cmd_cli   nrf_cli.o
    0x00029b04   0x00029b04   0x0000006c   Code   RO         1838    i.nrf_cli_cmd_cli_stats  nrf_cli.o
    0x00029b70   0x00029b70   0x00000030   Code   RO         1839    i.nrf_cli_cmd_cli_stats_reset  nrf_cli.o
    0x00029ba0   0x00029ba0   0x0000008c   Code   RO         1840    i.nrf_cli_cmd_cli_stats_show  nrf_cli.o
    0x00029c2c   0x00029c2c   0x00000068   Code   RO         1841    i.nrf_cli_cmd_colors  nrf_cli.o
    0x00029c94   0x00029c94   0x0000002a   Code   RO         1842    i.nrf_cli_cmd_colors_off  nrf_cli.o
    0x00029cbe   0x00029cbe   0x0000002a   Code   RO         1843    i.nrf_cli_cmd_colors_on  nrf_cli.o
    0x00029ce8   0x00029ce8   0x00000098   Code   RO         1844    i.nrf_cli_cmd_echo  nrf_cli.o
    0x00029d80   0x00029d80   0x0000002a   Code   RO         1845    i.nrf_cli_cmd_echo_off  nrf_cli.o
    0x00029daa   0x00029daa   0x0000002a   Code   RO         1846    i.nrf_cli_cmd_echo_on  nrf_cli.o
    0x00029dd4   0x00029dd4   0x00000078   Code   RO         1847    i.nrf_cli_cmd_history  nrf_cli.o
    0x00029e4c   0x00029e4c   0x000000c4   Code   RO         1848    i.nrf_cli_cmd_resize  nrf_cli.o
    0x00029f10   0x00029f10   0x0000003c   Code   RO         1849    i.nrf_cli_cmd_resize_default  nrf_cli.o
    0x00029f4c   0x00029f4c   0x00000050   Code   RO         1850    i.nrf_cli_fprintf   nrf_cli.o
    0x00029f9c   0x00029f9c   0x00000288   Code   RO         1851    i.nrf_cli_help_print  nrf_cli.o
    0x0002a224   0x0002a224   0x0000000c   Code   RO           14    i.nrf_cli_help_requested  cli.o
    0x0002a230   0x0002a230   0x0000000c   Code   RO         3115    i.nrf_cli_help_requested  nrf_log_frontend.o
    0x0002a23c   0x0002a23c   0x00000032   Code   RO         1852    i.nrf_cli_init      nrf_cli.o
    0x0002a26e   0x0002a26e   0x00000002   PAD
    0x0002a270   0x0002a270   0x000000c0   Code   RO         1853    i.nrf_cli_instance_init  nrf_cli.o
    0x0002a330   0x0002a330   0x00000006   Code   RO         1855    i.nrf_cli_print_stream  nrf_cli.o
    0x0002a336   0x0002a336   0x00000002   PAD
    0x0002a338   0x0002a338   0x00000074   Code   RO         1856    i.nrf_cli_process   nrf_cli.o
    0x0002a3ac   0x0002a3ac   0x00000048   Code   RO         1857    i.nrf_cli_start     nrf_cli.o
    0x0002a3f4   0x0002a3f4   0x00000068   Code   RO          630    i.nrf_drv_uart_init  nrf_drv_uart.o
    0x0002a45c   0x0002a45c   0x00000020   Code   RO         2239    i.nrf_drv_uart_tx   nrf_cli_uart.o
    0x0002a47c   0x0002a47c   0x00000018   Code   RO         2240    i.nrf_drv_uart_uninit  nrf_cli_uart.o
    0x0002a494   0x0002a494   0x0000001a   Code   RO         2323    i.nrf_fprintf       nrf_fprintf.o
    0x0002a4ae   0x0002a4ae   0x00000018   Code   RO         2324    i.nrf_fprintf_buffer_flush  nrf_fprintf.o
    0x0002a4c6   0x0002a4c6   0x000001da   Code   RO         2355    i.nrf_fprintf_fmt   nrf_fprintf_format.o
    0x0002a6a0   0x0002a6a0   0x00000150   Code   RO         2395    i.nrf_fstorage_erase  nrf_fstorage.o
    0x0002a7f0   0x0002a7f0   0x000000a0   Code   RO         2396    i.nrf_fstorage_init  nrf_fstorage.o
    0x0002a890   0x0002a890   0x00000050   Code   RO         2397    i.nrf_fstorage_is_busy  nrf_fstorage.o
    0x0002a8e0   0x0002a8e0   0x00000178   Code   RO         2398    i.nrf_fstorage_read  nrf_fstorage.o
    0x0002aa58   0x0002aa58   0x00000018   Code   RO         2482    i.nrf_fstorage_sdh_req_handler  nrf_fstorage_sd.o
    0x0002aa70   0x0002aa70   0x00000020   Code   RO         2483    i.nrf_fstorage_sdh_state_handler  nrf_fstorage_sd.o
    0x0002aa90   0x0002aa90   0x000000a4   Code   RO         2484    i.nrf_fstorage_sys_evt_handler  nrf_fstorage_sd.o
    0x0002ab34   0x0002ab34   0x00000200   Code   RO         2402    i.nrf_fstorage_write  nrf_fstorage.o
    0x0002ad34   0x0002ad34   0x00000032   Code   RO          747    i.nrf_gpio_cfg      nrfx_uart.o
    0x0002ad66   0x0002ad66   0x00000032   Code   RO          951    i.nrf_gpio_cfg      nrfx_uarte.o
    0x0002ad98   0x0002ad98   0x00000012   Code   RO          748    i.nrf_gpio_cfg_default  nrfx_uart.o
    0x0002adaa   0x0002adaa   0x00000012   Code   RO          952    i.nrf_gpio_cfg_default  nrfx_uarte.o
    0x0002adbc   0x0002adbc   0x00000012   Code   RO          749    i.nrf_gpio_cfg_input  nrfx_uart.o
    0x0002adce   0x0002adce   0x00000012   Code   RO          953    i.nrf_gpio_cfg_input  nrfx_uarte.o
    0x0002ade0   0x0002ade0   0x00000014   Code   RO          750    i.nrf_gpio_cfg_output  nrfx_uart.o
    0x0002adf4   0x0002adf4   0x00000014   Code   RO          954    i.nrf_gpio_cfg_output  nrfx_uarte.o
    0x0002ae08   0x0002ae08   0x0000001c   Code   RO          751    i.nrf_gpio_pin_port_decode  nrfx_uart.o
    0x0002ae24   0x0002ae24   0x0000001c   Code   RO          955    i.nrf_gpio_pin_port_decode  nrfx_uarte.o
    0x0002ae40   0x0002ae40   0x00000014   Code   RO          752    i.nrf_gpio_pin_set  nrfx_uart.o
    0x0002ae54   0x0002ae54   0x00000014   Code   RO          956    i.nrf_gpio_pin_set  nrfx_uarte.o
    0x0002ae68   0x0002ae68   0x00000090   Code   RO         3116    i.nrf_log_backend_add  nrf_log_frontend.o
    0x0002aef8   0x0002aef8   0x0000001e   Code   RO         1861    i.nrf_log_backend_cli_flush  nrf_cli.o
    0x0002af16   0x0002af16   0x0000001e   Code   RO         1862    i.nrf_log_backend_cli_panic_set  nrf_cli.o
    0x0002af34   0x0002af34   0x00000052   Code   RO         1863    i.nrf_log_backend_cli_put  nrf_cli.o
    0x0002af86   0x0002af86   0x000000c8   Code   RO         2949    i.nrf_log_backend_serial_put  nrf_log_backend_serial.o
    0x0002b04e   0x0002b04e   0x00000002   Code   RO         2986    i.nrf_log_backend_uart_flush  nrf_log_backend_uart.o
    0x0002b050   0x0002b050   0x0000002c   Code   RO         2988    i.nrf_log_backend_uart_panic_set  nrf_log_backend_uart.o
    0x0002b07c   0x0002b07c   0x00000018   Code   RO         2989    i.nrf_log_backend_uart_put  nrf_log_backend_uart.o
    0x0002b094   0x0002b094   0x00000030   Code   RO         3118    i.nrf_log_color_id_get  nrf_log_frontend.o
    0x0002b0c4   0x0002b0c4   0x00000278   Code   RO         3119    i.nrf_log_frontend_dequeue  nrf_log_frontend.o
    0x0002b33c   0x0002b33c   0x00000008   Code   RO         3121    i.nrf_log_frontend_std_0  nrf_log_frontend.o
    0x0002b344   0x0002b344   0x0000000e   Code   RO         3122    i.nrf_log_frontend_std_1  nrf_log_frontend.o
    0x0002b352   0x0002b352   0x00000010   Code   RO         3123    i.nrf_log_frontend_std_2  nrf_log_frontend.o
    0x0002b362   0x0002b362   0x00000012   Code   RO         3124    i.nrf_log_frontend_std_3  nrf_log_frontend.o
    0x0002b374   0x0002b374   0x000000ac   Code   RO         3405    i.nrf_log_hexdump_entry_process  nrf_log_str_formatter.o
    0x0002b420   0x0002b420   0x000000b0   Code   RO         3128    i.nrf_log_init      nrf_log_frontend.o
    0x0002b4d0   0x0002b4d0   0x00000014   Code   RO         3129    i.nrf_log_module_cnt_get  nrf_log_frontend.o
    0x0002b4e4   0x0002b4e4   0x00000048   Code   RO         3130    i.nrf_log_module_filter_get  nrf_log_frontend.o
    0x0002b52c   0x0002b52c   0x00000050   Code   RO         3131    i.nrf_log_module_filter_set  nrf_log_frontend.o
    0x0002b57c   0x0002b57c   0x0000001c   Code   RO         3132    i.nrf_log_module_name_get  nrf_log_frontend.o
    0x0002b598   0x0002b598   0x0000002c   Code   RO         3133    i.nrf_log_panic     nrf_log_frontend.o
    0x0002b5c4   0x0002b5c4   0x000000b6   Code   RO         3406    i.nrf_log_std_entry_process  nrf_log_str_formatter.o
    0x0002b67a   0x0002b67a   0x00000060   Code   RO         2598    i.nrf_memobj_alloc  nrf_memobj.o
    0x0002b6da   0x0002b6da   0x00000032   Code   RO         2599    i.nrf_memobj_free   nrf_memobj.o
    0x0002b70c   0x0002b70c   0x00000008   Code   RO         2600    i.nrf_memobj_get    nrf_memobj.o
    0x0002b714   0x0002b714   0x00000004   Code   RO         2601    i.nrf_memobj_pool_init  nrf_memobj.o
    0x0002b718   0x0002b718   0x0000001e   Code   RO         2602    i.nrf_memobj_put    nrf_memobj.o
    0x0002b736   0x0002b736   0x00000010   Code   RO         2603    i.nrf_memobj_read   nrf_memobj.o
    0x0002b746   0x0002b746   0x00000010   Code   RO         2604    i.nrf_memobj_write  nrf_memobj.o
    0x0002b756   0x0002b756   0x0000008e   Code   RO         2694    i.nrf_queue_generic_pop  nrf_queue.o
    0x0002b7e4   0x0002b7e4   0x00000012   Code   RO         2696    i.nrf_queue_is_empty  nrf_queue.o
    0x0002b7f6   0x0002b7f6   0x0000001e   Code   RO         2697    i.nrf_queue_is_full  nrf_queue.o
    0x0002b814   0x0002b814   0x00000006   Code   RO         2698    i.nrf_queue_max_utilization_get  nrf_queue.o
    0x0002b81a   0x0002b81a   0x00000008   Code   RO         2699    i.nrf_queue_max_utilization_reset  nrf_queue.o
    0x0002b822   0x0002b822   0x0000000e   Code   RO         2700    i.nrf_queue_next_idx  nrf_queue.o
    0x0002b830   0x0002b830   0x000000b2   Code   RO         2702    i.nrf_queue_push    nrf_queue.o
    0x0002b8e2   0x0002b8e2   0x00000002   PAD
    0x0002b8e4   0x0002b8e4   0x000000e0   Code   RO         2705    i.nrf_queue_status  nrf_queue.o
    0x0002b9c4   0x0002b9c4   0x00000024   Code   RO         2706    i.nrf_queue_utilization_get  nrf_queue.o
    0x0002b9e8   0x0002b9e8   0x00000070   Code   RO         2821    i.nrf_ringbuf_alloc  nrf_ringbuf.o
    0x0002ba58   0x0002ba58   0x0000007c   Code   RO         2822    i.nrf_ringbuf_cpy_get  nrf_ringbuf.o
    0x0002bad4   0x0002bad4   0x00000072   Code   RO         2823    i.nrf_ringbuf_cpy_put  nrf_ringbuf.o
    0x0002bb46   0x0002bb46   0x00000026   Code   RO         2824    i.nrf_ringbuf_free  nrf_ringbuf.o
    0x0002bb6c   0x0002bb6c   0x00000070   Code   RO         2825    i.nrf_ringbuf_get   nrf_ringbuf.o
    0x0002bbdc   0x0002bbdc   0x0000001c   Code   RO         2826    i.nrf_ringbuf_init  nrf_ringbuf.o
    0x0002bbf8   0x0002bbf8   0x00000030   Code   RO         2827    i.nrf_ringbuf_put   nrf_ringbuf.o
    0x0002bc28   0x0002bc28   0x00000014   Code   RO         3573    i.nrf_sdh_ble_app_ram_start_get  nrf_sdh_ble.o
    0x0002bc3c   0x0002bc3c   0x00000118   Code   RO         3574    i.nrf_sdh_ble_default_cfg_set  nrf_sdh_ble.o
    0x0002bd54   0x0002bd54   0x00000154   Code   RO         3575    i.nrf_sdh_ble_enable  nrf_sdh_ble.o
    0x0002bea8   0x0002bea8   0x0000005c   Code   RO         3576    i.nrf_sdh_ble_evts_poll  nrf_sdh_ble.o
    0x0002bf04   0x0002bf04   0x00000054   Code   RO         3456    i.nrf_sdh_disable_request  nrf_sdh.o
    0x0002bf58   0x0002bf58   0x00000074   Code   RO         3457    i.nrf_sdh_enable_request  nrf_sdh.o
    0x0002bfcc   0x0002bfcc   0x00000024   Code   RO         3458    i.nrf_sdh_evts_poll  nrf_sdh.o
    0x0002bff0   0x0002bff0   0x0000000c   Code   RO         3459    i.nrf_sdh_is_enabled  nrf_sdh.o
    0x0002bffc   0x0002bffc   0x0000001c   Code   RO         3461    i.nrf_sdh_request_continue  nrf_sdh.o
    0x0002c018   0x0002c018   0x0000003c   Code   RO         3625    i.nrf_sdh_soc_evts_poll  nrf_sdh_soc.o
    0x0002c054   0x0002c054   0x0000000a   Code   RO         2881    i.nrf_section_iter_init  nrf_section_iter.o
    0x0002c05e   0x0002c05e   0x00000024   Code   RO         2882    i.nrf_section_iter_item_set  nrf_section_iter.o
    0x0002c082   0x0002c082   0x00000020   Code   RO         2883    i.nrf_section_iter_next  nrf_section_iter.o
    0x0002c0a2   0x0002c0a2   0x00000002   PAD
    0x0002c0a4   0x0002c0a4   0x00000038   Code   RO         2916    i.nrf_strerror_find  nrf_strerror.o
    0x0002c0dc   0x0002c0dc   0x00000014   Code   RO         2917    i.nrf_strerror_get  nrf_strerror.o
    0x0002c0f0   0x0002c0f0   0x0000000a   Code   RO          753    i.nrf_uart_event_check  nrfx_uart.o
    0x0002c0fa   0x0002c0fa   0x0000000c   Code   RO          754    i.nrf_uart_event_clear  nrfx_uart.o
    0x0002c106   0x0002c106   0x0000000c   Code   RO          755    i.nrf_uart_int_enable_check  nrfx_uart.o
    0x0002c112   0x0002c112   0x0000000a   Code   RO          957    i.nrf_uarte_event_check  nrfx_uarte.o
    0x0002c11c   0x0002c11c   0x0000000c   Code   RO          958    i.nrf_uarte_event_clear  nrfx_uarte.o
    0x0002c128   0x0002c128   0x00000010   Code   RO         1254    i.nrfx_coredep_delay_us  app_timer.o
    0x0002c138   0x0002c138   0x00000010   Code   RO          959    i.nrfx_is_in_ram    nrfx_uarte.o
    0x0002c148   0x0002c148   0x0000003a   Code   RO          683    i.nrfx_prs_acquire  nrfx_prs.o
    0x0002c182   0x0002c182   0x00000012   Code   RO          684    i.nrfx_prs_release  nrfx_prs.o
    0x0002c194   0x0002c194   0x00000010   Code   RO          756    i.nrfx_uart_0_irq_handler  nrfx_uart.o
    0x0002c1a4   0x0002c1a4   0x000000d4   Code   RO          758    i.nrfx_uart_init    nrfx_uart.o
    0x0002c278   0x0002c278   0x000000ec   Code   RO          759    i.nrfx_uart_rx      nrfx_uart.o
    0x0002c364   0x0002c364   0x00000012   Code   RO          760    i.nrfx_uart_rx_abort  nrfx_uart.o
    0x0002c376   0x0002c376   0x00000002   PAD
    0x0002c378   0x0002c378   0x000000a4   Code   RO          764    i.nrfx_uart_tx      nrfx_uart.o
    0x0002c41c   0x0002c41c   0x00000020   Code   RO          766    i.nrfx_uart_tx_in_progress  nrfx_uart.o
    0x0002c43c   0x0002c43c   0x000000b4   Code   RO          767    i.nrfx_uart_uninit  nrfx_uart.o
    0x0002c4f0   0x0002c4f0   0x00000010   Code   RO          960    i.nrfx_uarte_0_irq_handler  nrfx_uarte.o
    0x0002c500   0x0002c500   0x0000006c   Code   RO          962    i.nrfx_uarte_init   nrfx_uarte.o
    0x0002c56c   0x0002c56c   0x00000104   Code   RO          963    i.nrfx_uarte_rx     nrfx_uarte.o
    0x0002c670   0x0002c670   0x00000008   Code   RO          964    i.nrfx_uarte_rx_abort  nrfx_uarte.o
    0x0002c678   0x0002c678   0x00000090   Code   RO          966    i.nrfx_uarte_tx     nrfx_uarte.o
    0x0002c708   0x0002c708   0x0000001c   Code   RO          968    i.nrfx_uarte_tx_in_progress  nrfx_uarte.o
    0x0002c724   0x0002c724   0x000000b0   Code   RO          969    i.nrfx_uarte_uninit  nrfx_uarte.o
    0x0002c7d4   0x0002c7d4   0x00000090   Code   RO         1864    i.option_print      nrf_cli.o
    0x0002c864   0x0002c864   0x0000003c   Code   RO         3408    i.postfix_process   nrf_log_str_formatter.o
    0x0002c8a0   0x0002c8a0   0x00000098   Code   RO         3409    i.prefix_process    nrf_log_str_formatter.o
    0x0002c938   0x0002c938   0x000000d8   Code   RO          392    i.print_flash_info  main.o
    0x0002ca10   0x0002ca10   0x00000018   Code   RO          685    i.prs_box_get       nrfx_prs.o
    0x0002ca28   0x0002ca28   0x00000014   Code   RO         2485    i.queue_free        nrf_fstorage_sd.o
    0x0002ca3c   0x0002ca3c   0x000000a0   Code   RO         2486    i.queue_process     nrf_fstorage_sd.o
    0x0002cadc   0x0002cadc   0x00000024   Code   RO         2487    i.queue_start       nrf_fstorage_sd.o
    0x0002cb00   0x0002cb00   0x00000018   Code   RO         2709    i.queue_utilization_get  nrf_queue.o
    0x0002cb18   0x0002cb18   0x0000000e   Code   RO         2488    i.read              nrf_fstorage_sd.o
    0x0002cb26   0x0002cb26   0x00000002   PAD
    0x0002cb28   0x0002cb28   0x00000044   Code   RO           15    i.read_cmd          cli.o
    0x0002cb6c   0x0002cb6c   0x00000060   Code   RO           16    i.read_cmd_hex      cli.o
    0x0002cbcc   0x0002cbcc   0x00000060   Code   RO           17    i.read_cmd_str      cli.o
    0x0002cc2c   0x0002cc2c   0x00000004   Code   RO         2489    i.rmap              nrf_fstorage_sd.o
    0x0002cc30   0x0002cc30   0x0000003c   Code   RO         1255    i.rtc1_stop         app_timer.o
    0x0002cc6c   0x0002cc6c   0x00000032   Code   RO          768    i.rx_byte           nrfx_uart.o
    0x0002cc9e   0x0002cc9e   0x00000016   Code   RO          769    i.rx_done_event     nrfx_uart.o
    0x0002ccb4   0x0002ccb4   0x00000018   Code   RO          970    i.rx_done_event     nrfx_uarte.o
    0x0002cccc   0x0002cccc   0x00000020   Code   RO          770    i.rx_enable         nrfx_uart.o
    0x0002ccec   0x0002ccec   0x00000054   Code   RO         2241    i.rx_try            nrf_cli_uart.o
    0x0002cd40   0x0002cd40   0x00000030   Code   RO         3464    i.sdh_request_observer_notify  nrf_sdh.o
    0x0002cd70   0x0002cd70   0x0000002c   Code   RO         3465    i.sdh_state_observer_notify  nrf_sdh.o
    0x0002cd9c   0x0002cd9c   0x00000040   Code   RO         2990    i.serial_tx         nrf_log_backend_uart.o
    0x0002cddc   0x0002cddc   0x00000024   Code   RO         3135    i.severity_lvl_get  nrf_log_frontend.o
    0x0002ce00   0x0002ce00   0x00000038   Code   RO         3466    i.softdevice_evt_irq_disable  nrf_sdh.o
    0x0002ce38   0x0002ce38   0x00000058   Code   RO         3467    i.softdevices_evt_irq_enable  nrf_sdh.o
    0x0002ce90   0x0002ce90   0x0000008c   Code   RO         3136    i.std_n             nrf_log_frontend.o
    0x0002cf1c   0x0002cf1c   0x00000008   Code   RO         1865    i.string_cmp        nrf_cli.o
    0x0002cf24   0x0002cf24   0x00000060   Code   RO         1866    i.terminal_size_get  nrf_cli.o
    0x0002cf84   0x0002cf84   0x0000001c   Code   RO         2242    i.timer_handler     nrf_cli_uart.o
    0x0002cfa0   0x0002cfa0   0x00000080   Code   RO         1256    i.timer_list_handler  app_timer.o
    0x0002d020   0x0002d020   0x0000003c   Code   RO         1257    i.timer_list_insert  app_timer.o
    0x0002d05c   0x0002d05c   0x00000060   Code   RO         1258    i.timer_list_remove  app_timer.o
    0x0002d0bc   0x0002d0bc   0x00000048   Code   RO         1259    i.timer_stop_op_schedule  app_timer.o
    0x0002d104   0x0002d104   0x00000074   Code   RO         1260    i.timer_timeouts_check  app_timer.o
    0x0002d178   0x0002d178   0x00000020   Code   RO          771    i.tx_byte           nrfx_uart.o
    0x0002d198   0x0002d198   0x0000001a   Code   RO          772    i.tx_done_event     nrfx_uart.o
    0x0002d1b2   0x0002d1b2   0x0000006e   Code   RO         2243    i.uart_event_handler  nrf_cli_uart.o
    0x0002d220   0x0002d220   0x00000030   Code   RO          631    i.uart_evt_handler  nrf_drv_uart.o
    0x0002d250   0x0002d250   0x0000000c   Code   RO         2991    i.uart_evt_handler  nrf_log_backend_uart.o
    0x0002d25c   0x0002d25c   0x00000050   Code   RO         2992    i.uart_init         nrf_log_backend_uart.o
    0x0002d2ac   0x0002d2ac   0x00000128   Code   RO          773    i.uart_irq_handler  nrfx_uart.o
    0x0002d3d4   0x0002d3d4   0x00000030   Code   RO          632    i.uarte_evt_handler  nrf_drv_uart.o
    0x0002d404   0x0002d404   0x000000f4   Code   RO          971    i.uarte_irq_handler  nrfx_uarte.o
    0x0002d4f8   0x0002d4f8   0x00000020   Code   RO         2490    i.uninit            nrf_fstorage_sd.o
    0x0002d518   0x0002d518   0x000000b4   Code   RO         2356    i.unsigned_print    nrf_fprintf_format.o
    0x0002d5cc   0x0002d5cc   0x00000030   Code   RO         1261    i.user_op_alloc     app_timer.o
    0x0002d5fc   0x0002d5fc   0x0000003c   Code   RO         1867    i.vt100_bgcolor_set  nrf_cli.o
    0x0002d638   0x0002d638   0x00000050   Code   RO         1868    i.vt100_color_set   nrf_cli.o
    0x0002d688   0x0002d688   0x00000014   Code   RO          393    i.wait_for_flash_ready  main.o
    0x0002d69c   0x0002d69c   0x00000004   Code   RO         2491    i.wmap              nrf_fstorage_sd.o
    0x0002d6a0   0x0002d6a0   0x00000050   Code   RO         2492    i.write             nrf_fstorage_sd.o
    0x0002d6f0   0x0002d6f0   0x000000e0   Code   RO           18    i.write_cmd         cli.o
    0x0002d7d0   0x0002d7d0   0x00000004   Data   RO           30    .constdata          cli.o
    0x0002d7d4   0x0002d7d4   0x0000000c   Data   RO           31    .constdata          cli.o
    0x0002d7e0   0x0002d7e0   0x0000000c   Data   RO           32    .constdata          cli.o
    0x0002d7ec   0x0002d7ec   0x00000014   Data   RO           33    .constdata          cli.o
    0x0002d800   0x0002d800   0x00000018   Data   RO           34    .constdata          cli.o
    0x0002d818   0x0002d818   0x0000003c   Data   RO           35    .constdata          cli.o
    0x0002d854   0x0002d854   0x00000008   Data   RO           36    .constdata          cli.o
    0x0002d85c   0x0002d85c   0x00000030   Data   RO           37    .constdata          cli.o
    0x0002d88c   0x0002d88c   0x00000008   Data   RO           38    .constdata          cli.o
    0x0002d894   0x0002d894   0x00000030   Data   RO           39    .constdata          cli.o
    0x0002d8c4   0x0002d8c4   0x00000010   Data   RO           40    .constdata          cli.o
    0x0002d8d4   0x0002d8d4   0x00000010   Data   RO           41    .constdata          cli.o
    0x0002d8e4   0x0002d8e4   0x00000010   Data   RO           42    .constdata          cli.o
    0x0002d8f4   0x0002d8f4   0x00000010   Data   RO           43    .constdata          cli.o
    0x0002d904   0x0002d904   0x00000004   Data   RO          776    .constdata          nrfx_uart.o
    0x0002d908   0x0002d908   0x00000004   Data   RO          974    .constdata          nrfx_uarte.o
    0x0002d90c   0x0002d90c   0x00000004   PAD
    0x0002d910   0x0002d910   0x00000006   Data   RO         1263    .constdata          app_timer.o
    0x0002d916   0x0002d916   0x00000002   PAD
    0x0002d918   0x0002d918   0x00000008   Data   RO         1750    .constdata          nrf_balloc.o
    0x0002d920   0x0002d920   0x00000020   Data   RO         1751    .constdata          nrf_balloc.o
    0x0002d940   0x0002d940   0x00000010   Data   RO         1752    .constdata          nrf_balloc.o
    0x0002d950   0x0002d950   0x0000000c   Data   RO         1869    .constdata          nrf_cli.o
    0x0002d95c   0x0002d95c   0x00000008   Data   RO         1870    .constdata          nrf_cli.o
    0x0002d964   0x0002d964   0x00000030   Data   RO         1871    .constdata          nrf_cli.o
    0x0002d994   0x0002d994   0x00000008   Data   RO         1872    .constdata          nrf_cli.o
    0x0002d99c   0x0002d99c   0x00000030   Data   RO         1873    .constdata          nrf_cli.o
    0x0002d9cc   0x0002d9cc   0x00000008   Data   RO         1874    .constdata          nrf_cli.o
    0x0002d9d4   0x0002d9d4   0x00000030   Data   RO         1875    .constdata          nrf_cli.o
    0x0002da04   0x0002da04   0x00000008   Data   RO         1876    .constdata          nrf_cli.o
    0x0002da0c   0x0002da0c   0x00000040   Data   RO         1877    .constdata          nrf_cli.o
    0x0002da4c   0x0002da4c   0x00000008   Data   RO         1878    .constdata          nrf_cli.o
    0x0002da54   0x0002da54   0x00000020   Data   RO         1879    .constdata          nrf_cli.o
    0x0002da74   0x0002da74   0x00000010   Data   RO         1880    .constdata          nrf_cli.o
    0x0002da84   0x0002da84   0x00000010   Data   RO         1881    .constdata          nrf_cli.o
    0x0002da94   0x0002da94   0x00000010   Data   RO         1882    .constdata          nrf_cli.o
    0x0002daa4   0x0002daa4   0x00000010   Data   RO         1883    .constdata          nrf_cli.o
    0x0002dab4   0x0002dab4   0x0000000c   PAD
    0x0002dac0   0x0002dac0   0x00000047   Data   RO         1884    .constdata          nrf_cli.o
    0x0002db07   0x0002db07   0x00000001   PAD
    0x0002db08   0x0002db08   0x00000014   Data   RO         2244    .constdata          nrf_cli_uart.o
    0x0002db1c   0x0002db1c   0x00000010   Data   RO         2357    .constdata          nrf_fprintf_format.o
    0x0002db2c   0x0002db2c   0x0000005e   Data   RO         2403    .constdata          nrf_fstorage.o
    0x0002db8a   0x0002db8a   0x00000002   PAD
    0x0002db8c   0x0002db8c   0x00000010   Data   RO         2494    .constdata          nrf_fstorage_sd.o
    0x0002db9c   0x0002db9c   0x00000020   Data   RO         2495    .constdata          nrf_fstorage_sd.o
    0x0002dbbc   0x0002dbbc   0x00000008   Data   RO         2711    .constdata          nrf_queue.o
    0x0002dbc4   0x0002dbc4   0x00000020   Data   RO         2712    .constdata          nrf_queue.o
    0x0002dbe4   0x0002dbe4   0x00000010   Data   RO         2713    .constdata          nrf_queue.o
    0x0002dbf4   0x0002dbf4   0x0000013c   Data   RO         2918    .constdata          nrf_strerror.o
    0x0002dd30   0x0002dd30   0x0000000c   Data   RO         2994    .constdata          nrf_log_backend_uart.o
    0x0002dd3c   0x0002dd3c   0x00000020   Data   RO         2995    .constdata          nrf_log_backend_uart.o
    0x0002dd5c   0x0002dd5c   0x0000001c   Data   RO         3141    .constdata          nrf_log_frontend.o
    0x0002dd78   0x0002dd78   0x00000008   Data   RO         3142    .constdata          nrf_log_frontend.o
    0x0002dd80   0x0002dd80   0x00000060   Data   RO         3143    .constdata          nrf_log_frontend.o
    0x0002dde0   0x0002dde0   0x00000008   Data   RO         3144    .constdata          nrf_log_frontend.o
    0x0002dde8   0x0002dde8   0x00000008   Data   RO         3145    .constdata          nrf_log_frontend.o
    0x0002ddf0   0x0002ddf0   0x00000030   Data   RO         3146    .constdata          nrf_log_frontend.o
    0x0002de20   0x0002de20   0x00000008   Data   RO         3147    .constdata          nrf_log_frontend.o
    0x0002de28   0x0002de28   0x00000090   Data   RO         3148    .constdata          nrf_log_frontend.o
    0x0002deb8   0x0002deb8   0x00000010   Data   RO         3149    .constdata          nrf_log_frontend.o
    0x0002dec8   0x0002dec8   0x00000010   Data   RO         3468    .constdata          nrf_sdh.o
    0x0002ded8   0x0002ded8   0x00000028   Data   RO         3469    .constdata          nrf_sdh.o
    0x0002df00   0x0002df00   0x00000010   Data   RO         3470    .constdata          nrf_sdh.o
    0x0002df10   0x0002df10   0x00000010   Data   RO         3471    .constdata          nrf_sdh.o
    0x0002df20   0x0002df20   0x00000020   Data   RO         3577    .constdata          nrf_sdh_ble.o
    0x0002df40   0x0002df40   0x00000010   Data   RO         3578    .constdata          nrf_sdh_ble.o
    0x0002df50   0x0002df50   0x00000010   Data   RO         3626    .constdata          nrf_sdh_soc.o
    0x0002df60   0x0002df60   0x0000000c   Data   RO         3627    .constdata          nrf_sdh_soc.o
    0x0002df6c   0x0002df6c   0x00000081   Data   RO         3702    .constdata          mc_w.l(ctype_o.o)
    0x0002dfed   0x0002dfed   0x00000003   PAD
    0x0002dff0   0x0002dff0   0x00000004   Data   RO         3703    .constdata          mc_w.l(ctype_o.o)
    0x0002dff4   0x0002dff4   0x00000015   Data   RO           44    .conststring        cli.o
    0x0002e009   0x0002e009   0x00000003   PAD
    0x0002e00c   0x0002e00c   0x0000011c   Data   RO           45    .conststring        cli.o
    0x0002e128   0x0002e128   0x000000ee   Data   RO           46    .conststring        cli.o
    0x0002e216   0x0002e216   0x00000002   PAD
    0x0002e218   0x0002e218   0x0000003c   Data   RO           47    .conststring        cli.o
    0x0002e254   0x0002e254   0x00000094   Data   RO           48    .conststring        cli.o
    0x0002e2e8   0x0002e2e8   0x00000092   Data   RO           49    .conststring        cli.o
    0x0002e37a   0x0002e37a   0x00000002   PAD
    0x0002e37c   0x0002e37c   0x0000006d   Data   RO           50    .conststring        cli.o
    0x0002e3e9   0x0002e3e9   0x00000003   PAD
    0x0002e3ec   0x0002e3ec   0x00000086   Data   RO          394    .conststring        main.o
    0x0002e472   0x0002e472   0x00000002   PAD
    0x0002e474   0x0002e474   0x0000002b   Data   RO         1753    .conststring        nrf_balloc.o
    0x0002e49f   0x0002e49f   0x00000001   PAD
    0x0002e4a0   0x0002e4a0   0x00000027   Data   RO         1754    .conststring        nrf_balloc.o
    0x0002e4c7   0x0002e4c7   0x00000001   PAD
    0x0002e4c8   0x0002e4c8   0x0000008e   Data   RO         1755    .conststring        nrf_balloc.o
    0x0002e556   0x0002e556   0x00000002   PAD
    0x0002e558   0x0002e558   0x00000037   Data   RO         1885    .conststring        nrf_cli.o
    0x0002e58f   0x0002e58f   0x00000001   PAD
    0x0002e590   0x0002e590   0x0000006d   Data   RO         1886    .conststring        nrf_cli.o
    0x0002e5fd   0x0002e5fd   0x00000003   PAD
    0x0002e600   0x0002e600   0x00000065   Data   RO         1887    .conststring        nrf_cli.o
    0x0002e665   0x0002e665   0x00000003   PAD
    0x0002e668   0x0002e668   0x00000052   Data   RO         1888    .conststring        nrf_cli.o
    0x0002e6ba   0x0002e6ba   0x00000002   PAD
    0x0002e6bc   0x0002e6bc   0x0000004c   Data   RO         1889    .conststring        nrf_cli.o
    0x0002e708   0x0002e708   0x00000016   Data   RO         1890    .conststring        nrf_cli.o
    0x0002e71e   0x0002e71e   0x00000002   PAD
    0x0002e720   0x0002e720   0x00000028   Data   RO         1891    .conststring        nrf_cli.o
    0x0002e748   0x0002e748   0x0000001c   Data   RO         1892    .conststring        nrf_cli.o
    0x0002e764   0x0002e764   0x000000a7   Data   RO         1893    .conststring        nrf_cli.o
    0x0002e80b   0x0002e80b   0x00000001   PAD
    0x0002e80c   0x0002e80c   0x00000003   Data   RO         1894    .conststring        nrf_cli.o
    0x0002e80f   0x0002e80f   0x00000001   PAD
    0x0002e810   0x0002e810   0x0000004f   Data   RO         2404    .conststring        nrf_fstorage.o
    0x0002e85f   0x0002e85f   0x00000001   PAD
    0x0002e860   0x0002e860   0x00000021   Data   RO         2714    .conststring        nrf_queue.o
    0x0002e881   0x0002e881   0x00000003   PAD
    0x0002e884   0x0002e884   0x00000006   Data   RO         2715    .conststring        nrf_queue.o
    0x0002e88a   0x0002e88a   0x00000002   PAD
    0x0002e88c   0x0002e88c   0x0000007c   Data   RO         2716    .conststring        nrf_queue.o
    0x0002e908   0x0002e908   0x000003eb   Data   RO         2919    .conststring        nrf_strerror.o
    0x0002ecf3   0x0002ecf3   0x00000001   PAD
    0x0002ecf4   0x0002ecf4   0x00000026   Data   RO         3150    .conststring        nrf_log_frontend.o
    0x0002ed1a   0x0002ed1a   0x00000002   PAD
    0x0002ed1c   0x0002ed1c   0x00000139   Data   RO         3151    .conststring        nrf_log_frontend.o
    0x0002ee55   0x0002ee55   0x00000003   PAD
    0x0002ee58   0x0002ee58   0x00000076   Data   RO         3152    .conststring        nrf_log_frontend.o
    0x0002eece   0x0002eece   0x00000002   PAD
    0x0002eed0   0x0002eed0   0x0000006e   Data   RO         3153    .conststring        nrf_log_frontend.o
    0x0002ef3e   0x0002ef3e   0x00000002   PAD
    0x0002ef40   0x0002ef40   0x00000024   Data   RO         3154    .conststring        nrf_log_frontend.o
    0x0002ef64   0x0002ef64   0x00000048   Data   RO         3410    .conststring        nrf_log_str_formatter.o
    0x0002efac   0x0002efac   0x00000188   Data   RO         3579    .conststring        nrf_sdh_ble.o
    0x0002f134   0x0002f134   0x0000009b   Data   RO           51    .conststrlit        cli.o
    0x0002f1cf   0x0002f1cf   0x00000001   PAD
    0x0002f1d0   0x0002f1d0   0x00000004   Data   RO          687    .conststrlit        nrfx_prs.o
    0x0002f1d4   0x0002f1d4   0x00000005   Data   RO          779    .conststrlit        nrfx_uart.o
    0x0002f1d9   0x0002f1d9   0x00000003   PAD
    0x0002f1dc   0x0002f1dc   0x00000006   Data   RO          977    .conststrlit        nrfx_uarte.o
    0x0002f1e2   0x0002f1e2   0x00000002   PAD
    0x0002f1e4   0x0002f1e4   0x00000009   Data   RO         2245    .conststrlit        nrf_cli_uart.o
    0x0002f1ed   0x0002f1ed   0x00000003   PAD
    0x0002f1f0   0x0002f1f0   0x0000000d   Data   RO         2405    .conststrlit        nrf_fstorage.o
    0x0002f1fd   0x0002f1fd   0x00000003   PAD
    0x0002f200   0x0002f200   0x0000000e   Data   RO         2496    .conststrlit        nrf_fstorage_sd.o
    0x0002f20e   0x0002f20e   0x00000002   PAD
    0x0002f210   0x0002f210   0x00000011   Data   RO         3054    .conststrlit        nrf_log_default_backends.o
    0x0002f221   0x0002f221   0x00000003   PAD
    0x0002f224   0x0002f224   0x00000024   Data   RO         3155    .conststrlit        nrf_log_frontend.o
    0x0002f248   0x0002f248   0x00000008   Data   RO         3472    .conststrlit        nrf_sdh.o
    0x0002f250   0x0002f250   0x0000000c   Data   RO         3580    .conststrlit        nrf_sdh_ble.o
    0x0002f25c   0x0002f25c   0x0000000c   Data   RO         3628    .conststrlit        nrf_sdh_soc.o
    0x0002f268   0x0002f268   0x00000020   Data   RO         3782    Region$$Table       anon$$obj.o
    0x0002f288   0x0002f288   0x00000020   Data   RO           57    cli_command         cli.o
    0x0002f2a8   0x0002f2a8   0x00000008   Data   RO         1756    cli_command         nrf_balloc.o
    0x0002f2b0   0x0002f2b0   0x00000020   Data   RO         1896    cli_command         nrf_cli.o
    0x0002f2d0   0x0002f2d0   0x00000008   Data   RO         2717    cli_command         nrf_queue.o
    0x0002f2d8   0x0002f2d8   0x00000008   Data   RO         3159    cli_command         nrf_log_frontend.o
    0x0002f2e0   0x0002f2e0   0x00000010   Data   RO           59    log_backends        cli.o
    0x0002f2f0   0x0002f2f0   0x00000010   Data   RO         3056    log_backends        nrf_log_default_backends.o
    0x0002f300   0x0002f300   0x00000010   Data   RO           60    log_const_data      cli.o
    0x0002f310   0x0002f310   0x00000008   Data   RO          689    log_const_data      nrfx_prs.o
    0x0002f318   0x0002f318   0x00000008   Data   RO          780    log_const_data      nrfx_uart.o
    0x0002f320   0x0002f320   0x00000008   Data   RO          978    log_const_data      nrfx_uarte.o
    0x0002f328   0x0002f328   0x00000008   Data   RO         2246    log_const_data      nrf_cli_uart.o
    0x0002f330   0x0002f330   0x00000008   Data   RO         2406    log_const_data      nrf_fstorage.o
    0x0002f338   0x0002f338   0x00000008   Data   RO         2499    log_const_data      nrf_fstorage_sd.o
    0x0002f340   0x0002f340   0x00000010   Data   RO         3161    log_const_data      nrf_log_frontend.o
    0x0002f350   0x0002f350   0x00000008   Data   RO         3474    log_const_data      nrf_sdh.o
    0x0002f358   0x0002f358   0x00000008   Data   RO         3582    log_const_data      nrf_sdh_ble.o
    0x0002f360   0x0002f360   0x00000008   Data   RO         3629    log_const_data      nrf_sdh_soc.o
    0x0002f368   0x0002f368   0x0000001c   Data   RO           63    nrf_balloc          cli.o
    0x0002f384   0x0002f384   0x0000001c   Data   RO         3164    nrf_balloc          nrf_log_frontend.o
    0x0002f3a0   0x0002f3a0   0x0000001c   Data   RO           64    nrf_queue           cli.o
    0x0002f3bc   0x0002f3bc   0x00000008   Data   RO         2502    sdh_req_observers0  nrf_fstorage_sd.o
    0x0002f3c4   0x0002f3c4   0x00000008   Data   RO         2503    sdh_soc_observers0  nrf_fstorage_sd.o
    0x0002f3cc   0x0002f3cc   0x00000008   Data   RO         3585    sdh_stack_observers0  nrf_sdh_ble.o
    0x0002f3d4   0x0002f3d4   0x00000008   Data   RO         3632    sdh_stack_observers0  nrf_sdh_soc.o
    0x0002f3dc   0x0002f3dc   0x00000008   Data   RO         2504    sdh_state_observers0  nrf_fstorage_sd.o


    Execution Region RW_IRAM1 (Exec base: 0x20002210, Load base: 0x0002f3e4, Size: 0x00002ec8, Max: 0x0003ddf0, ABSOLUTE, COMPRESSED[0x00000088])

    Exec Addr    Load Addr    Size         Type   Attr      Idx    E Section Name        Object

    0x20002210   COMPRESSED   0x00000018   Data   RW           52    .data               cli.o
    0x20002228   COMPRESSED   0x0000000c   Data   RW           53    .data               cli.o
    0x20002234   COMPRESSED   0x00000008   Data   RW           54    .data               cli.o
    0x2000223c   COMPRESSED   0x00000008   Data   RW           55    .data               cli.o
    0x20002244   COMPRESSED   0x00000008   Data   RW           56    .data               cli.o
    0x2000224c   COMPRESSED   0x00000010   Data   RW          395    .data               main.o
    0x2000225c   COMPRESSED   0x00000014   Data   RW          633    .data               nrf_drv_uart.o
    0x20002270   COMPRESSED   0x00000008   Data   RW          688    .data               nrfx_prs.o
    0x20002278   COMPRESSED   0x00000014   Data   RW         1264    .data               app_timer.o
    0x2000228c   COMPRESSED   0x00000004   Data   RW         1895    .data               nrf_cli.o
    0x20002290   COMPRESSED   0x00000014   Data   RW         2497    .data               nrf_fstorage_sd.o
    0x200022a4   COMPRESSED   0x00000008   Data   RW         2498    .data               nrf_fstorage_sd.o
    0x200022ac   COMPRESSED   0x00000018   Data   RW         2996    .data               nrf_log_backend_uart.o
    0x200022c4   COMPRESSED   0x00000008   Data   RW         3055    .data               nrf_log_default_backends.o
    0x200022cc   COMPRESSED   0x00000028   Data   RW         3156    .data               nrf_log_frontend.o
    0x200022f4   COMPRESSED   0x00000008   Data   RW         3157    .data               nrf_log_frontend.o
    0x200022fc   COMPRESSED   0x00000008   Data   RW         3158    .data               nrf_log_frontend.o
    0x20002304   COMPRESSED   0x00000040   Data   RW         3411    .data               nrf_log_str_formatter.o
    0x20002344   COMPRESSED   0x00000003   Data   RW         3473    .data               nrf_sdh.o
    0x20002347   COMPRESSED   0x00000001   Data   RW         3581    .data               nrf_sdh_ble.o
    0x20002348   COMPRESSED   0x00000004   Data   RW         3667    .data               system_nrf52840.o
    0x2000234c   COMPRESSED   0x00000004   Data   RW         3772    .data               mc_w.l(errno.o)
    0x20002350   COMPRESSED   0x00000010   Data   RW           58    cli_sorted_cmd_ptrs  cli.o
    0x20002360   COMPRESSED   0x00000004   Data   RW         1757    cli_sorted_cmd_ptrs  nrf_balloc.o
    0x20002364   COMPRESSED   0x00000010   Data   RW         1897    cli_sorted_cmd_ptrs  nrf_cli.o
    0x20002374   COMPRESSED   0x00000004   Data   RW         2718    cli_sorted_cmd_ptrs  nrf_queue.o
    0x20002378   COMPRESSED   0x00000004   Data   RW         3160    cli_sorted_cmd_ptrs  nrf_log_frontend.o
    0x2000237c   COMPRESSED   0x00000014   Data   RW          396    fs_data             main.o
    0x20002390   COMPRESSED   0x00000008   Data   RW           61    log_dynamic_data    cli.o
    0x20002398   COMPRESSED   0x00000004   Data   RW          690    log_dynamic_data    nrfx_prs.o
    0x2000239c   COMPRESSED   0x00000004   Data   RW          781    log_dynamic_data    nrfx_uart.o
    0x200023a0   COMPRESSED   0x00000004   Data   RW          979    log_dynamic_data    nrfx_uarte.o
    0x200023a4   COMPRESSED   0x00000004   Data   RW         2247    log_dynamic_data    nrf_cli_uart.o
    0x200023a8   COMPRESSED   0x00000004   Data   RW         2407    log_dynamic_data    nrf_fstorage.o
    0x200023ac   COMPRESSED   0x00000004   Data   RW         2500    log_dynamic_data    nrf_fstorage_sd.o
    0x200023b0   COMPRESSED   0x00000008   Data   RW         3162    log_dynamic_data    nrf_log_frontend.o
    0x200023b8   COMPRESSED   0x00000004   Data   RW         3475    log_dynamic_data    nrf_sdh.o
    0x200023bc   COMPRESSED   0x00000004   Data   RW         3583    log_dynamic_data    nrf_sdh_ble.o
    0x200023c0   COMPRESSED   0x00000004   Data   RW         3630    log_dynamic_data    nrf_sdh_soc.o
    0x200023c4   COMPRESSED   0x00000008   Data   RW           62    log_filter_data     cli.o
    0x200023cc   COMPRESSED   0x00000004   Data   RW          691    log_filter_data     nrfx_prs.o
    0x200023d0   COMPRESSED   0x00000004   Data   RW          782    log_filter_data     nrfx_uart.o
    0x200023d4   COMPRESSED   0x00000004   Data   RW          980    log_filter_data     nrfx_uarte.o
    0x200023d8   COMPRESSED   0x00000004   Data   RW         2248    log_filter_data     nrf_cli_uart.o
    0x200023dc   COMPRESSED   0x00000004   Data   RW         2408    log_filter_data     nrf_fstorage.o
    0x200023e0   COMPRESSED   0x00000004   Data   RW         2501    log_filter_data     nrf_fstorage_sd.o
    0x200023e4   COMPRESSED   0x00000008   Data   RW         3163    log_filter_data     nrf_log_frontend.o
    0x200023ec   COMPRESSED   0x00000004   Data   RW         3476    log_filter_data     nrf_sdh.o
    0x200023f0   COMPRESSED   0x00000004   Data   RW         3584    log_filter_data     nrf_sdh_ble.o
    0x200023f4   COMPRESSED   0x00000004   Data   RW         3631    log_filter_data     nrf_sdh_soc.o
    0x200023f8        -       0x00000020   Zero   RW           19    .bss                cli.o
    0x20002418        -       0x00000100   Zero   RW           20    .bss                cli.o
    0x20002518        -       0x00000040   Zero   RW           21    .bss                cli.o
    0x20002558        -       0x00000018   Zero   RW           22    .bss                cli.o
    0x20002570        -       0x00000080   Zero   RW           23    .bss                cli.o
    0x200025f0        -       0x00000018   Zero   RW           24    .bss                cli.o
    0x20002608        -       0x0000002c   Zero   RW           25    .bss                cli.o
    0x20002634        -       0x00000140   Zero   RW           26    .bss                cli.o
    0x20002774        -       0x00000014   Zero   RW           27    .bss                cli.o
    0x20002788        -       0x0000000c   Zero   RW           28    .bss                cli.o
    0x20002794        -       0x00000180   Zero   RW           29    .bss                cli.o
    0x20002914        -       0x0000002c   Zero   RW          774    .bss                nrfx_uart.o
    0x20002940        -       0x00000024   Zero   RW          972    .bss                nrfx_uarte.o
    0x20002964        -       0x0000010c   Zero   RW         1262    .bss                app_timer.o
    0x20002a70        -       0x0000000c   Zero   RW         1415    .bss                app_util_platform.o
    0x20002a7c        -       0x000000a0   Zero   RW         2493    .bss                nrf_fstorage_sd.o
    0x20002b1c        -       0x00000040   Zero   RW         2993    .bss                nrf_log_backend_uart.o
    0x20002b5c        -       0x000000c0   Zero   RW         3137    .bss                nrf_log_frontend.o
    0x20002c1c        -       0x00000080   Zero   RW         3138    .bss                nrf_log_frontend.o
    0x20002c9c        -       0x00000018   Zero   RW         3139    .bss                nrf_log_frontend.o
    0x20002cb4        -       0x00000424   Zero   RW         3140    .bss                nrf_log_frontend.o
    0x200030d8        -       0x00002000   Zero   RW         3655    STACK               arm_startup_nrf52840.o


==============================================================================

Image component sizes


      Code (inc. data)   RO Data    RW Data    ZI Data      Debug   Object Name

        22          0          0          0          0       2477   app_error.o
       148         50          0          0          0      30605   app_error_weak.o
      1510        118          6         20        268      48751   app_timer.o
       124         14          0          0         12       9650   app_util_platform.o
        36          8        512          0       8192        944   arm_startup_nrf52840.o
         0          0          0          0          0      40056   boards.o
      1332        394       1589         92       1308     105048   cli.o
      1220        596        134         36          0      61285   main.o
       342          0          0          0          0       8814   nrf_atfifo.o
       328          0          0          0          0      10191   nrf_atomic.o
       364         32        288          4          0       5593   nrf_balloc.o
      8622        908       1142         20          0      76676   nrf_cli.o
       598         38         37          8          0      21851   nrf_cli_uart.o
       200         26          0         20          0      17988   nrf_drv_uart.o
        50          0          0          0          0       2017   nrf_fprintf.o
       850          4         16          0          0       5538   nrf_fprintf_format.o
      1500        608        194          8          0       9592   nrf_fstorage.o
       798         82         94         36        160      18138   nrf_fstorage_sd.o
       200          0          0          0          0      10925   nrf_log_backend_serial.o
       226         44         44         24         64       9418   nrf_log_backend_uart.o
         0          0         33          8          0       2541   nrf_log_default_backends.o
      3498        742       1067         76       1404      60532   nrf_log_frontend.o
       566        108         72         64          0       5700   nrf_log_str_formatter.o
       346          0          0          0          0       9679   nrf_memobj.o
       680         56        227          4          0      10479   nrf_queue.o
       576          0          0          0          0       7710   nrf_ringbuf.o
       552         60        104         11          0      42099   nrf_sdh.o
       732        238        468          9          0       6180   nrf_sdh_ble.o
        60          4         56          8          0       2699   nrf_sdh_soc.o
        78          0          0          0          0       2832   nrf_section_iter.o
        76         10       1319          0          0       2791   nrf_strerror.o
       112         16         12         16          0       5991   nrfx_prs.o
      1622         52         17          8         44      62481   nrfx_uart.o
      1446         54         18          8         36      28252   nrfx_uarte.o
       476         60          0          4          0       2387   system_nrf52840.o

    ----------------------------------------------------------------------
     29326       4322       7564        484      11488     747910   Object Totals
         0          0         32          0          0          0   (incl. Generated)
        36          0         83          0          0          0   (incl. Padding)

    ----------------------------------------------------------------------

      Code (inc. data)   RO Data    RW Data    ZI Data      Debug   Library Member Name

        86          0          0          0          0          0   __dczerorl2.o
        28          0          0          0          0         68   _chval.o
       158          0          0          0          0         92   _strtoul.o
         8          4        133          0          0         68   ctype_o.o
         0          0          0          0          0          0   entry.o
         0          0          0          0          0          0   entry10a.o
         0          0          0          0          0          0   entry11a.o
         8          4          0          0          0          0   entry2.o
         4          0          0          0          0          0   entry5.o
         0          0          0          0          0          0   entry7b.o
         0          0          0          0          0          0   entry8b.o
         8          4          0          0          0          0   entry9a.o
         8          4          0          4          0         68   errno.o
        30          0          0          0          0          0   handlers.o
        36          8          0          0          0         68   init.o
        64          0          0          0          0         76   memmovea.o
        36          0          0          0          0        108   memseta.o
       156          0          0          0          0         88   qsort.o
        28          0          0          0          0         76   strcmp.o
        18          0          0          0          0         68   strcpy.o
        14          0          0          0          0         68   strlen.o
        30          0          0          0          0         80   strncmp.o
       112          0          0          0          0         88   strtol.o

    ----------------------------------------------------------------------
       834         24        136          4          0       1016   Library Totals
         2          0          3          0          0          0   (incl. Padding)

    ----------------------------------------------------------------------

      Code (inc. data)   RO Data    RW Data    ZI Data      Debug   Library Name

       832         24        133          4          0       1016   mc_w.l

    ----------------------------------------------------------------------
       834         24        136          4          0       1016   Library Totals

    ----------------------------------------------------------------------

==============================================================================


      Code (inc. data)   RO Data    RW Data    ZI Data      Debug   

     30160       4346       7700        488      11488     717194   Grand Totals
     30160       4346       7700        136      11488     717194   ELF Image Totals (compressed)
     30160       4346       7700        136          0          0   ROM Totals

==============================================================================

    Total RO  Size (Code + RO Data)                37860 (  36.97kB)
    Total RW  Size (RW Data + ZI Data)             11976 (  11.70kB)
    Total ROM Size (Code + RO Data + RW Data)      37996 (  37.11kB)

==============================================================================

