<!doctype html public "-//w3c//dtd html 4.0 transitional//en">
<html><head>
<title>Static Call Graph - [.\_build\nrf52840_xxaa_mbr.axf]</title></head>
<body><HR>
<H1>Static Call Graph for image .\_build\nrf52840_xxaa_mbr.axf</H1><HR>
<BR><P>#&#060CALLGRAPH&#062# ARM Linker, 5060750: Last Updated: Sat May 17 01:04:56 2025
<BR><P>
<H3>Maximum Stack Usage =        496 bytes + Unknown(Functions without stacksize, Cycles, Untraceable Function Pointers)</H3><H3>
Call chain for Maximum Stack Depth:</H3>
main &rArr; nrf_bootloader_init &rArr; nrf_bootloader_fw_activate &rArr; sd_bl_activate &rArr; sd_activate &rArr; image_copy &rArr; nrf_dfu_settings_write &rArr; nrf_dfu_flash_store &rArr; nrf_log_frontend_std_4 &rArr; std_n &rArr; nrf_log_frontend_dequeue &rArr; nrf_memobj_alloc &rArr; nrf_memobj_free &rArr; nrf_balloc_free &rArr; app_util_critical_region_exit &rArr; assert_nrf_callback &rArr; app_error_fault_handler &rArr; nrf_log_frontend_std_3 &rArr;  std_n (Cycle)
<P>
<H3>
Functions with no stack information
</H3><UL>
 <LI><a href="#[33]">CRYPTOCELL_IRQHandler</a>
 <LI><a href="#[82]">CRYS_COMMON_ReverseMemcpy32</a>
 <LI><a href="#[6e]">PkaAddAff</a>
 <LI><a href="#[7b]">PkaAddJcbAfn2Mdf</a>
 <LI><a href="#[73]">PkaClearBlockOfRegs</a>
 <LI><a href="#[84]">PkaCopyDataIntoPkaReg</a>
 <LI><a href="#[7a]">PkaDoubleMdf2Jcb</a>
 <LI><a href="#[79]">PkaDoubleMdf2Mdf</a>
 <LI><a href="#[70]">PkaEcdsaVerify</a>
 <LI><a href="#[72]">PkaFinishAndMutexUnlock</a>
 <LI><a href="#[78]">PkaGetNextMsBit</a>
 <LI><a href="#[77]">PkaGetRegEffectiveSizeInBits</a>
 <LI><a href="#[83]">PkaInitAndMutexLock</a>
 <LI><a href="#[74]">PkaInitPka</a>
 <LI><a href="#[6f]">PkaJcb2Afn</a>
 <LI><a href="#[75]">PkaSetRegsMapTab</a>
 <LI><a href="#[76]">PkaSetRegsSizesTab</a>
 <LI><a href="#[71]">PkaSum2ScalarMullt</a>
 <LI><a href="#[8c]">SaSi_HalClearInterruptBit</a>
 <LI><a href="#[8d]">SaSi_HalMaskInterrupt</a>
 <LI><a href="#[8e]">SaSi_HalWaitInterrupt</a>
 <LI><a href="#[7c]">SaSi_PalMemCopy</a>
 <LI><a href="#[7e]">SaSi_PalMemSet</a>
 <LI><a href="#[7f]">SaSi_PalMemSetZero</a>
 <LI><a href="#[80]">nrf_cc310_bl_ecdsa_verify_hash_secp256r1</a>
 <LI><a href="#[85]">nrf_cc310_bl_ecdsa_verify_init_secp256r1</a>
 <LI><a href="#[86]">nrf_cc310_bl_ecdsa_verify_secp256r1</a>
 <LI><a href="#[87]">nrf_cc310_bl_hash_sha256_finalize</a>
 <LI><a href="#[8a]">nrf_cc310_bl_hash_sha256_init</a>
 <LI><a href="#[8b]">nrf_cc310_bl_hash_sha256_update</a>
 <LI><a href="#[89]">nrf_cc310_bl_hash_update_internal</a>
 <LI><a href="#[c4]">nrf_cc310_bl_init</a>
 <LI><a href="#[81]">verify_context_ecdsa_verify_secp256r1</a>
 <LI><a href="#[62]">set_digest_in_hw_sha256</a>
 <LI><a href="#[63]">read_digest_in_hw_sha256</a>
 <LI><a href="#[88]">verify_context_hash_sha256</a>
</UL>
</UL>
<P>
<H3>
Mutually Recursive functions
</H3> <LI><a href="#[2]">NMI_Handler</a>&nbsp;&nbsp;&nbsp;&rArr;&nbsp;&nbsp;&nbsp;<a href="#[2]">NMI_Handler</a><BR>
 <LI><a href="#[3]">HardFault_Handler</a>&nbsp;&nbsp;&nbsp;&rArr;&nbsp;&nbsp;&nbsp;<a href="#[3]">HardFault_Handler</a><BR>
 <LI><a href="#[4]">MemoryManagement_Handler</a>&nbsp;&nbsp;&nbsp;&rArr;&nbsp;&nbsp;&nbsp;<a href="#[4]">MemoryManagement_Handler</a><BR>
 <LI><a href="#[5]">BusFault_Handler</a>&nbsp;&nbsp;&nbsp;&rArr;&nbsp;&nbsp;&nbsp;<a href="#[5]">BusFault_Handler</a><BR>
 <LI><a href="#[6]">UsageFault_Handler</a>&nbsp;&nbsp;&nbsp;&rArr;&nbsp;&nbsp;&nbsp;<a href="#[6]">UsageFault_Handler</a><BR>
 <LI><a href="#[7]">SVC_Handler</a>&nbsp;&nbsp;&nbsp;&rArr;&nbsp;&nbsp;&nbsp;<a href="#[7]">SVC_Handler</a><BR>
 <LI><a href="#[8]">DebugMon_Handler</a>&nbsp;&nbsp;&nbsp;&rArr;&nbsp;&nbsp;&nbsp;<a href="#[8]">DebugMon_Handler</a><BR>
 <LI><a href="#[9]">PendSV_Handler</a>&nbsp;&nbsp;&nbsp;&rArr;&nbsp;&nbsp;&nbsp;<a href="#[9]">PendSV_Handler</a><BR>
 <LI><a href="#[a]">SysTick_Handler</a>&nbsp;&nbsp;&nbsp;&rArr;&nbsp;&nbsp;&nbsp;<a href="#[a]">SysTick_Handler</a><BR>
 <LI><a href="#[1a]">CCM_AAR_IRQHandler</a>&nbsp;&nbsp;&nbsp;&rArr;&nbsp;&nbsp;&nbsp;<a href="#[1a]">CCM_AAR_IRQHandler</a><BR>
 <LI><a href="#[a0]">nrf_log_frontend_std_0</a>&nbsp;&nbsp;&nbsp;&rArr;&nbsp;&nbsp;&nbsp;<a href="#[166]">std_n</a><BR>
 <LI><a href="#[a1]">nrf_log_frontend_std_3</a>&nbsp;&nbsp;&nbsp;&rArr;&nbsp;&nbsp;&nbsp;<a href="#[166]">std_n</a><BR>
 <LI><a href="#[a8]">on_error</a>&nbsp;&nbsp;&nbsp;&rArr;&nbsp;&nbsp;&nbsp;<a href="#[9b]">nrf_log_frontend_dequeue</a><BR>
 <LI><a href="#[17c]">pb_read</a>&nbsp;&nbsp;&nbsp;&rArr;&nbsp;&nbsp;&nbsp;<a href="#[17c]">pb_read</a><BR>
 <LI><a href="#[188]">pb_field_set_to_default</a>&nbsp;&nbsp;&nbsp;&rArr;&nbsp;&nbsp;&nbsp;<a href="#[cd]">pb_message_set_to_defaults</a><BR>
</UL>
<P>
<H3>
Function Pointers
</H3><UL>
 <LI><a href="#[5]">BusFault_Handler</a> from arm_startup_nrf52840.o(.text) referenced from arm_startup_nrf52840.o(RESET)
 <LI><a href="#[1a]">CCM_AAR_IRQHandler</a> from arm_startup_nrf52840.o(.text) referenced from arm_startup_nrf52840.o(RESET)
 <LI><a href="#[1e]">COMP_LPCOMP_IRQHandler</a> from arm_startup_nrf52840.o(.text) referenced from arm_startup_nrf52840.o(RESET)
 <LI><a href="#[33]">CRYPTOCELL_IRQHandler</a> from ssi_hal.c.obj(.text.CRYPTOCELL_IRQHandler) referenced from arm_startup_nrf52840.o(RESET)
 <LI><a href="#[8]">DebugMon_Handler</a> from arm_startup_nrf52840.o(.text) referenced from arm_startup_nrf52840.o(RESET)
 <LI><a href="#[19]">ECB_IRQHandler</a> from arm_startup_nrf52840.o(.text) referenced from arm_startup_nrf52840.o(RESET)
 <LI><a href="#[2f]">FPU_IRQHandler</a> from arm_startup_nrf52840.o(.text) referenced from arm_startup_nrf52840.o(RESET)
 <LI><a href="#[11]">GPIOTE_IRQHandler</a> from arm_startup_nrf52840.o(.text) referenced from arm_startup_nrf52840.o(RESET)
 <LI><a href="#[3]">HardFault_Handler</a> from arm_startup_nrf52840.o(.text) referenced from arm_startup_nrf52840.o(RESET)
 <LI><a href="#[2e]">I2S_IRQHandler</a> from arm_startup_nrf52840.o(.text) referenced from arm_startup_nrf52840.o(RESET)
 <LI><a href="#[29]">MWU_IRQHandler</a> from arm_startup_nrf52840.o(.text) referenced from arm_startup_nrf52840.o(RESET)
 <LI><a href="#[4]">MemoryManagement_Handler</a> from arm_startup_nrf52840.o(.text) referenced from arm_startup_nrf52840.o(RESET)
 <LI><a href="#[10]">NFCT_IRQHandler</a> from arm_startup_nrf52840.o(.text) referenced from arm_startup_nrf52840.o(RESET)
 <LI><a href="#[2]">NMI_Handler</a> from arm_startup_nrf52840.o(.text) referenced from arm_startup_nrf52840.o(RESET)
 <LI><a href="#[28]">PDM_IRQHandler</a> from arm_startup_nrf52840.o(.text) referenced from arm_startup_nrf52840.o(RESET)
 <LI><a href="#[b]">POWER_CLOCK_IRQHandler</a> from arm_startup_nrf52840.o(.text) referenced from arm_startup_nrf52840.o(RESET)
 <LI><a href="#[27]">PWM0_IRQHandler</a> from arm_startup_nrf52840.o(.text) referenced from arm_startup_nrf52840.o(RESET)
 <LI><a href="#[2a]">PWM1_IRQHandler</a> from arm_startup_nrf52840.o(.text) referenced from arm_startup_nrf52840.o(RESET)
 <LI><a href="#[2b]">PWM2_IRQHandler</a> from arm_startup_nrf52840.o(.text) referenced from arm_startup_nrf52840.o(RESET)
 <LI><a href="#[34]">PWM3_IRQHandler</a> from arm_startup_nrf52840.o(.text) referenced from arm_startup_nrf52840.o(RESET)
 <LI><a href="#[9]">PendSV_Handler</a> from arm_startup_nrf52840.o(.text) referenced from arm_startup_nrf52840.o(RESET)
 <LI><a href="#[1d]">QDEC_IRQHandler</a> from arm_startup_nrf52840.o(.text) referenced from arm_startup_nrf52840.o(RESET)
 <LI><a href="#[32]">QSPI_IRQHandler</a> from arm_startup_nrf52840.o(.text) referenced from arm_startup_nrf52840.o(RESET)
 <LI><a href="#[c]">RADIO_IRQHandler</a> from arm_startup_nrf52840.o(.text) referenced from arm_startup_nrf52840.o(RESET)
 <LI><a href="#[18]">RNG_IRQHandler</a> from arm_startup_nrf52840.o(.text) referenced from arm_startup_nrf52840.o(RESET)
 <LI><a href="#[16]">RTC0_IRQHandler</a> from arm_startup_nrf52840.o(.text) referenced from arm_startup_nrf52840.o(RESET)
 <LI><a href="#[1c]">RTC1_IRQHandler</a> from arm_startup_nrf52840.o(.text) referenced from arm_startup_nrf52840.o(RESET)
 <LI><a href="#[2d]">RTC2_IRQHandler</a> from nrf_bootloader_dfu_timers.o(i.RTC2_IRQHandler) referenced from arm_startup_nrf52840.o(RESET)
 <LI><a href="#[1]">Reset_Handler</a> from arm_startup_nrf52840.o(.text) referenced from arm_startup_nrf52840.o(RESET)
 <LI><a href="#[12]">SAADC_IRQHandler</a> from arm_startup_nrf52840.o(.text) referenced from arm_startup_nrf52840.o(RESET)
 <LI><a href="#[e]">SPIM0_SPIS0_TWIM0_TWIS0_SPI0_TWI0_IRQHandler</a> from arm_startup_nrf52840.o(.text) referenced from arm_startup_nrf52840.o(RESET)
 <LI><a href="#[f]">SPIM1_SPIS1_TWIM1_TWIS1_SPI1_TWI1_IRQHandler</a> from arm_startup_nrf52840.o(.text) referenced from arm_startup_nrf52840.o(RESET)
 <LI><a href="#[2c]">SPIM2_SPIS2_SPI2_IRQHandler</a> from arm_startup_nrf52840.o(.text) referenced from arm_startup_nrf52840.o(RESET)
 <LI><a href="#[35]">SPIM3_IRQHandler</a> from arm_startup_nrf52840.o(.text) referenced from arm_startup_nrf52840.o(RESET)
 <LI><a href="#[7]">SVC_Handler</a> from arm_startup_nrf52840.o(.text) referenced from arm_startup_nrf52840.o(RESET)
 <LI><a href="#[1f]">SWI0_EGU0_IRQHandler</a> from arm_startup_nrf52840.o(.text) referenced from arm_startup_nrf52840.o(RESET)
 <LI><a href="#[20]">SWI1_EGU1_IRQHandler</a> from arm_startup_nrf52840.o(.text) referenced from arm_startup_nrf52840.o(RESET)
 <LI><a href="#[21]">SWI2_EGU2_IRQHandler</a> from arm_startup_nrf52840.o(.text) referenced from arm_startup_nrf52840.o(RESET)
 <LI><a href="#[22]">SWI3_EGU3_IRQHandler</a> from arm_startup_nrf52840.o(.text) referenced from arm_startup_nrf52840.o(RESET)
 <LI><a href="#[23]">SWI4_EGU4_IRQHandler</a> from arm_startup_nrf52840.o(.text) referenced from arm_startup_nrf52840.o(RESET)
 <LI><a href="#[24]">SWI5_EGU5_IRQHandler</a> from arm_startup_nrf52840.o(.text) referenced from arm_startup_nrf52840.o(RESET)
 <LI><a href="#[a]">SysTick_Handler</a> from arm_startup_nrf52840.o(.text) referenced from arm_startup_nrf52840.o(RESET)
 <LI><a href="#[37]">SystemInit</a> from system_nrf52840.o(i.SystemInit) referenced from arm_startup_nrf52840.o(.text)
 <LI><a href="#[17]">TEMP_IRQHandler</a> from arm_startup_nrf52840.o(.text) referenced from arm_startup_nrf52840.o(RESET)
 <LI><a href="#[13]">TIMER0_IRQHandler</a> from arm_startup_nrf52840.o(.text) referenced from arm_startup_nrf52840.o(RESET)
 <LI><a href="#[14]">TIMER1_IRQHandler</a> from arm_startup_nrf52840.o(.text) referenced from arm_startup_nrf52840.o(RESET)
 <LI><a href="#[15]">TIMER2_IRQHandler</a> from arm_startup_nrf52840.o(.text) referenced from arm_startup_nrf52840.o(RESET)
 <LI><a href="#[25]">TIMER3_IRQHandler</a> from arm_startup_nrf52840.o(.text) referenced from arm_startup_nrf52840.o(RESET)
 <LI><a href="#[26]">TIMER4_IRQHandler</a> from arm_startup_nrf52840.o(.text) referenced from arm_startup_nrf52840.o(RESET)
 <LI><a href="#[d]">UARTE0_UART0_IRQHandler</a> from nrfx_prs.o(i.UARTE0_UART0_IRQHandler) referenced from arm_startup_nrf52840.o(RESET)
 <LI><a href="#[31]">UARTE1_IRQHandler</a> from arm_startup_nrf52840.o(.text) referenced from arm_startup_nrf52840.o(RESET)
 <LI><a href="#[30]">USBD_IRQHandler</a> from arm_startup_nrf52840.o(.text) referenced from arm_startup_nrf52840.o(RESET)
 <LI><a href="#[6]">UsageFault_Handler</a> from arm_startup_nrf52840.o(.text) referenced from arm_startup_nrf52840.o(RESET)
 <LI><a href="#[1b]">WDT_IRQHandler</a> from nrf_bootloader_wdt.o(i.WDT_IRQHandler) referenced from arm_startup_nrf52840.o(RESET)
 <LI><a href="#[38]">__main</a> from entry.o(.ARM.Collect$$$$00000000) referenced from arm_startup_nrf52840.o(.text)
 <LI><a href="#[45]">buf_read</a> from pb_decode.o(i.buf_read) referenced from pb_decode.o(i.pb_istream_from_buffer)
 <LI><a href="#[45]">buf_read</a> from pb_decode.o(i.buf_read) referenced from pb_decode.o(i.pb_read)
 <LI><a href="#[4c]">cc310_bl_backend_hash_sha256_finalize</a> from cc310_bl_backend_hash.o(i.cc310_bl_backend_hash_sha256_finalize) referenced from cc310_bl_backend_hash.o(.constdata)
 <LI><a href="#[4a]">cc310_bl_backend_hash_sha256_init</a> from cc310_bl_backend_hash.o(i.cc310_bl_backend_hash_sha256_init) referenced from cc310_bl_backend_hash.o(.constdata)
 <LI><a href="#[4b]">cc310_bl_backend_hash_sha256_update</a> from cc310_bl_backend_hash.o(i.cc310_bl_backend_hash_sha256_update) referenced from cc310_bl_backend_hash.o(.constdata)
 <LI><a href="#[64]">cc310_bl_backend_init</a> from cc310_bl_backend_init.o(i.cc310_bl_backend_init) referenced from cc310_bl_backend_init.o(crypto_data)
 <LI><a href="#[65]">cc310_bl_backend_uninit</a> from cc310_bl_backend_init.o(i.cc310_bl_backend_uninit) referenced from cc310_bl_backend_init.o(crypto_data)
 <LI><a href="#[0]">dfu_fstorage_evt_handler</a> from nrf_dfu_flash.o(i.dfu_fstorage_evt_handler) referenced 2 times from nrf_dfu_flash.o(fs_data)
 <LI><a href="#[3b]">dfu_observer</a> from main.o(i.dfu_observer) referenced from main.o(i.main)
 <LI><a href="#[3d]">dfu_observer</a> from nrf_bootloader.o(i.dfu_observer) referenced from nrf_bootloader.o(i.nrf_bootloader_init)
 <LI><a href="#[3f]">dfu_observer</a> from nrf_dfu.o(i.dfu_observer) referenced from nrf_dfu.o(i.nrf_dfu_init)
 <LI><a href="#[59]">dfu_req_handler_rsp_clbk</a> from nrf_dfu_serial.o(i.dfu_req_handler_rsp_clbk) referenced from nrf_dfu_serial.o(.constdata)
 <LI><a href="#[52]">erase</a> from nrf_fstorage_nvmc.o(i.erase) referenced from nrf_fstorage_nvmc.o(.constdata)
 <LI><a href="#[3c]">flash_write_callback</a> from nrf_bootloader_fw_activation.o(i.flash_write_callback) referenced from nrf_bootloader_fw_activation.o(i.nrf_bootloader_fw_activate)
 <LI><a href="#[39]">inactivity_timeout</a> from nrf_bootloader.o(i.inactivity_timeout) referenced from nrf_bootloader.o(i.dfu_observer)
 <LI><a href="#[39]">inactivity_timeout</a> from nrf_bootloader.o(i.inactivity_timeout) referenced from nrf_bootloader.o(i.nrf_bootloader_init)
 <LI><a href="#[4e]">init</a> from nrf_fstorage_nvmc.o(i.init) referenced from nrf_fstorage_nvmc.o(.constdata)
 <LI><a href="#[55]">is_busy</a> from nrf_fstorage_nvmc.o(i.is_busy) referenced from nrf_fstorage_nvmc.o(.constdata)
 <LI><a href="#[36]">main</a> from main.o(i.main) referenced from entry9a.o(.ARM.Collect$$$$0000000B)
 <LI><a href="#[3a]">nrf_bootloader_dfu_timer_counter_get</a> from nrf_bootloader_dfu_timers.o(i.nrf_bootloader_dfu_timer_counter_get) referenced from main.o(i.main)
 <LI><a href="#[40]">nrf_dfu_req_handler_req</a> from nrf_dfu_req_handler.o(i.nrf_dfu_req_handler_req) referenced from nrf_dfu_req_handler.o(i.nrf_dfu_req_handler_on_req)
 <LI><a href="#[58]">nrf_log_backend_rtt_flush</a> from nrf_log_backend_rtt.o(i.nrf_log_backend_rtt_flush) referenced from nrf_log_backend_rtt.o(.constdata)
 <LI><a href="#[57]">nrf_log_backend_rtt_panic_set</a> from nrf_log_backend_rtt.o(i.nrf_log_backend_rtt_panic_set) referenced from nrf_log_backend_rtt.o(.constdata)
 <LI><a href="#[56]">nrf_log_backend_rtt_put</a> from nrf_log_backend_rtt.o(i.nrf_log_backend_rtt_put) referenced from nrf_log_backend_rtt.o(.constdata)
 <LI><a href="#[4d]">nrfx_uarte_0_irq_handler</a> from nrfx_uarte.o(i.nrfx_uarte_0_irq_handler) referenced from nrfx_uarte.o(.constdata)
 <LI><a href="#[43]">on_data_obj_execute_request_sched</a> from nrf_dfu_req_handler.o(i.on_data_obj_execute_request_sched) referenced from nrf_dfu_req_handler.o(i.on_data_obj_execute_request_sched)
 <LI><a href="#[44]">on_dfu_complete</a> from nrf_dfu_req_handler.o(i.on_dfu_complete) referenced from nrf_dfu_req_handler.o(i.on_data_obj_execute_request_sched)
 <LI><a href="#[48]">payload_free</a> from nrf_dfu_serial_uart.o(i.payload_free) referenced from nrf_dfu_serial_uart.o(i.uart_dfu_transport_init)
 <LI><a href="#[5f]">pb_dec_bytes</a> from pb_decode.o(i.pb_dec_bytes) referenced from pb_decode.o(.constdata)
 <LI><a href="#[5d]">pb_dec_fixed32</a> from pb_decode.o(i.pb_dec_fixed32) referenced from pb_decode.o(.constdata)
 <LI><a href="#[5e]">pb_dec_fixed64</a> from pb_decode.o(i.pb_dec_fixed64) referenced from pb_decode.o(.constdata)
 <LI><a href="#[60]">pb_dec_string</a> from pb_decode.o(i.pb_dec_string) referenced from pb_decode.o(.constdata)
 <LI><a href="#[61]">pb_dec_submessage</a> from pb_decode.o(i.pb_dec_submessage) referenced from pb_decode.o(.constdata)
 <LI><a href="#[5c]">pb_dec_svarint</a> from pb_decode.o(i.pb_dec_svarint) referenced from pb_decode.o(.constdata)
 <LI><a href="#[5b]">pb_dec_uvarint</a> from pb_decode.o(i.pb_dec_uvarint) referenced from pb_decode.o(.constdata)
 <LI><a href="#[5a]">pb_dec_varint</a> from pb_decode.o(i.pb_dec_varint) referenced from pb_decode.o(.constdata)
 <LI><a href="#[46]">pb_decoding_callback</a> from nrf_dfu_validation.o(i.pb_decoding_callback) referenced from nrf_dfu_validation.o(i.stored_init_cmd_decode)
 <LI><a href="#[50]">read</a> from nrf_fstorage_nvmc.o(i.read) referenced from nrf_fstorage_nvmc.o(.constdata)
 <LI><a href="#[63]">read_digest_in_hw_sha256</a> from nrf_cc310_bl_hash_sha256.c.obj(.text.read_digest_in_hw_sha256) referenced from nrf_cc310_bl_hash_sha256.c.obj(.rodata)
 <LI><a href="#[53]">rmap</a> from nrf_fstorage_nvmc.o(i.rmap) referenced from nrf_fstorage_nvmc.o(.constdata)
 <LI><a href="#[47]">rsp_send</a> from nrf_dfu_serial_uart.o(i.rsp_send) referenced from nrf_dfu_serial_uart.o(i.uart_dfu_transport_init)
 <LI><a href="#[42]">serial_tx</a> from nrf_log_backend_rtt.o(i.serial_tx) referenced from nrf_log_backend_rtt.o(i.nrf_log_backend_rtt_put)
 <LI><a href="#[62]">set_digest_in_hw_sha256</a> from nrf_cc310_bl_hash_sha256.c.obj(.text.set_digest_in_hw_sha256) referenced from nrf_cc310_bl_hash_sha256.c.obj(.rodata)
 <LI><a href="#[67]">uart_dfu_transport_close</a> from nrf_dfu_serial_uart.o(i.uart_dfu_transport_close) referenced from nrf_dfu_serial_uart.o(dfu_trans)
 <LI><a href="#[66]">uart_dfu_transport_init</a> from nrf_dfu_serial_uart.o(i.uart_dfu_transport_init) referenced from nrf_dfu_serial_uart.o(dfu_trans)
 <LI><a href="#[49]">uart_event_handler</a> from nrf_dfu_serial_uart.o(i.uart_event_handler) referenced from nrf_dfu_serial_uart.o(i.uart_dfu_transport_init)
 <LI><a href="#[41]">uarte_evt_handler</a> from nrf_drv_uart.o(i.uarte_evt_handler) referenced from nrf_drv_uart.o(i.nrf_drv_uart_init)
 <LI><a href="#[4f]">uninit</a> from nrf_fstorage_nvmc.o(i.uninit) referenced from nrf_fstorage_nvmc.o(.constdata)
 <LI><a href="#[3e]">wdt_feed_timer_handler</a> from nrf_bootloader_wdt.o(i.wdt_feed_timer_handler) referenced from nrf_bootloader_wdt.o(i.nrf_bootloader_wdt_init)
 <LI><a href="#[54]">wmap</a> from nrf_fstorage_nvmc.o(i.wmap) referenced from nrf_fstorage_nvmc.o(.constdata)
 <LI><a href="#[51]">write</a> from nrf_fstorage_nvmc.o(i.write) referenced from nrf_fstorage_nvmc.o(.constdata)
</UL>
<P>
<H3>
Global Symbols
</H3>
<P><STRONG><a name="[38]"></a>__main</STRONG> (Thumb, 0 bytes, Stack size unknown bytes, entry.o(.ARM.Collect$$$$00000000))
<BR>[Address Reference Count : 1]<UL><LI> arm_startup_nrf52840.o(.text)
</UL>
<P><STRONG><a name="[194]"></a>_main_stk</STRONG> (Thumb, 0 bytes, Stack size unknown bytes, entry2.o(.ARM.Collect$$$$00000001))

<P><STRONG><a name="[68]"></a>_main_scatterload</STRONG> (Thumb, 0 bytes, Stack size unknown bytes, entry5.o(.ARM.Collect$$$$00000004))
<BR><BR>[Calls]<UL><LI><a href="#[69]">&gt;&gt;</a>&nbsp;&nbsp;&nbsp;__scatterload
</UL>

<P><STRONG><a name="[6d]"></a>__main_after_scatterload</STRONG> (Thumb, 0 bytes, Stack size unknown bytes, entry5.o(.ARM.Collect$$$$00000004))
<BR><BR>[Called By]<UL><LI><a href="#[69]">&gt;&gt;</a>&nbsp;&nbsp;&nbsp;__scatterload
</UL>

<P><STRONG><a name="[195]"></a>_main_clock</STRONG> (Thumb, 0 bytes, Stack size unknown bytes, entry7b.o(.ARM.Collect$$$$00000008))

<P><STRONG><a name="[196]"></a>_main_cpp_init</STRONG> (Thumb, 0 bytes, Stack size unknown bytes, entry8b.o(.ARM.Collect$$$$0000000A))

<P><STRONG><a name="[197]"></a>_main_init</STRONG> (Thumb, 0 bytes, Stack size unknown bytes, entry9a.o(.ARM.Collect$$$$0000000B))

<P><STRONG><a name="[198]"></a>__rt_final_cpp</STRONG> (Thumb, 0 bytes, Stack size unknown bytes, entry10a.o(.ARM.Collect$$$$0000000D))

<P><STRONG><a name="[199]"></a>__rt_final_exit</STRONG> (Thumb, 0 bytes, Stack size unknown bytes, entry11a.o(.ARM.Collect$$$$0000000F))

<P><STRONG><a name="[107]"></a>__asm___32_nrf_bootloader_app_start_final_c_c9922886__jump_to_addr</STRONG> (Thumb, 8 bytes, Stack size 0 bytes, nrf_bootloader_app_start_final.o(.emb_text))
<BR><BR>[Called By]<UL><LI><a href="#[105]">&gt;&gt;</a>&nbsp;&nbsp;&nbsp;nrf_bootloader_app_start_final
</UL>

<P><STRONG><a name="[fe]"></a>__asm___12_nrf_atomic_c_85ca2469__nrf_atomic_internal_mov</STRONG> (Thumb, 24 bytes, Stack size 0 bytes, nrf_atomic.o(.emb_text))
<BR><BR>[Called By]<UL><LI><a href="#[bf]">&gt;&gt;</a>&nbsp;&nbsp;&nbsp;nrf_atomic_u32_fetch_store
</UL>

<P><STRONG><a name="[fd]"></a>__asm___12_nrf_atomic_c_85ca2469__nrf_atomic_internal_orr</STRONG> (Thumb, 26 bytes, Stack size 0 bytes, nrf_atomic.o(.emb_text))
<BR><BR>[Called By]<UL><LI><a href="#[f9]">&gt;&gt;</a>&nbsp;&nbsp;&nbsp;nrf_atomic_u32_or
<LI><a href="#[fa]">&gt;&gt;</a>&nbsp;&nbsp;&nbsp;nrf_atomic_u32_fetch_or
</UL>

<P><STRONG><a name="[fc]"></a>__asm___12_nrf_atomic_c_85ca2469__nrf_atomic_internal_and</STRONG> (Thumb, 26 bytes, Stack size 0 bytes, nrf_atomic.o(.emb_text))
<BR><BR>[Called By]<UL><LI><a href="#[f8]">&gt;&gt;</a>&nbsp;&nbsp;&nbsp;nrf_atomic_u32_fetch_and
<LI><a href="#[f7]">&gt;&gt;</a>&nbsp;&nbsp;&nbsp;nrf_atomic_u32_and
</UL>

<P><STRONG><a name="[19a]"></a>__asm___12_nrf_atomic_c_85ca2469__nrf_atomic_internal_eor</STRONG> (Thumb, 26 bytes, Stack size 0 bytes, nrf_atomic.o(.emb_text), UNUSED)

<P><STRONG><a name="[fb]"></a>__asm___12_nrf_atomic_c_85ca2469__nrf_atomic_internal_add</STRONG> (Thumb, 26 bytes, Stack size 0 bytes, nrf_atomic.o(.emb_text))
<BR><BR>[Called By]<UL><LI><a href="#[ba]">&gt;&gt;</a>&nbsp;&nbsp;&nbsp;nrf_atomic_u32_add
</UL>

<P><STRONG><a name="[100]"></a>__asm___12_nrf_atomic_c_85ca2469__nrf_atomic_internal_sub</STRONG> (Thumb, 26 bytes, Stack size 0 bytes, nrf_atomic.o(.emb_text))
<BR><BR>[Called By]<UL><LI><a href="#[ff]">&gt;&gt;</a>&nbsp;&nbsp;&nbsp;nrf_atomic_u32_sub
</UL>

<P><STRONG><a name="[19b]"></a>__asm___12_nrf_atomic_c_85ca2469__nrf_atomic_internal_cmp_exch</STRONG> (Thumb, 42 bytes, Stack size 0 bytes, nrf_atomic.o(.emb_text), UNUSED)

<P><STRONG><a name="[19c]"></a>__asm___12_nrf_atomic_c_85ca2469__nrf_atomic_internal_sub_hs</STRONG> (Thumb, 30 bytes, Stack size 0 bytes, nrf_atomic.o(.emb_text), UNUSED)

<P><STRONG><a name="[1]"></a>Reset_Handler</STRONG> (Thumb, 8 bytes, Stack size 0 bytes, arm_startup_nrf52840.o(.text))
<BR>[Address Reference Count : 1]<UL><LI> arm_startup_nrf52840.o(RESET)
</UL>
<P><STRONG><a name="[2]"></a>NMI_Handler</STRONG> (Thumb, 2 bytes, Stack size 0 bytes, arm_startup_nrf52840.o(.text))
<BR><BR>[Calls]<UL><LI><a href="#[2]">&gt;&gt;</a>&nbsp;&nbsp;&nbsp;NMI_Handler
</UL>
<BR>[Called By]<UL><LI><a href="#[2]">&gt;&gt;</a>&nbsp;&nbsp;&nbsp;NMI_Handler
</UL>
<BR>[Address Reference Count : 1]<UL><LI> arm_startup_nrf52840.o(RESET)
</UL>
<P><STRONG><a name="[3]"></a>HardFault_Handler</STRONG> (Thumb, 2 bytes, Stack size 0 bytes, arm_startup_nrf52840.o(.text))
<BR><BR>[Calls]<UL><LI><a href="#[3]">&gt;&gt;</a>&nbsp;&nbsp;&nbsp;HardFault_Handler
</UL>
<BR>[Called By]<UL><LI><a href="#[3]">&gt;&gt;</a>&nbsp;&nbsp;&nbsp;HardFault_Handler
</UL>
<BR>[Address Reference Count : 1]<UL><LI> arm_startup_nrf52840.o(RESET)
</UL>
<P><STRONG><a name="[4]"></a>MemoryManagement_Handler</STRONG> (Thumb, 2 bytes, Stack size 0 bytes, arm_startup_nrf52840.o(.text))
<BR><BR>[Calls]<UL><LI><a href="#[4]">&gt;&gt;</a>&nbsp;&nbsp;&nbsp;MemoryManagement_Handler
</UL>
<BR>[Called By]<UL><LI><a href="#[4]">&gt;&gt;</a>&nbsp;&nbsp;&nbsp;MemoryManagement_Handler
</UL>
<BR>[Address Reference Count : 1]<UL><LI> arm_startup_nrf52840.o(RESET)
</UL>
<P><STRONG><a name="[5]"></a>BusFault_Handler</STRONG> (Thumb, 2 bytes, Stack size 0 bytes, arm_startup_nrf52840.o(.text))
<BR><BR>[Calls]<UL><LI><a href="#[5]">&gt;&gt;</a>&nbsp;&nbsp;&nbsp;BusFault_Handler
</UL>
<BR>[Called By]<UL><LI><a href="#[5]">&gt;&gt;</a>&nbsp;&nbsp;&nbsp;BusFault_Handler
</UL>
<BR>[Address Reference Count : 1]<UL><LI> arm_startup_nrf52840.o(RESET)
</UL>
<P><STRONG><a name="[6]"></a>UsageFault_Handler</STRONG> (Thumb, 2 bytes, Stack size 0 bytes, arm_startup_nrf52840.o(.text))
<BR><BR>[Calls]<UL><LI><a href="#[6]">&gt;&gt;</a>&nbsp;&nbsp;&nbsp;UsageFault_Handler
</UL>
<BR>[Called By]<UL><LI><a href="#[6]">&gt;&gt;</a>&nbsp;&nbsp;&nbsp;UsageFault_Handler
</UL>
<BR>[Address Reference Count : 1]<UL><LI> arm_startup_nrf52840.o(RESET)
</UL>
<P><STRONG><a name="[7]"></a>SVC_Handler</STRONG> (Thumb, 2 bytes, Stack size 0 bytes, arm_startup_nrf52840.o(.text))
<BR><BR>[Calls]<UL><LI><a href="#[7]">&gt;&gt;</a>&nbsp;&nbsp;&nbsp;SVC_Handler
</UL>
<BR>[Called By]<UL><LI><a href="#[7]">&gt;&gt;</a>&nbsp;&nbsp;&nbsp;SVC_Handler
</UL>
<BR>[Address Reference Count : 1]<UL><LI> arm_startup_nrf52840.o(RESET)
</UL>
<P><STRONG><a name="[8]"></a>DebugMon_Handler</STRONG> (Thumb, 2 bytes, Stack size 0 bytes, arm_startup_nrf52840.o(.text))
<BR><BR>[Calls]<UL><LI><a href="#[8]">&gt;&gt;</a>&nbsp;&nbsp;&nbsp;DebugMon_Handler
</UL>
<BR>[Called By]<UL><LI><a href="#[8]">&gt;&gt;</a>&nbsp;&nbsp;&nbsp;DebugMon_Handler
</UL>
<BR>[Address Reference Count : 1]<UL><LI> arm_startup_nrf52840.o(RESET)
</UL>
<P><STRONG><a name="[9]"></a>PendSV_Handler</STRONG> (Thumb, 2 bytes, Stack size 0 bytes, arm_startup_nrf52840.o(.text))
<BR><BR>[Calls]<UL><LI><a href="#[9]">&gt;&gt;</a>&nbsp;&nbsp;&nbsp;PendSV_Handler
</UL>
<BR>[Called By]<UL><LI><a href="#[9]">&gt;&gt;</a>&nbsp;&nbsp;&nbsp;PendSV_Handler
</UL>
<BR>[Address Reference Count : 1]<UL><LI> arm_startup_nrf52840.o(RESET)
</UL>
<P><STRONG><a name="[a]"></a>SysTick_Handler</STRONG> (Thumb, 2 bytes, Stack size 0 bytes, arm_startup_nrf52840.o(.text))
<BR><BR>[Calls]<UL><LI><a href="#[a]">&gt;&gt;</a>&nbsp;&nbsp;&nbsp;SysTick_Handler
</UL>
<BR>[Called By]<UL><LI><a href="#[a]">&gt;&gt;</a>&nbsp;&nbsp;&nbsp;SysTick_Handler
</UL>
<BR>[Address Reference Count : 1]<UL><LI> arm_startup_nrf52840.o(RESET)
</UL>
<P><STRONG><a name="[1a]"></a>CCM_AAR_IRQHandler</STRONG> (Thumb, 0 bytes, Stack size 0 bytes, arm_startup_nrf52840.o(.text))
<BR><BR>[Calls]<UL><LI><a href="#[1a]">&gt;&gt;</a>&nbsp;&nbsp;&nbsp;CCM_AAR_IRQHandler
</UL>
<BR>[Called By]<UL><LI><a href="#[1a]">&gt;&gt;</a>&nbsp;&nbsp;&nbsp;CCM_AAR_IRQHandler
</UL>
<BR>[Address Reference Count : 1]<UL><LI> arm_startup_nrf52840.o(RESET)
</UL>
<P><STRONG><a name="[1e]"></a>COMP_LPCOMP_IRQHandler</STRONG> (Thumb, 0 bytes, Stack size 0 bytes, arm_startup_nrf52840.o(.text))
<BR>[Address Reference Count : 1]<UL><LI> arm_startup_nrf52840.o(RESET)
</UL>
<P><STRONG><a name="[19]"></a>ECB_IRQHandler</STRONG> (Thumb, 0 bytes, Stack size 0 bytes, arm_startup_nrf52840.o(.text))
<BR>[Address Reference Count : 1]<UL><LI> arm_startup_nrf52840.o(RESET)
</UL>
<P><STRONG><a name="[2f]"></a>FPU_IRQHandler</STRONG> (Thumb, 0 bytes, Stack size 0 bytes, arm_startup_nrf52840.o(.text))
<BR>[Address Reference Count : 1]<UL><LI> arm_startup_nrf52840.o(RESET)
</UL>
<P><STRONG><a name="[11]"></a>GPIOTE_IRQHandler</STRONG> (Thumb, 0 bytes, Stack size 0 bytes, arm_startup_nrf52840.o(.text))
<BR>[Address Reference Count : 1]<UL><LI> arm_startup_nrf52840.o(RESET)
</UL>
<P><STRONG><a name="[2e]"></a>I2S_IRQHandler</STRONG> (Thumb, 0 bytes, Stack size 0 bytes, arm_startup_nrf52840.o(.text))
<BR>[Address Reference Count : 1]<UL><LI> arm_startup_nrf52840.o(RESET)
</UL>
<P><STRONG><a name="[29]"></a>MWU_IRQHandler</STRONG> (Thumb, 0 bytes, Stack size 0 bytes, arm_startup_nrf52840.o(.text))
<BR>[Address Reference Count : 1]<UL><LI> arm_startup_nrf52840.o(RESET)
</UL>
<P><STRONG><a name="[10]"></a>NFCT_IRQHandler</STRONG> (Thumb, 0 bytes, Stack size 0 bytes, arm_startup_nrf52840.o(.text))
<BR>[Address Reference Count : 1]<UL><LI> arm_startup_nrf52840.o(RESET)
</UL>
<P><STRONG><a name="[28]"></a>PDM_IRQHandler</STRONG> (Thumb, 0 bytes, Stack size 0 bytes, arm_startup_nrf52840.o(.text))
<BR>[Address Reference Count : 1]<UL><LI> arm_startup_nrf52840.o(RESET)
</UL>
<P><STRONG><a name="[b]"></a>POWER_CLOCK_IRQHandler</STRONG> (Thumb, 0 bytes, Stack size 0 bytes, arm_startup_nrf52840.o(.text))
<BR>[Address Reference Count : 1]<UL><LI> arm_startup_nrf52840.o(RESET)
</UL>
<P><STRONG><a name="[27]"></a>PWM0_IRQHandler</STRONG> (Thumb, 0 bytes, Stack size 0 bytes, arm_startup_nrf52840.o(.text))
<BR>[Address Reference Count : 1]<UL><LI> arm_startup_nrf52840.o(RESET)
</UL>
<P><STRONG><a name="[2a]"></a>PWM1_IRQHandler</STRONG> (Thumb, 0 bytes, Stack size 0 bytes, arm_startup_nrf52840.o(.text))
<BR>[Address Reference Count : 1]<UL><LI> arm_startup_nrf52840.o(RESET)
</UL>
<P><STRONG><a name="[2b]"></a>PWM2_IRQHandler</STRONG> (Thumb, 0 bytes, Stack size 0 bytes, arm_startup_nrf52840.o(.text))
<BR>[Address Reference Count : 1]<UL><LI> arm_startup_nrf52840.o(RESET)
</UL>
<P><STRONG><a name="[34]"></a>PWM3_IRQHandler</STRONG> (Thumb, 0 bytes, Stack size 0 bytes, arm_startup_nrf52840.o(.text))
<BR>[Address Reference Count : 1]<UL><LI> arm_startup_nrf52840.o(RESET)
</UL>
<P><STRONG><a name="[1d]"></a>QDEC_IRQHandler</STRONG> (Thumb, 0 bytes, Stack size 0 bytes, arm_startup_nrf52840.o(.text))
<BR>[Address Reference Count : 1]<UL><LI> arm_startup_nrf52840.o(RESET)
</UL>
<P><STRONG><a name="[32]"></a>QSPI_IRQHandler</STRONG> (Thumb, 0 bytes, Stack size 0 bytes, arm_startup_nrf52840.o(.text))
<BR>[Address Reference Count : 1]<UL><LI> arm_startup_nrf52840.o(RESET)
</UL>
<P><STRONG><a name="[c]"></a>RADIO_IRQHandler</STRONG> (Thumb, 0 bytes, Stack size 0 bytes, arm_startup_nrf52840.o(.text))
<BR>[Address Reference Count : 1]<UL><LI> arm_startup_nrf52840.o(RESET)
</UL>
<P><STRONG><a name="[18]"></a>RNG_IRQHandler</STRONG> (Thumb, 0 bytes, Stack size 0 bytes, arm_startup_nrf52840.o(.text))
<BR>[Address Reference Count : 1]<UL><LI> arm_startup_nrf52840.o(RESET)
</UL>
<P><STRONG><a name="[16]"></a>RTC0_IRQHandler</STRONG> (Thumb, 0 bytes, Stack size 0 bytes, arm_startup_nrf52840.o(.text))
<BR>[Address Reference Count : 1]<UL><LI> arm_startup_nrf52840.o(RESET)
</UL>
<P><STRONG><a name="[1c]"></a>RTC1_IRQHandler</STRONG> (Thumb, 0 bytes, Stack size 0 bytes, arm_startup_nrf52840.o(.text))
<BR>[Address Reference Count : 1]<UL><LI> arm_startup_nrf52840.o(RESET)
</UL>
<P><STRONG><a name="[12]"></a>SAADC_IRQHandler</STRONG> (Thumb, 0 bytes, Stack size 0 bytes, arm_startup_nrf52840.o(.text))
<BR>[Address Reference Count : 1]<UL><LI> arm_startup_nrf52840.o(RESET)
</UL>
<P><STRONG><a name="[e]"></a>SPIM0_SPIS0_TWIM0_TWIS0_SPI0_TWI0_IRQHandler</STRONG> (Thumb, 0 bytes, Stack size 0 bytes, arm_startup_nrf52840.o(.text))
<BR>[Address Reference Count : 1]<UL><LI> arm_startup_nrf52840.o(RESET)
</UL>
<P><STRONG><a name="[f]"></a>SPIM1_SPIS1_TWIM1_TWIS1_SPI1_TWI1_IRQHandler</STRONG> (Thumb, 0 bytes, Stack size 0 bytes, arm_startup_nrf52840.o(.text))
<BR>[Address Reference Count : 1]<UL><LI> arm_startup_nrf52840.o(RESET)
</UL>
<P><STRONG><a name="[2c]"></a>SPIM2_SPIS2_SPI2_IRQHandler</STRONG> (Thumb, 0 bytes, Stack size 0 bytes, arm_startup_nrf52840.o(.text))
<BR>[Address Reference Count : 1]<UL><LI> arm_startup_nrf52840.o(RESET)
</UL>
<P><STRONG><a name="[35]"></a>SPIM3_IRQHandler</STRONG> (Thumb, 0 bytes, Stack size 0 bytes, arm_startup_nrf52840.o(.text))
<BR>[Address Reference Count : 1]<UL><LI> arm_startup_nrf52840.o(RESET)
</UL>
<P><STRONG><a name="[1f]"></a>SWI0_EGU0_IRQHandler</STRONG> (Thumb, 0 bytes, Stack size 0 bytes, arm_startup_nrf52840.o(.text))
<BR>[Address Reference Count : 1]<UL><LI> arm_startup_nrf52840.o(RESET)
</UL>
<P><STRONG><a name="[20]"></a>SWI1_EGU1_IRQHandler</STRONG> (Thumb, 0 bytes, Stack size 0 bytes, arm_startup_nrf52840.o(.text))
<BR>[Address Reference Count : 1]<UL><LI> arm_startup_nrf52840.o(RESET)
</UL>
<P><STRONG><a name="[21]"></a>SWI2_EGU2_IRQHandler</STRONG> (Thumb, 0 bytes, Stack size 0 bytes, arm_startup_nrf52840.o(.text))
<BR>[Address Reference Count : 1]<UL><LI> arm_startup_nrf52840.o(RESET)
</UL>
<P><STRONG><a name="[22]"></a>SWI3_EGU3_IRQHandler</STRONG> (Thumb, 0 bytes, Stack size 0 bytes, arm_startup_nrf52840.o(.text))
<BR>[Address Reference Count : 1]<UL><LI> arm_startup_nrf52840.o(RESET)
</UL>
<P><STRONG><a name="[23]"></a>SWI4_EGU4_IRQHandler</STRONG> (Thumb, 0 bytes, Stack size 0 bytes, arm_startup_nrf52840.o(.text))
<BR>[Address Reference Count : 1]<UL><LI> arm_startup_nrf52840.o(RESET)
</UL>
<P><STRONG><a name="[24]"></a>SWI5_EGU5_IRQHandler</STRONG> (Thumb, 0 bytes, Stack size 0 bytes, arm_startup_nrf52840.o(.text))
<BR>[Address Reference Count : 1]<UL><LI> arm_startup_nrf52840.o(RESET)
</UL>
<P><STRONG><a name="[17]"></a>TEMP_IRQHandler</STRONG> (Thumb, 0 bytes, Stack size 0 bytes, arm_startup_nrf52840.o(.text))
<BR>[Address Reference Count : 1]<UL><LI> arm_startup_nrf52840.o(RESET)
</UL>
<P><STRONG><a name="[13]"></a>TIMER0_IRQHandler</STRONG> (Thumb, 0 bytes, Stack size 0 bytes, arm_startup_nrf52840.o(.text))
<BR>[Address Reference Count : 1]<UL><LI> arm_startup_nrf52840.o(RESET)
</UL>
<P><STRONG><a name="[14]"></a>TIMER1_IRQHandler</STRONG> (Thumb, 0 bytes, Stack size 0 bytes, arm_startup_nrf52840.o(.text))
<BR>[Address Reference Count : 1]<UL><LI> arm_startup_nrf52840.o(RESET)
</UL>
<P><STRONG><a name="[15]"></a>TIMER2_IRQHandler</STRONG> (Thumb, 0 bytes, Stack size 0 bytes, arm_startup_nrf52840.o(.text))
<BR>[Address Reference Count : 1]<UL><LI> arm_startup_nrf52840.o(RESET)
</UL>
<P><STRONG><a name="[25]"></a>TIMER3_IRQHandler</STRONG> (Thumb, 0 bytes, Stack size 0 bytes, arm_startup_nrf52840.o(.text))
<BR>[Address Reference Count : 1]<UL><LI> arm_startup_nrf52840.o(RESET)
</UL>
<P><STRONG><a name="[26]"></a>TIMER4_IRQHandler</STRONG> (Thumb, 0 bytes, Stack size 0 bytes, arm_startup_nrf52840.o(.text))
<BR>[Address Reference Count : 1]<UL><LI> arm_startup_nrf52840.o(RESET)
</UL>
<P><STRONG><a name="[31]"></a>UARTE1_IRQHandler</STRONG> (Thumb, 0 bytes, Stack size 0 bytes, arm_startup_nrf52840.o(.text))
<BR>[Address Reference Count : 1]<UL><LI> arm_startup_nrf52840.o(RESET)
</UL>
<P><STRONG><a name="[30]"></a>USBD_IRQHandler</STRONG> (Thumb, 0 bytes, Stack size 0 bytes, arm_startup_nrf52840.o(.text))
<BR>[Address Reference Count : 1]<UL><LI> arm_startup_nrf52840.o(RESET)
</UL>
<P><STRONG><a name="[187]"></a>__aeabi_llsl</STRONG> (Thumb, 30 bytes, Stack size 0 bytes, llshl.o(.text))
<BR><BR>[Called By]<UL><LI><a href="#[182]">&gt;&gt;</a>&nbsp;&nbsp;&nbsp;pb_decode_varint
</UL>

<P><STRONG><a name="[19d]"></a>_ll_shift_l</STRONG> (Thumb, 0 bytes, Stack size 0 bytes, llshl.o(.text), UNUSED)

<P><STRONG><a name="[168]"></a>__rt_ctype_table</STRONG> (Thumb, 4 bytes, Stack size 0 bytes, ctype_o.o(.text))
<BR><BR>[Called By]<UL><LI><a href="#[160]">&gt;&gt;</a>&nbsp;&nbsp;&nbsp;nrf_log_hexdump_entry_process
</UL>

<P><STRONG><a name="[19e]"></a>____aeabi_memcpy8$ret$move</STRONG> (Thumb, 0 bytes, Stack size 8 bytes, memmove.o(.text), UNUSED)

<P><STRONG><a name="[19f]"></a>___aeabi_memmove$ret</STRONG> (Thumb, 0 bytes, Stack size 8 bytes, memmove.o(.text), UNUSED)

<P><STRONG><a name="[1a0]"></a>___aeabi_memmove4$ret</STRONG> (Thumb, 0 bytes, Stack size 8 bytes, memmove.o(.text), UNUSED)

<P><STRONG><a name="[1a1]"></a>___aeabi_memmove8$ret</STRONG> (Thumb, 0 bytes, Stack size 8 bytes, memmove.o(.text), UNUSED)

<P><STRONG><a name="[9d]"></a>__aeabi_memcpy</STRONG> (Thumb, 66 bytes, Stack size 8 bytes, memmove.o(.text))
<BR><BR>[Stack]<UL><LI>Max Depth = 8<LI>Call Chain = __aeabi_memcpy
</UL>
<BR>[Called By]<UL><LI><a href="#[10d]">&gt;&gt;</a>&nbsp;&nbsp;&nbsp;nrf_dfu_settings_init
<LI><a href="#[4b]">&gt;&gt;</a>&nbsp;&nbsp;&nbsp;cc310_bl_backend_hash_sha256_update
<LI><a href="#[116]">&gt;&gt;</a>&nbsp;&nbsp;&nbsp;nrf_crypto_backend_secp256r1_public_key_from_raw
<LI><a href="#[18f]">&gt;&gt;</a>&nbsp;&nbsp;&nbsp;settings_write
<LI><a href="#[143]">&gt;&gt;</a>&nbsp;&nbsp;&nbsp;nrf_dfu_validation_init_cmd_append
<LI><a href="#[aa]">&gt;&gt;</a>&nbsp;&nbsp;&nbsp;app_sched_event_put
<LI><a href="#[e0]">&gt;&gt;</a>&nbsp;&nbsp;&nbsp;nrf_log_frontend_hexdump
<LI><a href="#[145]">&gt;&gt;</a>&nbsp;&nbsp;&nbsp;signature_check
<LI><a href="#[f4]">&gt;&gt;</a>&nbsp;&nbsp;&nbsp;memobj_op
<LI><a href="#[50]">&gt;&gt;</a>&nbsp;&nbsp;&nbsp;read
<LI><a href="#[97]">&gt;&gt;</a>&nbsp;&nbsp;&nbsp;_WriteNoCheck
<LI><a href="#[98]">&gt;&gt;</a>&nbsp;&nbsp;&nbsp;_WriteBlocking
<LI><a href="#[188]">&gt;&gt;</a>&nbsp;&nbsp;&nbsp;pb_field_set_to_default
</UL>

<P><STRONG><a name="[106]"></a>__aeabi_memcpy4</STRONG> (Thumb, 0 bytes, Stack size 8 bytes, memmove.o(.text))
<BR><BR>[Stack]<UL><LI>Max Depth = 8<LI>Call Chain = __aeabi_memcpy4
</UL>
<BR>[Called By]<UL><LI><a href="#[e4]">&gt;&gt;</a>&nbsp;&nbsp;&nbsp;nrf_dfu_settings_write
<LI><a href="#[105]">&gt;&gt;</a>&nbsp;&nbsp;&nbsp;nrf_bootloader_app_start_final
<LI><a href="#[14e]">&gt;&gt;</a>&nbsp;&nbsp;&nbsp;nrf_drv_uart_init
<LI><a href="#[13d]">&gt;&gt;</a>&nbsp;&nbsp;&nbsp;nrf_dfu_serial_on_packet_received
<LI><a href="#[66]">&gt;&gt;</a>&nbsp;&nbsp;&nbsp;uart_dfu_transport_init
<LI><a href="#[43]">&gt;&gt;</a>&nbsp;&nbsp;&nbsp;on_data_obj_execute_request_sched
<LI><a href="#[13b]">&gt;&gt;</a>&nbsp;&nbsp;&nbsp;nrf_dfu_req_handler_req_process
</UL>

<P><STRONG><a name="[7d]"></a>memcpy</STRONG> (Thumb, 0 bytes, Stack size 8 bytes, memmove.o(.text))
<BR><BR>[Stack]<UL><LI>Max Depth = 8<LI>Call Chain = memcpy
</UL>
<BR>[Called By]<UL><LI><a href="#[7c]">&gt;&gt;</a>&nbsp;&nbsp;&nbsp;SaSi_PalMemCopy
</UL>

<P><STRONG><a name="[1a2]"></a>memmove</STRONG> (Thumb, 0 bytes, Stack size 8 bytes, memmove.o(.text), UNUSED)

<P><STRONG><a name="[6b]"></a>__aeabi_memset</STRONG> (Thumb, 14 bytes, Stack size 0 bytes, memseta.o(.text))
<BR><BR>[Called By]<UL><LI><a href="#[149]">&gt;&gt;</a>&nbsp;&nbsp;&nbsp;nrf_dfu_validation_post_data_execute
<LI><a href="#[6c]">&gt;&gt;</a>&nbsp;&nbsp;&nbsp;memset
<LI><a href="#[6a]">&gt;&gt;</a>&nbsp;&nbsp;&nbsp;__aeabi_memclr
</UL>

<P><STRONG><a name="[1a3]"></a>__aeabi_memset4</STRONG> (Thumb, 0 bytes, Stack size 0 bytes, memseta.o(.text), UNUSED)

<P><STRONG><a name="[1a4]"></a>__aeabi_memset8</STRONG> (Thumb, 0 bytes, Stack size 0 bytes, memseta.o(.text), UNUSED)

<P><STRONG><a name="[6a]"></a>__aeabi_memclr</STRONG> (Thumb, 4 bytes, Stack size 0 bytes, memseta.o(.text))
<BR><BR>[Calls]<UL><LI><a href="#[6b]">&gt;&gt;</a>&nbsp;&nbsp;&nbsp;__aeabi_memset
</UL>
<BR>[Called By]<UL><LI><a href="#[188]">&gt;&gt;</a>&nbsp;&nbsp;&nbsp;pb_field_set_to_default
<LI><a href="#[cc]">&gt;&gt;</a>&nbsp;&nbsp;&nbsp;decode_static_field
</UL>

<P><STRONG><a name="[da]"></a>__aeabi_memclr4</STRONG> (Thumb, 0 bytes, Stack size 0 bytes, memseta.o(.text))
<BR><BR>[Called By]<UL><LI><a href="#[10d]">&gt;&gt;</a>&nbsp;&nbsp;&nbsp;nrf_dfu_settings_init
<LI><a href="#[149]">&gt;&gt;</a>&nbsp;&nbsp;&nbsp;nrf_dfu_validation_post_data_execute
<LI><a href="#[144]">&gt;&gt;</a>&nbsp;&nbsp;&nbsp;nrf_dfu_validation_init_cmd_create
<LI><a href="#[d9]">&gt;&gt;</a>&nbsp;&nbsp;&nbsp;event_send
<LI><a href="#[15c]">&gt;&gt;</a>&nbsp;&nbsp;&nbsp;nrf_log_backend_serial_put
</UL>

<P><STRONG><a name="[1a5]"></a>__aeabi_memclr8</STRONG> (Thumb, 0 bytes, Stack size 0 bytes, memseta.o(.text), UNUSED)

<P><STRONG><a name="[6c]"></a>memset</STRONG> (Thumb, 18 bytes, Stack size 8 bytes, memseta.o(.text))
<BR><BR>[Stack]<UL><LI>Max Depth = 8<LI>Call Chain = memset
</UL>
<BR>[Calls]<UL><LI><a href="#[6b]">&gt;&gt;</a>&nbsp;&nbsp;&nbsp;__aeabi_memset
</UL>
<BR>[Called By]<UL><LI><a href="#[7f]">&gt;&gt;</a>&nbsp;&nbsp;&nbsp;SaSi_PalMemSetZero
<LI><a href="#[7e]">&gt;&gt;</a>&nbsp;&nbsp;&nbsp;SaSi_PalMemSet
</UL>

<P><STRONG><a name="[154]"></a>strlen</STRONG> (Thumb, 14 bytes, Stack size 0 bytes, strlen.o(.text))
<BR><BR>[Called By]<UL><LI><a href="#[153]">&gt;&gt;</a>&nbsp;&nbsp;&nbsp;nrf_fprintf_fmt
</UL>

<P><STRONG><a name="[b5]"></a>memcmp</STRONG> (Thumb, 26 bytes, Stack size 12 bytes, memcmp.o(.text))
<BR><BR>[Stack]<UL><LI>Max Depth = 12<LI>Call Chain = memcmp
</UL>
<BR>[Called By]<UL><LI><a href="#[e4]">&gt;&gt;</a>&nbsp;&nbsp;&nbsp;nrf_dfu_settings_write
<LI><a href="#[b4]">&gt;&gt;</a>&nbsp;&nbsp;&nbsp;bl_activate
<LI><a href="#[18f]">&gt;&gt;</a>&nbsp;&nbsp;&nbsp;settings_write
<LI><a href="#[dd]">&gt;&gt;</a>&nbsp;&nbsp;&nbsp;fw_hash_ok
</UL>

<P><STRONG><a name="[9c]"></a>strcpy</STRONG> (Thumb, 18 bytes, Stack size 0 bytes, strcpy.o(.text))
<BR><BR>[Called By]<UL><LI><a href="#[94]">&gt;&gt;</a>&nbsp;&nbsp;&nbsp;_DoInit
</UL>

<P><STRONG><a name="[69]"></a>__scatterload</STRONG> (Thumb, 28 bytes, Stack size 0 bytes, init.o(.text))
<BR><BR>[Calls]<UL><LI><a href="#[6d]">&gt;&gt;</a>&nbsp;&nbsp;&nbsp;__main_after_scatterload
</UL>
<BR>[Called By]<UL><LI><a href="#[68]">&gt;&gt;</a>&nbsp;&nbsp;&nbsp;_main_scatterload
</UL>

<P><STRONG><a name="[1a6]"></a>__scatterload_rt2</STRONG> (Thumb, 0 bytes, Stack size 0 bytes, init.o(.text), UNUSED)

<P><STRONG><a name="[1a7]"></a>__decompress</STRONG> (Thumb, 0 bytes, Stack size unknown bytes, __dczerorl2.o(.text), UNUSED)

<P><STRONG><a name="[1a8]"></a>__decompress1</STRONG> (Thumb, 86 bytes, Stack size unknown bytes, __dczerorl2.o(.text), UNUSED)

<P><STRONG><a name="[33]"></a>CRYPTOCELL_IRQHandler</STRONG> (Thumb, 36 bytes, Stack size unknown bytes, ssi_hal.c.obj(.text.CRYPTOCELL_IRQHandler))
<BR>[Address Reference Count : 1]<UL><LI> arm_startup_nrf52840.o(RESET)
</UL>
<P><STRONG><a name="[82]"></a>CRYS_COMMON_ReverseMemcpy32</STRONG> (Thumb, 26 bytes, Stack size unknown bytes, crys_common_conv_endian.c.obj(.text.CRYS_COMMON_ReverseMemcpy32))
<BR><BR>[Called By]<UL><LI><a href="#[80]">&gt;&gt;</a>&nbsp;&nbsp;&nbsp;nrf_cc310_bl_ecdsa_verify_hash_secp256r1
<LI><a href="#[85]">&gt;&gt;</a>&nbsp;&nbsp;&nbsp;nrf_cc310_bl_ecdsa_verify_init_secp256r1
</UL>

<P><STRONG><a name="[6e]"></a>PkaAddAff</STRONG> (Thumb, 284 bytes, Stack size unknown bytes, pka_ec_wrst.c.obj(.text.PkaAddAff))
<BR><BR>[Calls]<UL><LI><a href="#[6f]">&gt;&gt;</a>&nbsp;&nbsp;&nbsp;PkaJcb2Afn
</UL>
<BR>[Called By]<UL><LI><a href="#[71]">&gt;&gt;</a>&nbsp;&nbsp;&nbsp;PkaSum2ScalarMullt
</UL>

<P><STRONG><a name="[7b]"></a>PkaAddJcbAfn2Mdf</STRONG> (Thumb, 404 bytes, Stack size unknown bytes, pka_ec_wrst.c.obj(.text.PkaAddJcbAfn2Mdf))
<BR><BR>[Called By]<UL><LI><a href="#[71]">&gt;&gt;</a>&nbsp;&nbsp;&nbsp;PkaSum2ScalarMullt
</UL>

<P><STRONG><a name="[73]"></a>PkaClearBlockOfRegs</STRONG> (Thumb, 308 bytes, Stack size unknown bytes, pka.c.obj(.text.PkaClearBlockOfRegs))
<BR><BR>[Called By]<UL><LI><a href="#[72]">&gt;&gt;</a>&nbsp;&nbsp;&nbsp;PkaFinishAndMutexUnlock
</UL>

<P><STRONG><a name="[84]"></a>PkaCopyDataIntoPkaReg</STRONG> (Thumb, 184 bytes, Stack size unknown bytes, pka.c.obj(.text.PkaCopyDataIntoPkaReg))
<BR><BR>[Called By]<UL><LI><a href="#[80]">&gt;&gt;</a>&nbsp;&nbsp;&nbsp;nrf_cc310_bl_ecdsa_verify_hash_secp256r1
</UL>

<P><STRONG><a name="[7a]"></a>PkaDoubleMdf2Jcb</STRONG> (Thumb, 376 bytes, Stack size unknown bytes, pka_ec_wrst.c.obj(.text.PkaDoubleMdf2Jcb))
<BR><BR>[Called By]<UL><LI><a href="#[71]">&gt;&gt;</a>&nbsp;&nbsp;&nbsp;PkaSum2ScalarMullt
</UL>

<P><STRONG><a name="[79]"></a>PkaDoubleMdf2Mdf</STRONG> (Thumb, 428 bytes, Stack size unknown bytes, pka_ec_wrst.c.obj(.text.PkaDoubleMdf2Mdf))
<BR><BR>[Called By]<UL><LI><a href="#[71]">&gt;&gt;</a>&nbsp;&nbsp;&nbsp;PkaSum2ScalarMullt
</UL>

<P><STRONG><a name="[70]"></a>PkaEcdsaVerify</STRONG> (Thumb, 644 bytes, Stack size unknown bytes, pka_ec_wrst_dsa_verify.c.obj(.text.PkaEcdsaVerify))
<BR><BR>[Calls]<UL><LI><a href="#[71]">&gt;&gt;</a>&nbsp;&nbsp;&nbsp;PkaSum2ScalarMullt
</UL>
<BR>[Called By]<UL><LI><a href="#[80]">&gt;&gt;</a>&nbsp;&nbsp;&nbsp;nrf_cc310_bl_ecdsa_verify_hash_secp256r1
</UL>

<P><STRONG><a name="[72]"></a>PkaFinishAndMutexUnlock</STRONG> (Thumb, 36 bytes, Stack size unknown bytes, pka.c.obj(.text.PkaFinishAndMutexUnlock))
<BR><BR>[Calls]<UL><LI><a href="#[73]">&gt;&gt;</a>&nbsp;&nbsp;&nbsp;PkaClearBlockOfRegs
</UL>
<BR>[Called By]<UL><LI><a href="#[80]">&gt;&gt;</a>&nbsp;&nbsp;&nbsp;nrf_cc310_bl_ecdsa_verify_hash_secp256r1
</UL>

<P><STRONG><a name="[78]"></a>PkaGetNextMsBit</STRONG> (Thumb, 120 bytes, Stack size unknown bytes, pka.c.obj(.text.PkaGetNextMsBit))
<BR><BR>[Called By]<UL><LI><a href="#[71]">&gt;&gt;</a>&nbsp;&nbsp;&nbsp;PkaSum2ScalarMullt
</UL>

<P><STRONG><a name="[77]"></a>PkaGetRegEffectiveSizeInBits</STRONG> (Thumb, 140 bytes, Stack size unknown bytes, pka.c.obj(.text.PkaGetRegEffectiveSizeInBits))
<BR><BR>[Called By]<UL><LI><a href="#[71]">&gt;&gt;</a>&nbsp;&nbsp;&nbsp;PkaSum2ScalarMullt
</UL>

<P><STRONG><a name="[83]"></a>PkaInitAndMutexLock</STRONG> (Thumb, 8 bytes, Stack size unknown bytes, pka.c.obj(.text.PkaInitAndMutexLock))
<BR><BR>[Called By]<UL><LI><a href="#[80]">&gt;&gt;</a>&nbsp;&nbsp;&nbsp;nrf_cc310_bl_ecdsa_verify_hash_secp256r1
</UL>

<P><STRONG><a name="[74]"></a>PkaInitPka</STRONG> (Thumb, 116 bytes, Stack size unknown bytes, pka.c.obj(.text.PkaInitPka), UNUSED)
<BR><BR>[Calls]<UL><LI><a href="#[76]">&gt;&gt;</a>&nbsp;&nbsp;&nbsp;PkaSetRegsSizesTab
<LI><a href="#[75]">&gt;&gt;</a>&nbsp;&nbsp;&nbsp;PkaSetRegsMapTab
</UL>

<P><STRONG><a name="[6f]"></a>PkaJcb2Afn</STRONG> (Thumb, 176 bytes, Stack size unknown bytes, pka_ec_wrst.c.obj(.text.PkaJcb2Afn))
<BR><BR>[Called By]<UL><LI><a href="#[6e]">&gt;&gt;</a>&nbsp;&nbsp;&nbsp;PkaAddAff
<LI><a href="#[71]">&gt;&gt;</a>&nbsp;&nbsp;&nbsp;PkaSum2ScalarMullt
</UL>

<P><STRONG><a name="[75]"></a>PkaSetRegsMapTab</STRONG> (Thumb, 72 bytes, Stack size unknown bytes, pka.c.obj(.text.PkaSetRegsMapTab), UNUSED)
<BR><BR>[Called By]<UL><LI><a href="#[74]">&gt;&gt;</a>&nbsp;&nbsp;&nbsp;PkaInitPka
</UL>

<P><STRONG><a name="[76]"></a>PkaSetRegsSizesTab</STRONG> (Thumb, 60 bytes, Stack size unknown bytes, pka.c.obj(.text.PkaSetRegsSizesTab), UNUSED)
<BR><BR>[Called By]<UL><LI><a href="#[74]">&gt;&gt;</a>&nbsp;&nbsp;&nbsp;PkaInitPka
</UL>

<P><STRONG><a name="[71]"></a>PkaSum2ScalarMullt</STRONG> (Thumb, 484 bytes, Stack size unknown bytes, pka_ec_wrst.c.obj(.text.PkaSum2ScalarMullt))
<BR><BR>[Calls]<UL><LI><a href="#[6e]">&gt;&gt;</a>&nbsp;&nbsp;&nbsp;PkaAddAff
<LI><a href="#[6f]">&gt;&gt;</a>&nbsp;&nbsp;&nbsp;PkaJcb2Afn
<LI><a href="#[7b]">&gt;&gt;</a>&nbsp;&nbsp;&nbsp;PkaAddJcbAfn2Mdf
<LI><a href="#[7a]">&gt;&gt;</a>&nbsp;&nbsp;&nbsp;PkaDoubleMdf2Jcb
<LI><a href="#[79]">&gt;&gt;</a>&nbsp;&nbsp;&nbsp;PkaDoubleMdf2Mdf
<LI><a href="#[78]">&gt;&gt;</a>&nbsp;&nbsp;&nbsp;PkaGetNextMsBit
<LI><a href="#[77]">&gt;&gt;</a>&nbsp;&nbsp;&nbsp;PkaGetRegEffectiveSizeInBits
</UL>
<BR>[Called By]<UL><LI><a href="#[70]">&gt;&gt;</a>&nbsp;&nbsp;&nbsp;PkaEcdsaVerify
</UL>

<P><STRONG><a name="[8c]"></a>SaSi_HalClearInterruptBit</STRONG> (Thumb, 12 bytes, Stack size unknown bytes, ssi_hal.c.obj(.text.SaSi_HalClearInterruptBit))
<BR><BR>[Called By]<UL><LI><a href="#[89]">&gt;&gt;</a>&nbsp;&nbsp;&nbsp;nrf_cc310_bl_hash_update_internal
</UL>

<P><STRONG><a name="[8d]"></a>SaSi_HalMaskInterrupt</STRONG> (Thumb, 12 bytes, Stack size unknown bytes, ssi_hal.c.obj(.text.SaSi_HalMaskInterrupt))
<BR><BR>[Called By]<UL><LI><a href="#[89]">&gt;&gt;</a>&nbsp;&nbsp;&nbsp;nrf_cc310_bl_hash_update_internal
</UL>

<P><STRONG><a name="[8e]"></a>SaSi_HalWaitInterrupt</STRONG> (Thumb, 52 bytes, Stack size unknown bytes, ssi_hal.c.obj(.text.SaSi_HalWaitInterrupt))
<BR><BR>[Called By]<UL><LI><a href="#[89]">&gt;&gt;</a>&nbsp;&nbsp;&nbsp;nrf_cc310_bl_hash_update_internal
</UL>

<P><STRONG><a name="[7c]"></a>SaSi_PalMemCopy</STRONG> (Thumb, 4 bytes, Stack size unknown bytes, ssi_pal_mem.c.obj(.text.SaSi_PalMemCopy))
<BR><BR>[Stack]<UL><LI>Max Depth = 8 + Unknown Stack Size
<LI>Call Chain = SaSi_PalMemCopy &rArr; memcpy
</UL>
<BR>[Calls]<UL><LI><a href="#[7d]">&gt;&gt;</a>&nbsp;&nbsp;&nbsp;memcpy
</UL>
<BR>[Called By]<UL><LI><a href="#[8b]">&gt;&gt;</a>&nbsp;&nbsp;&nbsp;nrf_cc310_bl_hash_sha256_update
<LI><a href="#[8a]">&gt;&gt;</a>&nbsp;&nbsp;&nbsp;nrf_cc310_bl_hash_sha256_init
</UL>

<P><STRONG><a name="[7e]"></a>SaSi_PalMemSet</STRONG> (Thumb, 4 bytes, Stack size unknown bytes, ssi_pal_mem.c.obj(.text.SaSi_PalMemSet))
<BR><BR>[Stack]<UL><LI>Max Depth = 8 + Unknown Stack Size
<LI>Call Chain = SaSi_PalMemSet &rArr; memset
</UL>
<BR>[Calls]<UL><LI><a href="#[6c]">&gt;&gt;</a>&nbsp;&nbsp;&nbsp;memset
</UL>
<BR>[Called By]<UL><LI><a href="#[85]">&gt;&gt;</a>&nbsp;&nbsp;&nbsp;nrf_cc310_bl_ecdsa_verify_init_secp256r1
</UL>

<P><STRONG><a name="[7f]"></a>SaSi_PalMemSetZero</STRONG> (Thumb, 8 bytes, Stack size unknown bytes, ssi_pal_mem.c.obj(.text.SaSi_PalMemSetZero))
<BR><BR>[Stack]<UL><LI>Max Depth = 8 + Unknown Stack Size
<LI>Call Chain = SaSi_PalMemSetZero &rArr; memset
</UL>
<BR>[Calls]<UL><LI><a href="#[6c]">&gt;&gt;</a>&nbsp;&nbsp;&nbsp;memset
</UL>
<BR>[Called By]<UL><LI><a href="#[8a]">&gt;&gt;</a>&nbsp;&nbsp;&nbsp;nrf_cc310_bl_hash_sha256_init
<LI><a href="#[80]">&gt;&gt;</a>&nbsp;&nbsp;&nbsp;nrf_cc310_bl_ecdsa_verify_hash_secp256r1
</UL>

<P><STRONG><a name="[80]"></a>nrf_cc310_bl_ecdsa_verify_hash_secp256r1</STRONG> (Thumb, 360 bytes, Stack size unknown bytes, nrf_cc310_bl_ecdsa_verify_secp256r1.c.obj(.text.nrf_cc310_bl_ecdsa_verify_hash_secp256r1))
<BR><BR>[Stack]<UL><LI>Max Depth = 8 + Unknown Stack Size
<LI>Call Chain = nrf_cc310_bl_ecdsa_verify_hash_secp256r1 &rArr; SaSi_PalMemSetZero &rArr; memset
</UL>
<BR>[Calls]<UL><LI><a href="#[7f]">&gt;&gt;</a>&nbsp;&nbsp;&nbsp;SaSi_PalMemSetZero
<LI><a href="#[72]">&gt;&gt;</a>&nbsp;&nbsp;&nbsp;PkaFinishAndMutexUnlock
<LI><a href="#[70]">&gt;&gt;</a>&nbsp;&nbsp;&nbsp;PkaEcdsaVerify
<LI><a href="#[84]">&gt;&gt;</a>&nbsp;&nbsp;&nbsp;PkaCopyDataIntoPkaReg
<LI><a href="#[83]">&gt;&gt;</a>&nbsp;&nbsp;&nbsp;PkaInitAndMutexLock
<LI><a href="#[82]">&gt;&gt;</a>&nbsp;&nbsp;&nbsp;CRYS_COMMON_ReverseMemcpy32
<LI><a href="#[81]">&gt;&gt;</a>&nbsp;&nbsp;&nbsp;verify_context_ecdsa_verify_secp256r1
</UL>
<BR>[Called By]<UL><LI><a href="#[86]">&gt;&gt;</a>&nbsp;&nbsp;&nbsp;nrf_cc310_bl_ecdsa_verify_secp256r1
</UL>

<P><STRONG><a name="[85]"></a>nrf_cc310_bl_ecdsa_verify_init_secp256r1</STRONG> (Thumb, 76 bytes, Stack size unknown bytes, nrf_cc310_bl_ecdsa_verify_secp256r1.c.obj(.text.nrf_cc310_bl_ecdsa_verify_init_secp256r1))
<BR><BR>[Stack]<UL><LI>Max Depth = 8 + Unknown Stack Size
<LI>Call Chain = nrf_cc310_bl_ecdsa_verify_init_secp256r1 &rArr; SaSi_PalMemSet &rArr; memset
</UL>
<BR>[Calls]<UL><LI><a href="#[82]">&gt;&gt;</a>&nbsp;&nbsp;&nbsp;CRYS_COMMON_ReverseMemcpy32
<LI><a href="#[7e]">&gt;&gt;</a>&nbsp;&nbsp;&nbsp;SaSi_PalMemSet
</UL>
<BR>[Called By]<UL><LI><a href="#[86]">&gt;&gt;</a>&nbsp;&nbsp;&nbsp;nrf_cc310_bl_ecdsa_verify_secp256r1
</UL>

<P><STRONG><a name="[86]"></a>nrf_cc310_bl_ecdsa_verify_secp256r1</STRONG> (Thumb, 38 bytes, Stack size unknown bytes, nrf_cc310_bl_ecdsa_verify_secp256r1.c.obj(.text.nrf_cc310_bl_ecdsa_verify_secp256r1))
<BR><BR>[Stack]<UL><LI>Max Depth = 8 + Unknown Stack Size
<LI>Call Chain = nrf_cc310_bl_ecdsa_verify_secp256r1 &rArr; nrf_cc310_bl_ecdsa_verify_hash_secp256r1 &rArr; SaSi_PalMemSetZero &rArr; memset
</UL>
<BR>[Calls]<UL><LI><a href="#[80]">&gt;&gt;</a>&nbsp;&nbsp;&nbsp;nrf_cc310_bl_ecdsa_verify_hash_secp256r1
<LI><a href="#[85]">&gt;&gt;</a>&nbsp;&nbsp;&nbsp;nrf_cc310_bl_ecdsa_verify_init_secp256r1
</UL>
<BR>[Called By]<UL><LI><a href="#[117]">&gt;&gt;</a>&nbsp;&nbsp;&nbsp;nrf_crypto_backend_secp256r1_verify
</UL>

<P><STRONG><a name="[87]"></a>nrf_cc310_bl_hash_sha256_finalize</STRONG> (Thumb, 96 bytes, Stack size unknown bytes, nrf_cc310_bl_hash_sha256.c.obj(.text.nrf_cc310_bl_hash_sha256_finalize))
<BR><BR>[Calls]<UL><LI><a href="#[89]">&gt;&gt;</a>&nbsp;&nbsp;&nbsp;nrf_cc310_bl_hash_update_internal
<LI><a href="#[88]">&gt;&gt;</a>&nbsp;&nbsp;&nbsp;verify_context_hash_sha256
</UL>
<BR>[Called By]<UL><LI><a href="#[4c]">&gt;&gt;</a>&nbsp;&nbsp;&nbsp;cc310_bl_backend_hash_sha256_finalize
</UL>

<P><STRONG><a name="[8a]"></a>nrf_cc310_bl_hash_sha256_init</STRONG> (Thumb, 52 bytes, Stack size unknown bytes, nrf_cc310_bl_hash_sha256.c.obj(.text.nrf_cc310_bl_hash_sha256_init))
<BR><BR>[Stack]<UL><LI>Max Depth = 8 + Unknown Stack Size
<LI>Call Chain = nrf_cc310_bl_hash_sha256_init &rArr; SaSi_PalMemCopy &rArr; memcpy
</UL>
<BR>[Calls]<UL><LI><a href="#[7c]">&gt;&gt;</a>&nbsp;&nbsp;&nbsp;SaSi_PalMemCopy
<LI><a href="#[7f]">&gt;&gt;</a>&nbsp;&nbsp;&nbsp;SaSi_PalMemSetZero
</UL>
<BR>[Called By]<UL><LI><a href="#[4a]">&gt;&gt;</a>&nbsp;&nbsp;&nbsp;cc310_bl_backend_hash_sha256_init
</UL>

<P><STRONG><a name="[8b]"></a>nrf_cc310_bl_hash_sha256_update</STRONG> (Thumb, 176 bytes, Stack size unknown bytes, nrf_cc310_bl_hash_sha256.c.obj(.text.nrf_cc310_bl_hash_sha256_update))
<BR><BR>[Stack]<UL><LI>Max Depth = 8 + Unknown Stack Size
<LI>Call Chain = nrf_cc310_bl_hash_sha256_update &rArr; SaSi_PalMemCopy &rArr; memcpy
</UL>
<BR>[Calls]<UL><LI><a href="#[89]">&gt;&gt;</a>&nbsp;&nbsp;&nbsp;nrf_cc310_bl_hash_update_internal
<LI><a href="#[7c]">&gt;&gt;</a>&nbsp;&nbsp;&nbsp;SaSi_PalMemCopy
<LI><a href="#[88]">&gt;&gt;</a>&nbsp;&nbsp;&nbsp;verify_context_hash_sha256
</UL>
<BR>[Called By]<UL><LI><a href="#[4b]">&gt;&gt;</a>&nbsp;&nbsp;&nbsp;cc310_bl_backend_hash_sha256_update
</UL>

<P><STRONG><a name="[89]"></a>nrf_cc310_bl_hash_update_internal</STRONG> (Thumb, 240 bytes, Stack size unknown bytes, nrf_cc310_bl_hash.c.obj(.text.nrf_cc310_bl_hash_update_internal))
<BR><BR>[Calls]<UL><LI><a href="#[8e]">&gt;&gt;</a>&nbsp;&nbsp;&nbsp;SaSi_HalWaitInterrupt
<LI><a href="#[8d]">&gt;&gt;</a>&nbsp;&nbsp;&nbsp;SaSi_HalMaskInterrupt
<LI><a href="#[8c]">&gt;&gt;</a>&nbsp;&nbsp;&nbsp;SaSi_HalClearInterruptBit
</UL>
<BR>[Called By]<UL><LI><a href="#[8b]">&gt;&gt;</a>&nbsp;&nbsp;&nbsp;nrf_cc310_bl_hash_sha256_update
<LI><a href="#[87]">&gt;&gt;</a>&nbsp;&nbsp;&nbsp;nrf_cc310_bl_hash_sha256_finalize
</UL>

<P><STRONG><a name="[c4]"></a>nrf_cc310_bl_init</STRONG> (Thumb, 52 bytes, Stack size unknown bytes, nrf_cc310_bl_init.c.obj(.text.nrf_cc310_bl_init))
<BR><BR>[Called By]<UL><LI><a href="#[64]">&gt;&gt;</a>&nbsp;&nbsp;&nbsp;cc310_bl_backend_init
</UL>

<P><STRONG><a name="[2d]"></a>RTC2_IRQHandler</STRONG> (Thumb, 128 bytes, Stack size 24 bytes, nrf_bootloader_dfu_timers.o(i.RTC2_IRQHandler))
<BR><BR>[Stack]<UL><LI>Max Depth = 304<LI>Call Chain = RTC2_IRQHandler &rArr; timer_activate &rArr; nrf_log_frontend_std_1 &rArr; std_n &rArr; nrf_log_frontend_dequeue &rArr; nrf_memobj_alloc &rArr; nrf_memobj_free &rArr; nrf_balloc_free &rArr; app_util_critical_region_exit &rArr; assert_nrf_callback &rArr; app_error_fault_handler &rArr; nrf_log_frontend_std_3 &rArr;  std_n (Cycle)
</UL>
<BR>[Calls]<UL><LI><a href="#[90]">&gt;&gt;</a>&nbsp;&nbsp;&nbsp;timer_stop
<LI><a href="#[92]">&gt;&gt;</a>&nbsp;&nbsp;&nbsp;timer_activate
<LI><a href="#[8f]">&gt;&gt;</a>&nbsp;&nbsp;&nbsp;nrf_rtc_event_clear
<LI><a href="#[91]">&gt;&gt;</a>&nbsp;&nbsp;&nbsp;nrf_log_frontend_std_1
</UL>
<BR>[Address Reference Count : 1]<UL><LI> arm_startup_nrf52840.o(RESET)
</UL>
<P><STRONG><a name="[93]"></a>SEGGER_RTT_Init</STRONG> (Thumb, 4 bytes, Stack size 0 bytes, segger_rtt.o(i.SEGGER_RTT_Init))
<BR><BR>[Stack]<UL><LI>Max Depth = 8<LI>Call Chain = SEGGER_RTT_Init &rArr; _DoInit
</UL>
<BR>[Calls]<UL><LI><a href="#[94]">&gt;&gt;</a>&nbsp;&nbsp;&nbsp;_DoInit
</UL>
<BR>[Called By]<UL><LI><a href="#[15b]">&gt;&gt;</a>&nbsp;&nbsp;&nbsp;nrf_log_backend_rtt_init
</UL>

<P><STRONG><a name="[95]"></a>SEGGER_RTT_WriteNoLock</STRONG> (Thumb, 86 bytes, Stack size 16 bytes, segger_rtt.o(i.SEGGER_RTT_WriteNoLock))
<BR><BR>[Stack]<UL><LI>Max Depth = 56<LI>Call Chain = SEGGER_RTT_WriteNoLock &rArr; _WriteBlocking &rArr; __aeabi_memcpy
</UL>
<BR>[Calls]<UL><LI><a href="#[97]">&gt;&gt;</a>&nbsp;&nbsp;&nbsp;_WriteNoCheck
<LI><a href="#[98]">&gt;&gt;</a>&nbsp;&nbsp;&nbsp;_WriteBlocking
<LI><a href="#[96]">&gt;&gt;</a>&nbsp;&nbsp;&nbsp;_GetAvailWriteSpace
</UL>
<BR>[Called By]<UL><LI><a href="#[42]">&gt;&gt;</a>&nbsp;&nbsp;&nbsp;serial_tx
</UL>

<P><STRONG><a name="[37]"></a>SystemInit</STRONG> (Thumb, 416 bytes, Stack size 12 bytes, system_nrf52840.o(i.SystemInit))
<BR><BR>[Stack]<UL><LI>Max Depth = 12<LI>Call Chain = SystemInit
</UL>
<BR>[Address Reference Count : 1]<UL><LI> arm_startup_nrf52840.o(.text)
</UL>
<P><STRONG><a name="[d]"></a>UARTE0_UART0_IRQHandler</STRONG> (Thumb, 24 bytes, Stack size 8 bytes, nrfx_prs.o(i.UARTE0_UART0_IRQHandler))
<BR><BR>[Stack]<UL><LI>Max Depth = 56<LI>Call Chain = UARTE0_UART0_IRQHandler &rArr; assert_nrf_callback &rArr; app_error_fault_handler &rArr; nrf_log_frontend_std_3 &rArr;  std_n (Cycle)
</UL>
<BR>[Calls]<UL><LI><a href="#[99]">&gt;&gt;</a>&nbsp;&nbsp;&nbsp;assert_nrf_callback
</UL>
<BR>[Address Reference Count : 1]<UL><LI> arm_startup_nrf52840.o(RESET)
</UL>
<P><STRONG><a name="[1b]"></a>WDT_IRQHandler</STRONG> (Thumb, 26 bytes, Stack size 8 bytes, nrf_bootloader_wdt.o(i.WDT_IRQHandler))
<BR><BR>[Stack]<UL><LI>Max Depth = 216<LI>Call Chain = WDT_IRQHandler &rArr; nrf_log_frontend_dequeue &rArr; nrf_memobj_alloc &rArr; nrf_memobj_free &rArr; nrf_balloc_free &rArr; app_util_critical_region_exit &rArr; assert_nrf_callback &rArr; app_error_fault_handler &rArr; nrf_log_frontend_std_3 &rArr;  std_n (Cycle)
</UL>
<BR>[Calls]<UL><LI><a href="#[9a]">&gt;&gt;</a>&nbsp;&nbsp;&nbsp;nrf_log_panic
<LI><a href="#[9b]">&gt;&gt;</a>&nbsp;&nbsp;&nbsp;nrf_log_frontend_dequeue
</UL>
<BR>[Address Reference Count : 1]<UL><LI> arm_startup_nrf52840.o(RESET)
</UL>
<P><STRONG><a name="[1a9]"></a>__scatterload_copy</STRONG> (Thumb, 14 bytes, Stack size unknown bytes, handlers.o(i.__scatterload_copy), UNUSED)

<P><STRONG><a name="[1aa]"></a>__scatterload_null</STRONG> (Thumb, 2 bytes, Stack size unknown bytes, handlers.o(i.__scatterload_null), UNUSED)

<P><STRONG><a name="[1ab]"></a>__scatterload_zeroinit</STRONG> (Thumb, 14 bytes, Stack size unknown bytes, handlers.o(i.__scatterload_zeroinit), UNUSED)

<P><STRONG><a name="[a7]"></a>app_error_fault_handler</STRONG> (Thumb, 34 bytes, Stack size 8 bytes, main.o(i.app_error_fault_handler))
<BR><BR>[Stack]<UL><LI>Max Depth = 32<LI>Call Chain = app_error_fault_handler &rArr; nrf_log_frontend_std_3 &rArr;  std_n (Cycle)
</UL>
<BR>[Calls]<UL><LI><a href="#[a1]">&gt;&gt;</a>&nbsp;&nbsp;&nbsp;nrf_log_frontend_std_3
<LI><a href="#[a8]">&gt;&gt;</a>&nbsp;&nbsp;&nbsp;on_error
</UL>
<BR>[Called By]<UL><LI><a href="#[99]">&gt;&gt;</a>&nbsp;&nbsp;&nbsp;assert_nrf_callback
</UL>

<P><STRONG><a name="[a9]"></a>app_error_handler_bare</STRONG> (Thumb, 26 bytes, Stack size 0 bytes, main.o(i.app_error_handler_bare))
<BR><BR>[Stack]<UL><LI>Max Depth = 256<LI>Call Chain = app_error_handler_bare &rArr; nrf_log_frontend_std_1 &rArr; std_n &rArr; nrf_log_frontend_dequeue &rArr; nrf_memobj_alloc &rArr; nrf_memobj_free &rArr; nrf_balloc_free &rArr; app_util_critical_region_exit &rArr; assert_nrf_callback &rArr; app_error_fault_handler &rArr; nrf_log_frontend_std_3 &rArr;  std_n (Cycle)
</UL>
<BR>[Calls]<UL><LI><a href="#[91]">&gt;&gt;</a>&nbsp;&nbsp;&nbsp;nrf_log_frontend_std_1
<LI><a href="#[a8]">&gt;&gt;</a>&nbsp;&nbsp;&nbsp;on_error
</UL>
<BR>[Called By]<UL><LI><a href="#[f2]">&gt;&gt;</a>&nbsp;&nbsp;&nbsp;nrf_bootloader_init
<LI><a href="#[36]">&gt;&gt;</a>&nbsp;&nbsp;&nbsp;main
<LI><a href="#[49]">&gt;&gt;</a>&nbsp;&nbsp;&nbsp;uart_event_handler
</UL>

<P><STRONG><a name="[aa]"></a>app_sched_event_put</STRONG> (Thumb, 150 bytes, Stack size 32 bytes, app_scheduler.o(i.app_sched_event_put))
<BR><BR>[Stack]<UL><LI>Max Depth = 88<LI>Call Chain = app_sched_event_put &rArr; app_util_critical_region_exit &rArr; assert_nrf_callback &rArr; app_error_fault_handler &rArr; nrf_log_frontend_std_3 &rArr;  std_n (Cycle)
</UL>
<BR>[Calls]<UL><LI><a href="#[ac]">&gt;&gt;</a>&nbsp;&nbsp;&nbsp;app_util_critical_region_exit
<LI><a href="#[ab]">&gt;&gt;</a>&nbsp;&nbsp;&nbsp;app_util_critical_region_enter
<LI><a href="#[9d]">&gt;&gt;</a>&nbsp;&nbsp;&nbsp;__aeabi_memcpy
</UL>
<BR>[Called By]<UL><LI><a href="#[13a]">&gt;&gt;</a>&nbsp;&nbsp;&nbsp;nrf_dfu_req_handler_on_req
<LI><a href="#[43]">&gt;&gt;</a>&nbsp;&nbsp;&nbsp;on_data_obj_execute_request_sched
</UL>

<P><STRONG><a name="[111]"></a>app_sched_execute</STRONG> (Thumb, 58 bytes, Stack size 8 bytes, app_scheduler.o(i.app_sched_execute))
<BR><BR>[Stack]<UL><LI>Max Depth = 8<LI>Call Chain = app_sched_execute
</UL>
<BR>[Called By]<UL><LI><a href="#[f2]">&gt;&gt;</a>&nbsp;&nbsp;&nbsp;nrf_bootloader_init
</UL>

<P><STRONG><a name="[10e]"></a>app_sched_init</STRONG> (Thumb, 40 bytes, Stack size 12 bytes, app_scheduler.o(i.app_sched_init))
<BR><BR>[Stack]<UL><LI>Max Depth = 12<LI>Call Chain = app_sched_init
</UL>
<BR>[Called By]<UL><LI><a href="#[f2]">&gt;&gt;</a>&nbsp;&nbsp;&nbsp;nrf_bootloader_init
</UL>

<P><STRONG><a name="[ab]"></a>app_util_critical_region_enter</STRONG> (Thumb, 26 bytes, Stack size 8 bytes, app_util_platform.o(i.app_util_critical_region_enter))
<BR><BR>[Stack]<UL><LI>Max Depth = 56<LI>Call Chain = app_util_critical_region_enter &rArr; assert_nrf_callback &rArr; app_error_fault_handler &rArr; nrf_log_frontend_std_3 &rArr;  std_n (Cycle)
</UL>
<BR>[Calls]<UL><LI><a href="#[99]">&gt;&gt;</a>&nbsp;&nbsp;&nbsp;assert_nrf_callback
<LI><a href="#[ad]">&gt;&gt;</a>&nbsp;&nbsp;&nbsp;privilege_level_get
<LI><a href="#[ae]">&gt;&gt;</a>&nbsp;&nbsp;&nbsp;app_util_disable_irq
</UL>
<BR>[Called By]<UL><LI><a href="#[9b]">&gt;&gt;</a>&nbsp;&nbsp;&nbsp;nrf_log_frontend_dequeue
<LI><a href="#[102]">&gt;&gt;</a>&nbsp;&nbsp;&nbsp;nrf_balloc_free
<LI><a href="#[101]">&gt;&gt;</a>&nbsp;&nbsp;&nbsp;nrf_balloc_alloc
<LI><a href="#[aa]">&gt;&gt;</a>&nbsp;&nbsp;&nbsp;app_sched_event_put
<LI><a href="#[16e]">&gt;&gt;</a>&nbsp;&nbsp;&nbsp;nrfx_prs_acquire
<LI><a href="#[b9]">&gt;&gt;</a>&nbsp;&nbsp;&nbsp;buf_prealloc
</UL>

<P><STRONG><a name="[ac]"></a>app_util_critical_region_exit</STRONG> (Thumb, 26 bytes, Stack size 8 bytes, app_util_platform.o(i.app_util_critical_region_exit))
<BR><BR>[Stack]<UL><LI>Max Depth = 56<LI>Call Chain = app_util_critical_region_exit &rArr; assert_nrf_callback &rArr; app_error_fault_handler &rArr; nrf_log_frontend_std_3 &rArr;  std_n (Cycle)
</UL>
<BR>[Calls]<UL><LI><a href="#[99]">&gt;&gt;</a>&nbsp;&nbsp;&nbsp;assert_nrf_callback
<LI><a href="#[ad]">&gt;&gt;</a>&nbsp;&nbsp;&nbsp;privilege_level_get
<LI><a href="#[af]">&gt;&gt;</a>&nbsp;&nbsp;&nbsp;app_util_enable_irq
</UL>
<BR>[Called By]<UL><LI><a href="#[9b]">&gt;&gt;</a>&nbsp;&nbsp;&nbsp;nrf_log_frontend_dequeue
<LI><a href="#[102]">&gt;&gt;</a>&nbsp;&nbsp;&nbsp;nrf_balloc_free
<LI><a href="#[101]">&gt;&gt;</a>&nbsp;&nbsp;&nbsp;nrf_balloc_alloc
<LI><a href="#[aa]">&gt;&gt;</a>&nbsp;&nbsp;&nbsp;app_sched_event_put
<LI><a href="#[16e]">&gt;&gt;</a>&nbsp;&nbsp;&nbsp;nrfx_prs_acquire
<LI><a href="#[b9]">&gt;&gt;</a>&nbsp;&nbsp;&nbsp;buf_prealloc
</UL>

<P><STRONG><a name="[ae]"></a>app_util_disable_irq</STRONG> (Thumb, 12 bytes, Stack size 0 bytes, app_util_platform.o(i.app_util_disable_irq))
<BR><BR>[Called By]<UL><LI><a href="#[ab]">&gt;&gt;</a>&nbsp;&nbsp;&nbsp;app_util_critical_region_enter
</UL>

<P><STRONG><a name="[af]"></a>app_util_enable_irq</STRONG> (Thumb, 14 bytes, Stack size 0 bytes, app_util_platform.o(i.app_util_enable_irq))
<BR><BR>[Called By]<UL><LI><a href="#[ac]">&gt;&gt;</a>&nbsp;&nbsp;&nbsp;app_util_critical_region_exit
</UL>

<P><STRONG><a name="[99]"></a>assert_nrf_callback</STRONG> (Thumb, 22 bytes, Stack size 16 bytes, nrf_assert.o(i.assert_nrf_callback))
<BR><BR>[Stack]<UL><LI>Max Depth = 48<LI>Call Chain = assert_nrf_callback &rArr; app_error_fault_handler &rArr; nrf_log_frontend_std_3 &rArr;  std_n (Cycle)
</UL>
<BR>[Calls]<UL><LI><a href="#[a7]">&gt;&gt;</a>&nbsp;&nbsp;&nbsp;app_error_fault_handler
</UL>
<BR>[Called By]<UL><LI><a href="#[a2]">&gt;&gt;</a>&nbsp;&nbsp;&nbsp;image_copy
<LI><a href="#[92]">&gt;&gt;</a>&nbsp;&nbsp;&nbsp;timer_activate
<LI><a href="#[109]">&gt;&gt;</a>&nbsp;&nbsp;&nbsp;nrf_bootloader_fw_activate
<LI><a href="#[d0]">&gt;&gt;</a>&nbsp;&nbsp;&nbsp;nrf_gpio_pin_port_decode
<LI><a href="#[f1]">&gt;&gt;</a>&nbsp;&nbsp;&nbsp;nrf_log_default_backends_init
<LI><a href="#[c0]">&gt;&gt;</a>&nbsp;&nbsp;&nbsp;cc310_backend_mutex_unlock
<LI><a href="#[123]">&gt;&gt;</a>&nbsp;&nbsp;&nbsp;nrf_crypto_internal_swap_endian_in_place
<LI><a href="#[de]">&gt;&gt;</a>&nbsp;&nbsp;&nbsp;nrf_crypto_internal_swap_endian
<LI><a href="#[117]">&gt;&gt;</a>&nbsp;&nbsp;&nbsp;nrf_crypto_backend_secp256r1_verify
<LI><a href="#[140]">&gt;&gt;</a>&nbsp;&nbsp;&nbsp;settings_backup
<LI><a href="#[18f]">&gt;&gt;</a>&nbsp;&nbsp;&nbsp;settings_write
<LI><a href="#[174]">&gt;&gt;</a>&nbsp;&nbsp;&nbsp;nrfx_uarte_tx
<LI><a href="#[151]">&gt;&gt;</a>&nbsp;&nbsp;&nbsp;nrfx_uarte_rx
<LI><a href="#[13d]">&gt;&gt;</a>&nbsp;&nbsp;&nbsp;nrf_dfu_serial_on_packet_received
<LI><a href="#[103]">&gt;&gt;</a>&nbsp;&nbsp;&nbsp;nrf_balloc_init
<LI><a href="#[102]">&gt;&gt;</a>&nbsp;&nbsp;&nbsp;nrf_balloc_free
<LI><a href="#[101]">&gt;&gt;</a>&nbsp;&nbsp;&nbsp;nrf_balloc_alloc
<LI><a href="#[137]">&gt;&gt;</a>&nbsp;&nbsp;&nbsp;nrf_dfu_validation_init
<LI><a href="#[12c]">&gt;&gt;</a>&nbsp;&nbsp;&nbsp;on_data_obj_write_request
<LI><a href="#[128]">&gt;&gt;</a>&nbsp;&nbsp;&nbsp;on_cmd_obj_write_request
<LI><a href="#[129]">&gt;&gt;</a>&nbsp;&nbsp;&nbsp;on_cmd_obj_execute_request
<LI><a href="#[127]">&gt;&gt;</a>&nbsp;&nbsp;&nbsp;on_cmd_obj_create_request
<LI><a href="#[13b]">&gt;&gt;</a>&nbsp;&nbsp;&nbsp;nrf_dfu_req_handler_req_process
<LI><a href="#[12a]">&gt;&gt;</a>&nbsp;&nbsp;&nbsp;nrf_dfu_data_req
<LI><a href="#[126]">&gt;&gt;</a>&nbsp;&nbsp;&nbsp;nrf_dfu_command_req
<LI><a href="#[c5]">&gt;&gt;</a>&nbsp;&nbsp;&nbsp;cmd_response_offset_and_crc_set
<LI><a href="#[133]">&gt;&gt;</a>&nbsp;&nbsp;&nbsp;nrf_fstorage_write
<LI><a href="#[132]">&gt;&gt;</a>&nbsp;&nbsp;&nbsp;nrf_fstorage_init
<LI><a href="#[130]">&gt;&gt;</a>&nbsp;&nbsp;&nbsp;nrf_fstorage_erase
<LI><a href="#[159]">&gt;&gt;</a>&nbsp;&nbsp;&nbsp;nrf_gpio_pin_port_decode
<LI><a href="#[e7]">&gt;&gt;</a>&nbsp;&nbsp;&nbsp;interrupts_enable
<LI><a href="#[ac]">&gt;&gt;</a>&nbsp;&nbsp;&nbsp;app_util_critical_region_exit
<LI><a href="#[ab]">&gt;&gt;</a>&nbsp;&nbsp;&nbsp;app_util_critical_region_enter
<LI><a href="#[170]">&gt;&gt;</a>&nbsp;&nbsp;&nbsp;nrfx_prs_release
<LI><a href="#[16e]">&gt;&gt;</a>&nbsp;&nbsp;&nbsp;nrfx_prs_acquire
<LI><a href="#[d]">&gt;&gt;</a>&nbsp;&nbsp;&nbsp;UARTE0_UART0_IRQHandler
<LI><a href="#[14f]">&gt;&gt;</a>&nbsp;&nbsp;&nbsp;nrfx_uarte_init
<LI><a href="#[14d]">&gt;&gt;</a>&nbsp;&nbsp;&nbsp;sd_req_ok
<LI><a href="#[146]">&gt;&gt;</a>&nbsp;&nbsp;&nbsp;nrf_dfu_ver_validation_check
<LI><a href="#[dd]">&gt;&gt;</a>&nbsp;&nbsp;&nbsp;fw_hash_ok
<LI><a href="#[124]">&gt;&gt;</a>&nbsp;&nbsp;&nbsp;nrf_dfu_cache_prepare
<LI><a href="#[165]">&gt;&gt;</a>&nbsp;&nbsp;&nbsp;nrf_memobj_write
<LI><a href="#[15e]">&gt;&gt;</a>&nbsp;&nbsp;&nbsp;nrf_memobj_read
<LI><a href="#[f4]">&gt;&gt;</a>&nbsp;&nbsp;&nbsp;memobj_op
<LI><a href="#[153]">&gt;&gt;</a>&nbsp;&nbsp;&nbsp;nrf_fprintf_fmt
<LI><a href="#[bd]">&gt;&gt;</a>&nbsp;&nbsp;&nbsp;nrf_fprintf_buffer_flush
<LI><a href="#[152]">&gt;&gt;</a>&nbsp;&nbsp;&nbsp;nrf_fprintf
<LI><a href="#[190]">&gt;&gt;</a>&nbsp;&nbsp;&nbsp;std_header_set
<LI><a href="#[bb]">&gt;&gt;</a>&nbsp;&nbsp;&nbsp;log_skip
</UL>

<P><STRONG><a name="[163]"></a>buffer_is_empty</STRONG> (Thumb, 16 bytes, Stack size 0 bytes, nrf_log_frontend.o(i.buffer_is_empty))
<BR><BR>[Called By]<UL><LI><a href="#[9b]">&gt;&gt;</a>&nbsp;&nbsp;&nbsp;nrf_log_frontend_dequeue
</UL>

<P><STRONG><a name="[c2]"></a>cc310_bl_backend_disable</STRONG> (Thumb, 18 bytes, Stack size 0 bytes, cc310_bl_backend_shared.o(i.cc310_bl_backend_disable))
<BR><BR>[Called By]<UL><LI><a href="#[4b]">&gt;&gt;</a>&nbsp;&nbsp;&nbsp;cc310_bl_backend_hash_sha256_update
<LI><a href="#[4c]">&gt;&gt;</a>&nbsp;&nbsp;&nbsp;cc310_bl_backend_hash_sha256_finalize
<LI><a href="#[117]">&gt;&gt;</a>&nbsp;&nbsp;&nbsp;nrf_crypto_backend_secp256r1_verify
</UL>

<P><STRONG><a name="[c1]"></a>cc310_bl_backend_enable</STRONG> (Thumb, 16 bytes, Stack size 0 bytes, cc310_bl_backend_shared.o(i.cc310_bl_backend_enable))
<BR><BR>[Called By]<UL><LI><a href="#[4b]">&gt;&gt;</a>&nbsp;&nbsp;&nbsp;cc310_bl_backend_hash_sha256_update
<LI><a href="#[4c]">&gt;&gt;</a>&nbsp;&nbsp;&nbsp;cc310_bl_backend_hash_sha256_finalize
<LI><a href="#[117]">&gt;&gt;</a>&nbsp;&nbsp;&nbsp;nrf_crypto_backend_secp256r1_verify
</UL>

<P><STRONG><a name="[a3]"></a>crc32_compute</STRONG> (Thumb, 54 bytes, Stack size 20 bytes, crc32.o(i.crc32_compute))
<BR><BR>[Stack]<UL><LI>Max Depth = 20<LI>Call Chain = crc32_compute
</UL>
<BR>[Called By]<UL><LI><a href="#[9e]">&gt;&gt;</a>&nbsp;&nbsp;&nbsp;app_activate
<LI><a href="#[cf]">&gt;&gt;</a>&nbsp;&nbsp;&nbsp;nrf_dfu_app_is_valid
<LI><a href="#[140]">&gt;&gt;</a>&nbsp;&nbsp;&nbsp;settings_backup
<LI><a href="#[13e]">&gt;&gt;</a>&nbsp;&nbsp;&nbsp;nrf_dfu_settings_crc_get
<LI><a href="#[143]">&gt;&gt;</a>&nbsp;&nbsp;&nbsp;nrf_dfu_validation_init_cmd_append
<LI><a href="#[12c]">&gt;&gt;</a>&nbsp;&nbsp;&nbsp;on_data_obj_write_request
</UL>

<P><STRONG><a name="[0]"></a>dfu_fstorage_evt_handler</STRONG> (Thumb, 104 bytes, Stack size 32 bytes, nrf_dfu_flash.o(i.dfu_fstorage_evt_handler))
<BR><BR>[Stack]<UL><LI>Max Depth = 320<LI>Call Chain = dfu_fstorage_evt_handler &rArr; nrf_log_frontend_std_5 &rArr; std_n &rArr; nrf_log_frontend_dequeue &rArr; nrf_memobj_alloc &rArr; nrf_memobj_free &rArr; nrf_balloc_free &rArr; app_util_critical_region_exit &rArr; assert_nrf_callback &rArr; app_error_fault_handler &rArr; nrf_log_frontend_std_3 &rArr;  std_n (Cycle)
</UL>
<BR>[Calls]<UL><LI><a href="#[a1]">&gt;&gt;</a>&nbsp;&nbsp;&nbsp;nrf_log_frontend_std_3
<LI><a href="#[d1]">&gt;&gt;</a>&nbsp;&nbsp;&nbsp;nrf_log_frontend_std_5
</UL>
<BR>[Address Reference Count : 1]<UL><LI> nrf_dfu_flash.o(fs_data)
</UL>
<P><STRONG><a name="[59]"></a>dfu_req_handler_rsp_clbk</STRONG> (Thumb, 76 bytes, Stack size 16 bytes, nrf_dfu_serial.o(i.dfu_req_handler_rsp_clbk))
<BR><BR>[Stack]<UL><LI>Max Depth = 304<LI>Call Chain = dfu_req_handler_rsp_clbk &rArr; response_send &rArr; nrf_log_frontend_std_2 &rArr; std_n &rArr; nrf_log_frontend_dequeue &rArr; nrf_memobj_alloc &rArr; nrf_memobj_free &rArr; nrf_balloc_free &rArr; app_util_critical_region_exit &rArr; assert_nrf_callback &rArr; app_error_fault_handler &rArr; nrf_log_frontend_std_3 &rArr;  std_n (Cycle)
</UL>
<BR>[Calls]<UL><LI><a href="#[91]">&gt;&gt;</a>&nbsp;&nbsp;&nbsp;nrf_log_frontend_std_1
<LI><a href="#[d4]">&gt;&gt;</a>&nbsp;&nbsp;&nbsp;response_send
</UL>
<BR>[Address Reference Count : 1]<UL><LI> nrf_dfu_serial.o(.constdata)
</UL>
<P><STRONG><a name="[18c]"></a>ext_error_get</STRONG> (Thumb, 10 bytes, Stack size 0 bytes, nrf_dfu_handling_error.o(i.ext_error_get))
<BR><BR>[Called By]<UL><LI><a href="#[d4]">&gt;&gt;</a>&nbsp;&nbsp;&nbsp;response_send
</UL>

<P><STRONG><a name="[dc]"></a>ext_error_set</STRONG> (Thumb, 8 bytes, Stack size 0 bytes, nrf_dfu_handling_error.o(i.ext_error_set))
<BR><BR>[Called By]<UL><LI><a href="#[db]">&gt;&gt;</a>&nbsp;&nbsp;&nbsp;ext_err_code_handle
<LI><a href="#[135]">&gt;&gt;</a>&nbsp;&nbsp;&nbsp;nrf_dfu_req_handler_init
<LI><a href="#[d4]">&gt;&gt;</a>&nbsp;&nbsp;&nbsp;response_send
</UL>

<P><STRONG><a name="[36]"></a>main</STRONG> (Thumb, 92 bytes, Stack size 8 bytes, main.o(i.main))
<BR><BR>[Stack]<UL><LI>Max Depth = 496 + Unknown Stack Size
<LI>Call Chain = main &rArr; nrf_bootloader_init &rArr; nrf_bootloader_fw_activate &rArr; sd_bl_activate &rArr; sd_activate &rArr; image_copy &rArr; nrf_dfu_settings_write &rArr; nrf_dfu_flash_store &rArr; nrf_log_frontend_std_4 &rArr; std_n &rArr; nrf_log_frontend_dequeue &rArr; nrf_memobj_alloc &rArr; nrf_memobj_free &rArr; nrf_balloc_free &rArr; app_util_critical_region_exit &rArr; assert_nrf_callback &rArr; app_error_fault_handler &rArr; nrf_log_frontend_std_3 &rArr;  std_n (Cycle)
</UL>
<BR>[Calls]<UL><LI><a href="#[f0]">&gt;&gt;</a>&nbsp;&nbsp;&nbsp;nrf_log_init
<LI><a href="#[a0]">&gt;&gt;</a>&nbsp;&nbsp;&nbsp;nrf_log_frontend_std_0
<LI><a href="#[f1]">&gt;&gt;</a>&nbsp;&nbsp;&nbsp;nrf_log_default_backends_init
<LI><a href="#[f2]">&gt;&gt;</a>&nbsp;&nbsp;&nbsp;nrf_bootloader_init
<LI><a href="#[ef]">&gt;&gt;</a>&nbsp;&nbsp;&nbsp;nrf_bootloader_flash_protect
<LI><a href="#[f3]">&gt;&gt;</a>&nbsp;&nbsp;&nbsp;nrf_bootloader_app_start
<LI><a href="#[a9]">&gt;&gt;</a>&nbsp;&nbsp;&nbsp;app_error_handler_bare
</UL>
<BR>[Address Reference Count : 1]<UL><LI> entry9a.o(.ARM.Collect$$$$0000000B)
</UL>
<P><STRONG><a name="[d8]"></a>nrf_atomic_flag_clear</STRONG> (Thumb, 6 bytes, Stack size 0 bytes, nrf_atomic.o(i.nrf_atomic_flag_clear))
<BR><BR>[Stack]<UL><LI>Max Depth = 8<LI>Call Chain = nrf_atomic_flag_clear &rArr; nrf_atomic_u32_and
</UL>
<BR>[Calls]<UL><LI><a href="#[f7]">&gt;&gt;</a>&nbsp;&nbsp;&nbsp;nrf_atomic_u32_and
</UL>
<BR>[Called By]<UL><LI><a href="#[51]">&gt;&gt;</a>&nbsp;&nbsp;&nbsp;write
<LI><a href="#[4f]">&gt;&gt;</a>&nbsp;&nbsp;&nbsp;uninit
<LI><a href="#[52]">&gt;&gt;</a>&nbsp;&nbsp;&nbsp;erase
</UL>

<P><STRONG><a name="[ee]"></a>nrf_atomic_flag_clear_fetch</STRONG> (Thumb, 6 bytes, Stack size 0 bytes, nrf_atomic.o(i.nrf_atomic_flag_clear_fetch))
<BR><BR>[Stack]<UL><LI>Max Depth = 8<LI>Call Chain = nrf_atomic_flag_clear_fetch &rArr; nrf_atomic_u32_fetch_and
</UL>
<BR>[Calls]<UL><LI><a href="#[f8]">&gt;&gt;</a>&nbsp;&nbsp;&nbsp;nrf_atomic_u32_fetch_and
</UL>
<BR>[Called By]<UL><LI><a href="#[bb]">&gt;&gt;</a>&nbsp;&nbsp;&nbsp;log_skip
</UL>

<P><STRONG><a name="[ec]"></a>nrf_atomic_flag_set</STRONG> (Thumb, 6 bytes, Stack size 0 bytes, nrf_atomic.o(i.nrf_atomic_flag_set))
<BR><BR>[Stack]<UL><LI>Max Depth = 8<LI>Call Chain = nrf_atomic_flag_set &rArr; nrf_atomic_u32_or
</UL>
<BR>[Calls]<UL><LI><a href="#[f9]">&gt;&gt;</a>&nbsp;&nbsp;&nbsp;nrf_atomic_u32_or
</UL>
<BR>[Called By]<UL><LI><a href="#[bb]">&gt;&gt;</a>&nbsp;&nbsp;&nbsp;log_skip
</UL>

<P><STRONG><a name="[d6]"></a>nrf_atomic_flag_set_fetch</STRONG> (Thumb, 6 bytes, Stack size 0 bytes, nrf_atomic.o(i.nrf_atomic_flag_set_fetch))
<BR><BR>[Stack]<UL><LI>Max Depth = 8<LI>Call Chain = nrf_atomic_flag_set_fetch &rArr; nrf_atomic_u32_fetch_or
</UL>
<BR>[Calls]<UL><LI><a href="#[fa]">&gt;&gt;</a>&nbsp;&nbsp;&nbsp;nrf_atomic_u32_fetch_or
</UL>
<BR>[Called By]<UL><LI><a href="#[51]">&gt;&gt;</a>&nbsp;&nbsp;&nbsp;write
<LI><a href="#[52]">&gt;&gt;</a>&nbsp;&nbsp;&nbsp;erase
</UL>

<P><STRONG><a name="[ba]"></a>nrf_atomic_u32_add</STRONG> (Thumb, 12 bytes, Stack size 8 bytes, nrf_atomic.o(i.nrf_atomic_u32_add))
<BR><BR>[Stack]<UL><LI>Max Depth = 8<LI>Call Chain = nrf_atomic_u32_add
</UL>
<BR>[Calls]<UL><LI><a href="#[fb]">&gt;&gt;</a>&nbsp;&nbsp;&nbsp;__asm___12_nrf_atomic_c_85ca2469__nrf_atomic_internal_add
</UL>
<BR>[Called By]<UL><LI><a href="#[15d]">&gt;&gt;</a>&nbsp;&nbsp;&nbsp;nrf_memobj_get
<LI><a href="#[b9]">&gt;&gt;</a>&nbsp;&nbsp;&nbsp;buf_prealloc
</UL>

<P><STRONG><a name="[f7]"></a>nrf_atomic_u32_and</STRONG> (Thumb, 12 bytes, Stack size 8 bytes, nrf_atomic.o(i.nrf_atomic_u32_and))
<BR><BR>[Stack]<UL><LI>Max Depth = 8<LI>Call Chain = nrf_atomic_u32_and
</UL>
<BR>[Calls]<UL><LI><a href="#[fc]">&gt;&gt;</a>&nbsp;&nbsp;&nbsp;__asm___12_nrf_atomic_c_85ca2469__nrf_atomic_internal_and
</UL>
<BR>[Called By]<UL><LI><a href="#[d8]">&gt;&gt;</a>&nbsp;&nbsp;&nbsp;nrf_atomic_flag_clear
</UL>

<P><STRONG><a name="[f8]"></a>nrf_atomic_u32_fetch_and</STRONG> (Thumb, 10 bytes, Stack size 8 bytes, nrf_atomic.o(i.nrf_atomic_u32_fetch_and))
<BR><BR>[Stack]<UL><LI>Max Depth = 8<LI>Call Chain = nrf_atomic_u32_fetch_and
</UL>
<BR>[Calls]<UL><LI><a href="#[fc]">&gt;&gt;</a>&nbsp;&nbsp;&nbsp;__asm___12_nrf_atomic_c_85ca2469__nrf_atomic_internal_and
</UL>
<BR>[Called By]<UL><LI><a href="#[ee]">&gt;&gt;</a>&nbsp;&nbsp;&nbsp;nrf_atomic_flag_clear_fetch
</UL>

<P><STRONG><a name="[fa]"></a>nrf_atomic_u32_fetch_or</STRONG> (Thumb, 10 bytes, Stack size 8 bytes, nrf_atomic.o(i.nrf_atomic_u32_fetch_or))
<BR><BR>[Stack]<UL><LI>Max Depth = 8<LI>Call Chain = nrf_atomic_u32_fetch_or
</UL>
<BR>[Calls]<UL><LI><a href="#[fd]">&gt;&gt;</a>&nbsp;&nbsp;&nbsp;__asm___12_nrf_atomic_c_85ca2469__nrf_atomic_internal_orr
</UL>
<BR>[Called By]<UL><LI><a href="#[d6]">&gt;&gt;</a>&nbsp;&nbsp;&nbsp;nrf_atomic_flag_set_fetch
</UL>

<P><STRONG><a name="[bf]"></a>nrf_atomic_u32_fetch_store</STRONG> (Thumb, 10 bytes, Stack size 8 bytes, nrf_atomic.o(i.nrf_atomic_u32_fetch_store))
<BR><BR>[Stack]<UL><LI>Max Depth = 8<LI>Call Chain = nrf_atomic_u32_fetch_store
</UL>
<BR>[Calls]<UL><LI><a href="#[fe]">&gt;&gt;</a>&nbsp;&nbsp;&nbsp;__asm___12_nrf_atomic_c_85ca2469__nrf_atomic_internal_mov
</UL>
<BR>[Called By]<UL><LI><a href="#[be]">&gt;&gt;</a>&nbsp;&nbsp;&nbsp;cc310_backend_mutex_trylock
<LI><a href="#[117]">&gt;&gt;</a>&nbsp;&nbsp;&nbsp;nrf_crypto_backend_secp256r1_verify
<LI><a href="#[d5]">&gt;&gt;</a>&nbsp;&nbsp;&nbsp;dropped_sat16_get
</UL>

<P><STRONG><a name="[f9]"></a>nrf_atomic_u32_or</STRONG> (Thumb, 12 bytes, Stack size 8 bytes, nrf_atomic.o(i.nrf_atomic_u32_or))
<BR><BR>[Stack]<UL><LI>Max Depth = 8<LI>Call Chain = nrf_atomic_u32_or
</UL>
<BR>[Calls]<UL><LI><a href="#[fd]">&gt;&gt;</a>&nbsp;&nbsp;&nbsp;__asm___12_nrf_atomic_c_85ca2469__nrf_atomic_internal_orr
</UL>
<BR>[Called By]<UL><LI><a href="#[ec]">&gt;&gt;</a>&nbsp;&nbsp;&nbsp;nrf_atomic_flag_set
</UL>

<P><STRONG><a name="[ff]"></a>nrf_atomic_u32_sub</STRONG> (Thumb, 12 bytes, Stack size 8 bytes, nrf_atomic.o(i.nrf_atomic_u32_sub))
<BR><BR>[Stack]<UL><LI>Max Depth = 8<LI>Call Chain = nrf_atomic_u32_sub
</UL>
<BR>[Calls]<UL><LI><a href="#[100]">&gt;&gt;</a>&nbsp;&nbsp;&nbsp;__asm___12_nrf_atomic_c_85ca2469__nrf_atomic_internal_sub
</UL>
<BR>[Called By]<UL><LI><a href="#[161]">&gt;&gt;</a>&nbsp;&nbsp;&nbsp;nrf_memobj_put
</UL>

<P><STRONG><a name="[101]"></a>nrf_balloc_alloc</STRONG> (Thumb, 86 bytes, Stack size 16 bytes, nrf_balloc.o(i.nrf_balloc_alloc))
<BR><BR>[Stack]<UL><LI>Max Depth = 72<LI>Call Chain = nrf_balloc_alloc &rArr; app_util_critical_region_exit &rArr; assert_nrf_callback &rArr; app_error_fault_handler &rArr; nrf_log_frontend_std_3 &rArr;  std_n (Cycle)
</UL>
<BR>[Calls]<UL><LI><a href="#[99]">&gt;&gt;</a>&nbsp;&nbsp;&nbsp;assert_nrf_callback
<LI><a href="#[ac]">&gt;&gt;</a>&nbsp;&nbsp;&nbsp;app_util_critical_region_exit
<LI><a href="#[ab]">&gt;&gt;</a>&nbsp;&nbsp;&nbsp;app_util_critical_region_enter
</UL>
<BR>[Called By]<UL><LI><a href="#[66]">&gt;&gt;</a>&nbsp;&nbsp;&nbsp;uart_dfu_transport_init
<LI><a href="#[179]">&gt;&gt;</a>&nbsp;&nbsp;&nbsp;on_rx_complete
<LI><a href="#[164]">&gt;&gt;</a>&nbsp;&nbsp;&nbsp;nrf_memobj_alloc
</UL>

<P><STRONG><a name="[102]"></a>nrf_balloc_free</STRONG> (Thumb, 76 bytes, Stack size 16 bytes, nrf_balloc.o(i.nrf_balloc_free))
<BR><BR>[Stack]<UL><LI>Max Depth = 72<LI>Call Chain = nrf_balloc_free &rArr; app_util_critical_region_exit &rArr; assert_nrf_callback &rArr; app_error_fault_handler &rArr; nrf_log_frontend_std_3 &rArr;  std_n (Cycle)
</UL>
<BR>[Calls]<UL><LI><a href="#[99]">&gt;&gt;</a>&nbsp;&nbsp;&nbsp;assert_nrf_callback
<LI><a href="#[ac]">&gt;&gt;</a>&nbsp;&nbsp;&nbsp;app_util_critical_region_exit
<LI><a href="#[ab]">&gt;&gt;</a>&nbsp;&nbsp;&nbsp;app_util_critical_region_enter
</UL>
<BR>[Called By]<UL><LI><a href="#[48]">&gt;&gt;</a>&nbsp;&nbsp;&nbsp;payload_free
<LI><a href="#[16d]">&gt;&gt;</a>&nbsp;&nbsp;&nbsp;nrf_memobj_free
</UL>

<P><STRONG><a name="[103]"></a>nrf_balloc_init</STRONG> (Thumb, 118 bytes, Stack size 8 bytes, nrf_balloc.o(i.nrf_balloc_init))
<BR><BR>[Stack]<UL><LI>Max Depth = 56<LI>Call Chain = nrf_balloc_init &rArr; assert_nrf_callback &rArr; app_error_fault_handler &rArr; nrf_log_frontend_std_3 &rArr;  std_n (Cycle)
</UL>
<BR>[Calls]<UL><LI><a href="#[99]">&gt;&gt;</a>&nbsp;&nbsp;&nbsp;assert_nrf_callback
</UL>
<BR>[Called By]<UL><LI><a href="#[66]">&gt;&gt;</a>&nbsp;&nbsp;&nbsp;uart_dfu_transport_init
<LI><a href="#[16a]">&gt;&gt;</a>&nbsp;&nbsp;&nbsp;nrf_memobj_pool_init
</UL>

<P><STRONG><a name="[f3]"></a>nrf_bootloader_app_start</STRONG> (Thumb, 96 bytes, Stack size 24 bytes, nrf_bootloader_app_start.o(i.nrf_bootloader_app_start))
[...]
</UL>
<BR>[Address Reference Count : 1]<UL><LI> nrf_log_backend_rtt.o(.constdata)
</UL>
<P><STRONG><a name="[42]"></a>serial_tx</STRONG> (Thumb, 70 bytes, Stack size 24 bytes, nrf_log_backend_rtt.o(i.serial_tx))
<BR><BR>[Stack]<UL><LI>Max Depth = 80<LI>Call Chain = serial_tx &rArr; SEGGER_RTT_WriteNoLock &rArr; _WriteBlocking &rArr; __aeabi_memcpy
</UL>
<BR>[Calls]<UL><LI><a href="#[95]">&gt;&gt;</a>&nbsp;&nbsp;&nbsp;SEGGER_RTT_WriteNoLock
</UL>
<BR>[Address Reference Count : 1]<UL><LI> nrf_log_backend_rtt.o(i.nrf_log_backend_rtt_put)
</UL>
<P><STRONG><a name="[b9]"></a>buf_prealloc</STRONG> (Thumb, 132 bytes, Stack size 32 bytes, nrf_log_frontend.o(i.buf_prealloc))
<BR><BR>[Stack]<UL><LI>Max Depth = 120<LI>Call Chain = buf_prealloc &rArr; log_skip &rArr; assert_nrf_callback &rArr; app_error_fault_handler &rArr; nrf_log_frontend_std_3 &rArr;  std_n (Cycle)
</UL>
<BR>[Calls]<UL><LI><a href="#[ac]">&gt;&gt;</a>&nbsp;&nbsp;&nbsp;app_util_critical_region_exit
<LI><a href="#[ab]">&gt;&gt;</a>&nbsp;&nbsp;&nbsp;app_util_critical_region_enter
<LI><a href="#[ba]">&gt;&gt;</a>&nbsp;&nbsp;&nbsp;nrf_atomic_u32_add
<LI><a href="#[bb]">&gt;&gt;</a>&nbsp;&nbsp;&nbsp;log_skip
</UL>
<BR>[Called By]<UL><LI><a href="#[e0]">&gt;&gt;</a>&nbsp;&nbsp;&nbsp;nrf_log_frontend_hexdump
<LI><a href="#[166]">&gt;&gt;</a>&nbsp;&nbsp;&nbsp;std_n
</UL>

<P><STRONG><a name="[d5]"></a>dropped_sat16_get</STRONG> (Thumb, 16 bytes, Stack size 8 bytes, nrf_log_frontend.o(i.dropped_sat16_get))
<BR><BR>[Stack]<UL><LI>Max Depth = 16<LI>Call Chain = dropped_sat16_get &rArr; nrf_atomic_u32_fetch_store
</UL>
<BR>[Calls]<UL><LI><a href="#[bf]">&gt;&gt;</a>&nbsp;&nbsp;&nbsp;nrf_atomic_u32_fetch_store
</UL>
<BR>[Called By]<UL><LI><a href="#[e0]">&gt;&gt;</a>&nbsp;&nbsp;&nbsp;nrf_log_frontend_hexdump
<LI><a href="#[190]">&gt;&gt;</a>&nbsp;&nbsp;&nbsp;std_header_set
</UL>

<P><STRONG><a name="[ed]"></a>invalid_packets_omit</STRONG> (Thumb, 52 bytes, Stack size 0 bytes, nrf_log_frontend.o(i.invalid_packets_omit))
<BR><BR>[Called By]<UL><LI><a href="#[9b]">&gt;&gt;</a>&nbsp;&nbsp;&nbsp;nrf_log_frontend_dequeue
<LI><a href="#[bb]">&gt;&gt;</a>&nbsp;&nbsp;&nbsp;log_skip
</UL>

<P><STRONG><a name="[bb]"></a>log_skip</STRONG> (Thumb, 160 bytes, Stack size 40 bytes, nrf_log_frontend.o(i.log_skip))
<BR><BR>[Stack]<UL><LI>Max Depth = 88<LI>Call Chain = log_skip &rArr; assert_nrf_callback &rArr; app_error_fault_handler &rArr; nrf_log_frontend_std_3 &rArr;  std_n (Cycle)
</UL>
<BR>[Calls]<UL><LI><a href="#[99]">&gt;&gt;</a>&nbsp;&nbsp;&nbsp;assert_nrf_callback
<LI><a href="#[ec]">&gt;&gt;</a>&nbsp;&nbsp;&nbsp;nrf_atomic_flag_set
<LI><a href="#[ee]">&gt;&gt;</a>&nbsp;&nbsp;&nbsp;nrf_atomic_flag_clear_fetch
<LI><a href="#[ed]">&gt;&gt;</a>&nbsp;&nbsp;&nbsp;invalid_packets_omit
</UL>
<BR>[Called By]<UL><LI><a href="#[b9]">&gt;&gt;</a>&nbsp;&nbsp;&nbsp;buf_prealloc
</UL>

<P><STRONG><a name="[f5]"></a>module_idx_get</STRONG> (Thumb, 42 bytes, Stack size 12 bytes, nrf_log_frontend.o(i.module_idx_get))
<BR><BR>[Stack]<UL><LI>Max Depth = 12<LI>Call Chain = module_idx_get
</UL>
<BR>[Calls]<UL><LI><a href="#[f6]">&gt;&gt;</a>&nbsp;&nbsp;&nbsp;nrf_log_module_cnt_get
</UL>
<BR>[Called By]<UL><LI><a href="#[16c]">&gt;&gt;</a>&nbsp;&nbsp;&nbsp;nrf_log_module_name_get
</UL>

<P><STRONG><a name="[190]"></a>std_header_set</STRONG> (Thumb, 92 bytes, Stack size 32 bytes, nrf_log_frontend.o(i.std_header_set))
<BR><BR>[Stack]<UL><LI>Max Depth = 80<LI>Call Chain = std_header_set &rArr; assert_nrf_callback &rArr; app_error_fault_handler &rArr; nrf_log_frontend_std_3 &rArr;  std_n (Cycle)
</UL>
<BR>[Calls]<UL><LI><a href="#[99]">&gt;&gt;</a>&nbsp;&nbsp;&nbsp;assert_nrf_callback
<LI><a href="#[f6]">&gt;&gt;</a>&nbsp;&nbsp;&nbsp;nrf_log_module_cnt_get
<LI><a href="#[d5]">&gt;&gt;</a>&nbsp;&nbsp;&nbsp;dropped_sat16_get
</UL>
<BR>[Called By]<UL><LI><a href="#[166]">&gt;&gt;</a>&nbsp;&nbsp;&nbsp;std_n
</UL>

<P><STRONG><a name="[166]"></a>std_n</STRONG> (Thumb, 96 bytes, Stack size 40 bytes, nrf_log_frontend.o(i.std_n))
<BR><BR>[Stack]<UL><LI>Max Depth = 248<LI>Call Chain = std_n &rArr; nrf_log_frontend_dequeue &rArr; nrf_memobj_alloc &rArr; nrf_memobj_free &rArr; nrf_balloc_free &rArr; app_util_critical_region_exit &rArr; assert_nrf_callback &rArr; app_error_fault_handler &rArr; nrf_log_frontend_std_3 &rArr;  std_n (Cycle)
</UL>
<BR>[Calls]<UL><LI><a href="#[9b]">&gt;&gt;</a>&nbsp;&nbsp;&nbsp;nrf_log_frontend_dequeue
<LI><a href="#[190]">&gt;&gt;</a>&nbsp;&nbsp;&nbsp;std_header_set
<LI><a href="#[b9]">&gt;&gt;</a>&nbsp;&nbsp;&nbsp;buf_prealloc
</UL>
<BR>[Called By]<UL><LI><a href="#[a6]">&gt;&gt;</a>&nbsp;&nbsp;&nbsp;nrf_log_frontend_std_4
<LI><a href="#[a1]">&gt;&gt;</a>&nbsp;&nbsp;&nbsp;nrf_log_frontend_std_3
<LI><a href="#[a5]">&gt;&gt;</a>&nbsp;&nbsp;&nbsp;nrf_log_frontend_std_2
<LI><a href="#[91]">&gt;&gt;</a>&nbsp;&nbsp;&nbsp;nrf_log_frontend_std_1
<LI><a href="#[a0]">&gt;&gt;</a>&nbsp;&nbsp;&nbsp;nrf_log_frontend_std_0
<LI><a href="#[d1]">&gt;&gt;</a>&nbsp;&nbsp;&nbsp;nrf_log_frontend_std_5
</UL>

<P><STRONG><a name="[169]"></a>postfix_process</STRONG> (Thumb, 48 bytes, Stack size 8 bytes, nrf_log_str_formatter.o(i.postfix_process))
<BR><BR>[Stack]<UL><LI>Max Depth = 232<LI>Call Chain = postfix_process &rArr; nrf_fprintf &rArr; nrf_fprintf_fmt &rArr; int_print &rArr; unsigned_print &rArr; buffer_add &rArr; nrf_fprintf_buffer_flush &rArr; assert_nrf_callback &rArr; app_error_fault_handler &rArr; nrf_log_frontend_std_3 &rArr;  std_n (Cycle)
</UL>
<BR>[Calls]<UL><LI><a href="#[bd]">&gt;&gt;</a>&nbsp;&nbsp;&nbsp;nrf_fprintf_buffer_flush
<LI><a href="#[152]">&gt;&gt;</a>&nbsp;&nbsp;&nbsp;nrf_fprintf
</UL>
<BR>[Called By]<UL><LI><a href="#[15f]">&gt;&gt;</a>&nbsp;&nbsp;&nbsp;nrf_log_std_entry_process
<LI><a href="#[160]">&gt;&gt;</a>&nbsp;&nbsp;&nbsp;nrf_log_hexdump_entry_process
</UL>

<P><STRONG><a name="[167]"></a>prefix_process</STRONG> (Thumb, 90 bytes, Stack size 16 bytes, nrf_log_str_formatter.o(i.prefix_process))
<BR><BR>[Stack]<UL><LI>Max Depth = 240<LI>Call Chain = prefix_process &rArr; nrf_fprintf &rArr; nrf_fprintf_fmt &rArr; int_print &rArr; unsigned_print &rArr; buffer_add &rArr; nrf_fprintf_buffer_flush &rArr; assert_nrf_callback &rArr; app_error_fault_handler &rArr; nrf_log_frontend_std_3 &rArr;  std_n (Cycle)
</UL>
<BR>[Calls]<UL><LI><a href="#[152]">&gt;&gt;</a>&nbsp;&nbsp;&nbsp;nrf_fprintf
<LI><a href="#[16c]">&gt;&gt;</a>&nbsp;&nbsp;&nbsp;nrf_log_module_name_get
<LI><a href="#[18a]">&gt;&gt;</a>&nbsp;&nbsp;&nbsp;nrf_log_color_id_get
</UL>
<BR>[Called By]<UL><LI><a href="#[15f]">&gt;&gt;</a>&nbsp;&nbsp;&nbsp;nrf_log_std_entry_process
<LI><a href="#[160]">&gt;&gt;</a>&nbsp;&nbsp;&nbsp;nrf_log_hexdump_entry_process
</UL>

<P><STRONG><a name="[94]"></a>_DoInit</STRONG> (Thumb, 74 bytes, Stack size 8 bytes, segger_rtt.o(i._DoInit))
<BR><BR>[Stack]<UL><LI>Max Depth = 8<LI>Call Chain = _DoInit
</UL>
<BR>[Calls]<UL><LI><a href="#[9c]">&gt;&gt;</a>&nbsp;&nbsp;&nbsp;strcpy
</UL>
<BR>[Called By]<UL><LI><a href="#[93]">&gt;&gt;</a>&nbsp;&nbsp;&nbsp;SEGGER_RTT_Init
</UL>

<P><STRONG><a name="[96]"></a>_GetAvailWriteSpace</STRONG> (Thumb, 22 bytes, Stack size 0 bytes, segger_rtt.o(i._GetAvailWriteSpace))
<BR><BR>[Called By]<UL><LI><a href="#[95]">&gt;&gt;</a>&nbsp;&nbsp;&nbsp;SEGGER_RTT_WriteNoLock
</UL>

<P><STRONG><a name="[98]"></a>_WriteBlocking</STRONG> (Thumb, 90 bytes, Stack size 32 bytes, segger_rtt.o(i._WriteBlocking))
<BR><BR>[Stack]<UL><LI>Max Depth = 40<LI>Call Chain = _WriteBlocking &rArr; __aeabi_memcpy
</UL>
<BR>[Calls]<UL><LI><a href="#[9d]">&gt;&gt;</a>&nbsp;&nbsp;&nbsp;__aeabi_memcpy
</UL>
<BR>[Called By]<UL><LI><a href="#[95]">&gt;&gt;</a>&nbsp;&nbsp;&nbsp;SEGGER_RTT_WriteNoLock
</UL>

<P><STRONG><a name="[97]"></a>_WriteNoCheck</STRONG> (Thumb, 66 bytes, Stack size 24 bytes, segger_rtt.o(i._WriteNoCheck))
<BR><BR>[Stack]<UL><LI>Max Depth = 32<LI>Call Chain = _WriteNoCheck &rArr; __aeabi_memcpy
</UL>
<BR>[Calls]<UL><LI><a href="#[9d]">&gt;&gt;</a>&nbsp;&nbsp;&nbsp;__aeabi_memcpy
</UL>
<BR>[Called By]<UL><LI><a href="#[95]">&gt;&gt;</a>&nbsp;&nbsp;&nbsp;SEGGER_RTT_WriteNoLock
</UL>

<P><STRONG><a name="[d4]"></a>response_send</STRONG> (Thumb, 300 bytes, Stack size 24 bytes, nrf_dfu_serial.o(i.response_send))
<BR><BR>[Stack]<UL><LI>Max Depth = 288<LI>Call Chain = response_send &rArr; nrf_log_frontend_std_2 &rArr; std_n &rArr; nrf_log_frontend_dequeue &rArr; nrf_memobj_alloc &rArr; nrf_memobj_free &rArr; nrf_balloc_free &rArr; app_util_critical_region_exit &rArr; assert_nrf_callback &rArr; app_error_fault_handler &rArr; nrf_log_frontend_std_3 &rArr;  std_n (Cycle)
</UL>
<BR>[Calls]<UL><LI><a href="#[a5]">&gt;&gt;</a>&nbsp;&nbsp;&nbsp;nrf_log_frontend_std_2
<LI><a href="#[a0]">&gt;&gt;</a>&nbsp;&nbsp;&nbsp;nrf_log_frontend_std_0
<LI><a href="#[dc]">&gt;&gt;</a>&nbsp;&nbsp;&nbsp;ext_error_set
<LI><a href="#[18c]">&gt;&gt;</a>&nbsp;&nbsp;&nbsp;ext_error_get
<LI><a href="#[18b]">&gt;&gt;</a>&nbsp;&nbsp;&nbsp;uint32_encode
</UL>
<BR>[Called By]<UL><LI><a href="#[59]">&gt;&gt;</a>&nbsp;&nbsp;&nbsp;dfu_req_handler_rsp_clbk
</UL>

<P><STRONG><a name="[18b]"></a>uint32_encode</STRONG> (Thumb, 18 bytes, Stack size 0 bytes, nrf_dfu_serial.o(i.uint32_encode))
<BR><BR>[Called By]<UL><LI><a href="#[d4]">&gt;&gt;</a>&nbsp;&nbsp;&nbsp;response_send
</UL>

<P><STRONG><a name="[45]"></a>buf_read</STRONG> (Thumb, 28 bytes, Stack size 8 bytes, pb_decode.o(i.buf_read))
<BR><BR>[Stack]<UL><LI>Max Depth = 8<LI>Call Chain = buf_read
</UL>
<BR>[Address Reference Count : 2]<UL><LI> pb_decode.o(i.pb_istream_from_buffer)
<LI> pb_decode.o(i.pb_read)
</UL>
<P><STRONG><a name="[c6]"></a>decode_callback_field</STRONG> (Thumb, 126 bytes, Stack size 72 bytes, pb_decode.o(i.decode_callback_field))
<BR><BR>[Stack]<UL><LI>Max Depth = 128<LI>Call Chain = decode_callback_field &rArr; read_raw_value &rArr; pb_read &rArr;  pb_read (Cycle)
</UL>
<BR>[Calls]<UL><LI><a href="#[c8]">&gt;&gt;</a>&nbsp;&nbsp;&nbsp;pb_istream_from_buffer
<LI><a href="#[c9]">&gt;&gt;</a>&nbsp;&nbsp;&nbsp;pb_skip_field
<LI><a href="#[ca]">&gt;&gt;</a>&nbsp;&nbsp;&nbsp;pb_make_string_substream
<LI><a href="#[c7]">&gt;&gt;</a>&nbsp;&nbsp;&nbsp;read_raw_value
</UL>
<BR>[Called By]<UL><LI><a href="#[cb]">&gt;&gt;</a>&nbsp;&nbsp;&nbsp;decode_field
</UL>

<P><STRONG><a name="[cb]"></a>decode_field</STRONG> (Thumb, 26 bytes, Stack size 0 bytes, pb_decode.o(i.decode_field))
<BR><BR>[Stack]<UL><LI>Max Depth = 128<LI>Call Chain = decode_field &rArr; decode_static_field &rArr; pb_message_set_to_defaults &rArr; pb_field_set_to_default &rArr;  pb_message_set_to_defaults (Cycle)
</UL>
<BR>[Calls]<UL><LI><a href="#[cc]">&gt;&gt;</a>&nbsp;&nbsp;&nbsp;decode_static_field
<LI><a href="#[c6]">&gt;&gt;</a>&nbsp;&nbsp;&nbsp;decode_callback_field
</UL>
<BR>[Called By]<UL><LI><a href="#[17f]">&gt;&gt;</a>&nbsp;&nbsp;&nbsp;pb_decode_noinit
</UL>

<P><STRONG><a name="[cc]"></a>decode_static_field</STRONG> (Thumb, 220 bytes, Stack size 40 bytes, pb_decode.o(i.decode_static_field))
<BR><BR>[Stack]<UL><LI>Max Depth = 128<LI>Call Chain = decode_static_field &rArr; pb_message_set_to_defaults &rArr; pb_field_set_to_default &rArr;  pb_message_set_to_defaults (Cycle)
</UL>
<BR>[Calls]<UL><LI><a href="#[6a]">&gt;&gt;</a>&nbsp;&nbsp;&nbsp;__aeabi_memclr
<LI><a href="#[ca]">&gt;&gt;</a>&nbsp;&nbsp;&nbsp;pb_make_string_substream
<LI><a href="#[cd]">&gt;&gt;</a>&nbsp;&nbsp;&nbsp;pb_message_set_to_defaults
</UL>
<BR>[Called By]<UL><LI><a href="#[cb]">&gt;&gt;</a>&nbsp;&nbsp;&nbsp;decode_field
</UL>

<P><STRONG><a name="[ea]"></a>iter_from_extension</STRONG> (Thumb, 46 bytes, Stack size 16 bytes, pb_decode.o(i.iter_from_extension))
<BR><BR>[Stack]<UL><LI>Max Depth = 16<LI>Call Chain = iter_from_extension
</UL>
<BR>[Calls]<UL><LI><a href="#[eb]">&gt;&gt;</a>&nbsp;&nbsp;&nbsp;pb_field_iter_begin
</UL>
<BR>[Called By]<UL><LI><a href="#[17f]">&gt;&gt;</a>&nbsp;&nbsp;&nbsp;pb_decode_noinit
<LI><a href="#[188]">&gt;&gt;</a>&nbsp;&nbsp;&nbsp;pb_field_set_to_default
</UL>

<P><STRONG><a name="[5f]"></a>pb_dec_bytes</STRONG> (Thumb, 64 bytes, Stack size 24 bytes, pb_decode.o(i.pb_dec_bytes))
<BR><BR>[Stack]<UL><LI>Max Depth = 56<LI>Call Chain = pb_dec_bytes &rArr; pb_read &rArr;  pb_read (Cycle)
</UL>
<BR>[Calls]<UL><LI><a href="#[17c]">&gt;&gt;</a>&nbsp;&nbsp;&nbsp;pb_read
<LI><a href="#[17b]">&gt;&gt;</a>&nbsp;&nbsp;&nbsp;pb_decode_varint32
</UL>
<BR>[Address Reference Count : 1]<UL><LI> pb_decode.o(.constdata)
</UL>
<P><STRONG><a name="[5d]"></a>pb_dec_fixed32</STRONG> (Thumb, 6 bytes, Stack size 0 bytes, pb_decode.o(i.pb_dec_fixed32))
<BR><BR>[Stack]<UL><LI>Max Depth = 48<LI>Call Chain = pb_dec_fixed32 &rArr; pb_decode_fixed32 &rArr; pb_read &rArr;  pb_read (Cycle)
</UL>
<BR>[Calls]<UL><LI><a href="#[17d]">&gt;&gt;</a>&nbsp;&nbsp;&nbsp;pb_decode_fixed32
</UL>
<BR>[Address Reference Count : 1]<UL><LI> pb_decode.o(.constdata)
</UL>
<P><STRONG><a name="[5e]"></a>pb_dec_fixed64</STRONG> (Thumb, 6 bytes, Stack size 0 bytes, pb_decode.o(i.pb_dec_fixed64))
<BR><BR>[Stack]<UL><LI>Max Depth = 48<LI>Call Chain = pb_dec_fixed64 &rArr; pb_decode_fixed64 &rArr; pb_read &rArr;  pb_read (Cycle)
</UL>
<BR>[Calls]<UL><LI><a href="#[17e]">&gt;&gt;</a>&nbsp;&nbsp;&nbsp;pb_decode_fixed64
</UL>
<BR>[Address Reference Count : 1]<UL><LI> pb_decode.o(.constdata)
</UL>
<P><STRONG><a name="[60]"></a>pb_dec_string</STRONG> (Thumb, 62 bytes, Stack size 24 bytes, pb_decode.o(i.pb_dec_string))
<BR><BR>[Stack]<UL><LI>Max Depth = 56<LI>Call Chain = pb_dec_string &rArr; pb_read &rArr;  pb_read (Cycle)
</UL>
<BR>[Calls]<UL><LI><a href="#[17c]">&gt;&gt;</a>&nbsp;&nbsp;&nbsp;pb_read
<LI><a href="#[17b]">&gt;&gt;</a>&nbsp;&nbsp;&nbsp;pb_decode_varint32
</UL>
<BR>[Address Reference Count : 1]<UL><LI> pb_decode.o(.constdata)
</UL>
<P><STRONG><a name="[61]"></a>pb_dec_submessage</STRONG> (Thumb, 64 bytes, Stack size 40 bytes, pb_decode.o(i.pb_dec_submessage))
<BR><BR>[Stack]<UL><LI>Max Depth = 336<LI>Call Chain = pb_dec_submessage &rArr; pb_decode &rArr; pb_decode_noinit &rArr; decode_field &rArr; decode_static_field &rArr; pb_message_set_to_defaults &rArr; pb_field_set_to_default &rArr;  pb_message_set_to_defaults (Cycle)
</UL>
<BR>[Calls]<UL><LI><a href="#[180]">&gt;&gt;</a>&nbsp;&nbsp;&nbsp;pb_decode
<LI><a href="#[ca]">&gt;&gt;</a>&nbsp;&nbsp;&nbsp;pb_make_string_substream
<LI><a href="#[17f]">&gt;&gt;</a>&nbsp;&nbsp;&nbsp;pb_decode_noinit
</UL>
<BR>[Address Reference Count : 1]<UL><LI> pb_decode.o(.constdata)
</UL>
<P><STRONG><a name="[5c]"></a>pb_dec_svarint</STRONG> (Thumb, 88 bytes, Stack size 24 bytes, pb_decode.o(i.pb_dec_svarint))
<BR><BR>[Stack]<UL><LI>Max Depth = 80<LI>Call Chain = pb_dec_svarint &rArr; pb_decode_svarint &rArr; pb_decode_varint &rArr; pb_readbyte
</UL>
<BR>[Calls]<UL><LI><a href="#[181]">&gt;&gt;</a>&nbsp;&nbsp;&nbsp;pb_decode_svarint
</UL>
<BR>[Address Reference Count : 1]<UL><LI> pb_decode.o(.constdata)
</UL>
<P><STRONG><a name="[5b]"></a>pb_dec_uvarint</STRONG> (Thumb, 88 bytes, Stack size 24 bytes, pb_decode.o(i.pb_dec_uvarint))
<BR><BR>[Stack]<UL><LI>Max Depth = 64<LI>Call Chain = pb_dec_uvarint &rArr; pb_decode_varint &rArr; pb_readbyte
</UL>
<BR>[Calls]<UL><LI><a href="#[182]">&gt;&gt;</a>&nbsp;&nbsp;&nbsp;pb_decode_varint
</UL>
<BR>[Address Reference Count : 1]<UL><LI> pb_decode.o(.constdata)
</UL>
<P><STRONG><a name="[5a]"></a>pb_dec_varint</STRONG> (Thumb, 90 bytes, Stack size 24 bytes, pb_decode.o(i.pb_dec_varint))
<BR><BR>[Stack]<UL><LI>Max Depth = 64<LI>Call Chain = pb_dec_varint &rArr; pb_decode_varint &rArr; pb_readbyte
</UL>
<BR>[Calls]<UL><LI><a href="#[182]">&gt;&gt;</a>&nbsp;&nbsp;&nbsp;pb_decode_varint
</UL>
<BR>[Address Reference Count : 1]<UL><LI> pb_decode.o(.constdata)
</UL>
<P><STRONG><a name="[17b]"></a>pb_decode_varint32</STRONG> (Thumb, 76 bytes, Stack size 24 bytes, pb_decode.o(i.pb_decode_varint32))
<BR><BR>[Stack]<UL><LI>Max Depth = 32<LI>Call Chain = pb_decode_varint32 &rArr; pb_readbyte
</UL>
<BR>[Calls]<UL><LI><a href="#[186]">&gt;&gt;</a>&nbsp;&nbsp;&nbsp;pb_readbyte
</UL>
<BR>[Called By]<UL><LI><a href="#[c9]">&gt;&gt;</a>&nbsp;&nbsp;&nbsp;pb_skip_field
<LI><a href="#[ca]">&gt;&gt;</a>&nbsp;&nbsp;&nbsp;pb_make_string_substream
<LI><a href="#[183]">&gt;&gt;</a>&nbsp;&nbsp;&nbsp;pb_decode_tag
<LI><a href="#[60]">&gt;&gt;</a>&nbsp;&nbsp;&nbsp;pb_dec_string
<LI><a href="#[5f]">&gt;&gt;</a>&nbsp;&nbsp;&nbsp;pb_dec_bytes
</UL>

<P><STRONG><a name="[188]"></a>pb_field_set_to_default</STRONG> (Thumb, 164 bytes, Stack size 40 bytes, pb_decode.o(i.pb_field_set_to_default))
<BR><BR>[Stack]<UL><LI>Max Depth = 56 + In Cycle
<LI>Call Chain = pb_field_set_to_default &rArr;  pb_message_set_to_defaults (Cycle)
</UL>
<BR>[Calls]<UL><LI><a href="#[6a]">&gt;&gt;</a>&nbsp;&nbsp;&nbsp;__aeabi_memclr
<LI><a href="#[9d]">&gt;&gt;</a>&nbsp;&nbsp;&nbsp;__aeabi_memcpy
<LI><a href="#[cd]">&gt;&gt;</a>&nbsp;&nbsp;&nbsp;pb_message_set_to_defaults
<LI><a href="#[188]">&gt;&gt;</a>&nbsp;&nbsp;&nbsp;pb_field_set_to_default
<LI><a href="#[ea]">&gt;&gt;</a>&nbsp;&nbsp;&nbsp;iter_from_extension
</UL>
<BR>[Called By]<UL><LI><a href="#[cd]">&gt;&gt;</a>&nbsp;&nbsp;&nbsp;pb_message_set_to_defaults
<LI><a href="#[188]">&gt;&gt;</a>&nbsp;&nbsp;&nbsp;pb_field_set_to_default
</UL>

<P><STRONG><a name="[cd]"></a>pb_message_set_to_defaults</STRONG> (Thumb, 38 bytes, Stack size 32 bytes, pb_decode.o(i.pb_message_set_to_defaults))
<BR><BR>[Stack]<UL><LI>Max Depth = 88<LI>Call Chain = pb_message_set_to_defaults &rArr; pb_field_set_to_default &rArr;  pb_message_set_to_defaults (Cycle)
</UL>
<BR>[Calls]<UL><LI><a href="#[188]">&gt;&gt;</a>&nbsp;&nbsp;&nbsp;pb_field_set_to_default
<LI><a href="#[185]">&gt;&gt;</a>&nbsp;&nbsp;&nbsp;pb_field_iter_next
<LI><a href="#[eb]">&gt;&gt;</a>&nbsp;&nbsp;&nbsp;pb_field_iter_begin
</UL>
<BR>[Called By]<UL><LI><a href="#[180]">&gt;&gt;</a>&nbsp;&nbsp;&nbsp;pb_decode
<LI><a href="#[188]">&gt;&gt;</a>&nbsp;&nbsp;&nbsp;pb_field_set_to_default
<LI><a href="#[cc]">&gt;&gt;</a>&nbsp;&nbsp;&nbsp;decode_static_field
</UL>

<P><STRONG><a name="[186]"></a>pb_readbyte</STRONG> (Thumb, 32 bytes, Stack size 8 bytes, pb_decode.o(i.pb_readbyte))
<BR><BR>[Stack]<UL><LI>Max Depth = 8<LI>Call Chain = pb_readbyte
</UL>
<BR>[Called By]<UL><LI><a href="#[182]">&gt;&gt;</a>&nbsp;&nbsp;&nbsp;pb_decode_varint
<LI><a href="#[17b]">&gt;&gt;</a>&nbsp;&nbsp;&nbsp;pb_decode_varint32
</UL>

<P><STRONG><a name="[c7]"></a>read_raw_value</STRONG> (Thumb, 98 bytes, Stack size 24 bytes, pb_decode.o(i.read_raw_value))
<BR><BR>[Stack]<UL><LI>Max Depth = 56<LI>Call Chain = read_raw_value &rArr; pb_read &rArr;  pb_read (Cycle)
</UL>
<BR>[Calls]<UL><LI><a href="#[17c]">&gt;&gt;</a>&nbsp;&nbsp;&nbsp;pb_read
</UL>
<BR>[Called By]<UL><LI><a href="#[c6]">&gt;&gt;</a>&nbsp;&nbsp;&nbsp;decode_callback_field
</UL>

<P><STRONG><a name="[81]"></a>verify_context_ecdsa_verify_secp256r1</STRONG> (Thumb, 32 bytes, Stack size unknown bytes, nrf_cc310_bl_ecdsa_verify_secp256r1.c.obj(.text.verify_context_ecdsa_verify_secp256r1))
<BR><BR>[Called By]<UL><LI><a href="#[80]">&gt;&gt;</a>&nbsp;&nbsp;&nbsp;nrf_cc310_bl_ecdsa_verify_hash_secp256r1
</UL>

<P><STRONG><a name="[62]"></a>set_digest_in_hw_sha256</STRONG> (Thumb, 56 bytes, Stack size unknown bytes, nrf_cc310_bl_hash_sha256.c.obj(.text.set_digest_in_hw_sha256))
<BR>[Address Reference Count : 1]<UL><LI> nrf_cc310_bl_hash_sha256.c.obj(.rodata)
</UL>
<P><STRONG><a name="[63]"></a>read_digest_in_hw_sha256</STRONG> (Thumb, 84 bytes, Stack size unknown bytes, nrf_cc310_bl_hash_sha256.c.obj(.text.read_digest_in_hw_sha256))
<BR>[Address Reference Count : 1]<UL><LI> nrf_cc310_bl_hash_sha256.c.obj(.rodata)
</UL>
<P><STRONG><a name="[88]"></a>verify_context_hash_sha256</STRONG> (Thumb, 32 bytes, Stack size unknown bytes, nrf_cc310_bl_hash_sha256.c.obj(.text.verify_context_hash_sha256))
<BR><BR>[Called By]<UL><LI><a href="#[8b]">&gt;&gt;</a>&nbsp;&nbsp;&nbsp;nrf_cc310_bl_hash_sha256_update
<LI><a href="#[87]">&gt;&gt;</a>&nbsp;&nbsp;&nbsp;nrf_cc310_bl_hash_sha256_finalize
</UL>
<P>
<H3>
Undefined Global Symbols
</H3><HR></body></html>
