Component: ARM Compiler 5.06 update 6 (build 750) Tool: armlink [4d35ed]

==============================================================================

Section Cross References

    main.o(i.advertising_init) refers to memseta.o(.text) for __aeabi_memclr4
    main.o(i.advertising_init) refers to ble_advertising.o(i.ble_advertising_init) for ble_advertising_init
    main.o(i.advertising_init) refers to app_error.o(i.app_error_handler_bare) for app_error_handler_bare
    main.o(i.advertising_init) refers to ble_advertising.o(i.ble_advertising_conn_cfg_tag_set) for ble_advertising_conn_cfg_tag_set
    main.o(i.advertising_init) refers to main.o(.data) for .data
    main.o(i.advertising_init) refers to main.o(i.on_adv_evt) for on_adv_evt
    main.o(i.advertising_init) refers to main.o(.bss) for .bss
    main.o(i.advertising_start) refers to nrf_log_frontend.o(i.nrf_log_frontend_std_0) for nrf_log_frontend_std_0
    main.o(i.advertising_start) refers to peer_manager.o(i.pm_peers_delete) for pm_peers_delete
    main.o(i.advertising_start) refers to ble_advertising.o(i.ble_advertising_start) for ble_advertising_start
    main.o(i.advertising_start) refers to app_error.o(i.app_error_handler_bare) for app_error_handler_bare
    main.o(i.advertising_start) refers to nrf_log_frontend.o(log_const_data) for m_nrf_log_app_logs_data_const
    main.o(i.advertising_start) refers to main.o(.bss) for .bss
    main.o(i.assert_nrf_callback) refers to app_error_handler_keil.o(.emb_text) for app_error_handler
    main.o(i.battery_level_meas_timeout_handler) refers to sensorsim.o(i.sensorsim_measure) for sensorsim_measure
    main.o(i.battery_level_meas_timeout_handler) refers to ble_bas.o(i.ble_bas_battery_level_update) for ble_bas_battery_level_update
    main.o(i.battery_level_meas_timeout_handler) refers to app_error.o(i.app_error_handler_bare) for app_error_handler_bare
    main.o(i.battery_level_meas_timeout_handler) refers to main.o(.bss) for .bss
    main.o(i.battery_level_meas_timeout_handler) refers to main.o(.data) for .data
    main.o(i.ble_evt_handler) refers to nrf_log_frontend.o(i.nrf_log_frontend_std_0) for nrf_log_frontend_std_0
    main.o(i.ble_evt_handler) refers to bsp.o(i.bsp_indication_set) for bsp_indication_set
    main.o(i.ble_evt_handler) refers to app_error.o(i.app_error_handler_bare) for app_error_handler_bare
    main.o(i.ble_evt_handler) refers to nrf_ble_qwr.o(i.nrf_ble_qwr_conn_handle_assign) for nrf_ble_qwr_conn_handle_assign
    main.o(i.ble_evt_handler) refers to nrf_log_frontend.o(log_const_data) for m_nrf_log_app_logs_data_const
    main.o(i.ble_evt_handler) refers to main.o(.data) for .data
    main.o(i.ble_evt_handler) refers to main.o(.bss) for .bss
    main.o(i.ble_stack_init) refers to nrf_sdh.o(i.nrf_sdh_enable_request) for nrf_sdh_enable_request
    main.o(i.ble_stack_init) refers to app_error.o(i.app_error_handler_bare) for app_error_handler_bare
    main.o(i.ble_stack_init) refers to nrf_sdh_ble.o(i.nrf_sdh_ble_default_cfg_set) for nrf_sdh_ble_default_cfg_set
    main.o(i.ble_stack_init) refers to nrf_sdh_ble.o(i.nrf_sdh_ble_enable) for nrf_sdh_ble_enable
    main.o(i.bsp_event_handler) refers to main.o(i.sleep_mode_enter) for sleep_mode_enter
    main.o(i.bsp_event_handler) refers to app_error.o(i.app_error_handler_bare) for app_error_handler_bare
    main.o(i.bsp_event_handler) refers to ble_advertising.o(i.ble_advertising_restart_without_whitelist) for ble_advertising_restart_without_whitelist
    main.o(i.bsp_event_handler) refers to main.o(.data) for .data
    main.o(i.bsp_event_handler) refers to main.o(.bss) for .bss
    main.o(i.conn_params_error_handler) refers to app_error.o(i.app_error_handler_bare) for app_error_handler_bare
    main.o(i.gap_params_init) refers to app_error.o(i.app_error_handler_bare) for app_error_handler_bare
    main.o(i.main) refers to nrf_log_frontend.o(i.nrf_log_init) for nrf_log_init
    main.o(i.main) refers to app_error.o(i.app_error_handler_bare) for app_error_handler_bare
    main.o(i.main) refers to nrf_log_default_backends.o(i.nrf_log_default_backends_init) for nrf_log_default_backends_init
    main.o(i.main) refers to app_timer.o(i.app_timer_init) for app_timer_init
    main.o(i.main) refers to app_timer.o(i.app_timer_create) for app_timer_create
    main.o(i.main) refers to bsp.o(i.bsp_init) for bsp_init
    main.o(i.main) refers to bsp_btn_ble.o(i.bsp_btn_ble_init) for bsp_btn_ble_init
    main.o(i.main) refers to nrf_pwr_mgmt.o(i.nrf_pwr_mgmt_init) for nrf_pwr_mgmt_init
    main.o(i.main) refers to main.o(i.ble_stack_init) for ble_stack_init
    main.o(i.main) refers to main.o(i.gap_params_init) for gap_params_init
    main.o(i.main) refers to nrf_ble_gatt.o(i.nrf_ble_gatt_init) for nrf_ble_gatt_init
    main.o(i.main) refers to main.o(i.advertising_init) for advertising_init
    main.o(i.main) refers to main.o(i.services_init) for services_init
    main.o(i.main) refers to main.o(i.sensor_simulator_init) for sensor_simulator_init
[...]
    sdh_ble_observers0$$Base                 0x00032740   Number         0  ble_conn_state.o(sdh_ble_observers0)
    sdh_ble_observers0$$Limit                0x00032748   Number         0  ble_conn_state.o(sdh_ble_observers0)
    sdh_ble_observers1$$Base                 0x00032748   Number         0  main.o(sdh_ble_observers1)
    sdh_ble_observers1$$Limit                0x00032770   Number         0  peer_manager.o(sdh_ble_observers1)
    sdh_ble_observers2$$Base                 0x00032770   Number         0  main.o(sdh_ble_observers2)
    sdh_ble_observers2$$Limit                0x00032788   Number         0  main.o(sdh_ble_observers2)
    sdh_ble_observers3$$Base                 0x00032788   Number         0  main.o(sdh_ble_observers3)
    m_req_obs                                0x00032790   Data           8  nrf_fstorage_sd.o(sdh_req_observers0)
    sdh_ble_observers3$$Limit                0x00032790   Number         0  main.o(sdh_ble_observers3)
    sdh_req_observers0$$Base                 0x00032790   Number         0  nrf_fstorage_sd.o(sdh_req_observers0)
    sdh_req_observers0$$Limit                0x00032798   Number         0  nrf_fstorage_sd.o(sdh_req_observers0)
    sdh_soc_observers0$$Base                 0x00032798   Number         0  nrf_drv_clock.o(sdh_soc_observers0)
    sdh_soc_observers0$$Limit                0x000327a8   Number         0  nrf_fstorage_sd.o(sdh_soc_observers0)
    sdh_soc_observers1$$Base                 0x000327a8   Number         0  main.o(sdh_soc_observers1)
    sdh_soc_observers1$$Limit                0x000327b0   Number         0  main.o(sdh_soc_observers1)
    sdh_stack_observers0$$Base               0x000327b0   Number         0  nrf_sdh_ble.o(sdh_stack_observers0)
    sdh_stack_observers0$$Limit              0x000327c0   Number         0  nrf_sdh_soc.o(sdh_stack_observers0)
    sdh_state_observers0$$Base               0x000327c0   Number         0  nrf_drv_clock.o(sdh_state_observers0)
    sdh_state_observers0$$Limit              0x000327d0   Number         0  nrf_fstorage_sd.o(sdh_state_observers0)
    Image$$RW_IRAM1$$Base                    0x2000e000   Number         0  anon$$obj.o ABSOLUTE
    nrf_drv_uart_use_easy_dma                0x2000e154   Data           2  nrf_drv_uart.o(.data)
    m_uart                                   0x2000e1f0   Data          20  nrf_log_backend_uart.o(.data)
    SystemCoreClock                          0x2000e260   Data           4  system_nrf52840.o(.data)
    fs_data$$Base                            0x2000e264   Number         0  fds.o(fs_data)
    m_fs                                     0x2000e264   Data          20  fds.o(fs_data)
    fs_data$$Limit                           0x2000e278   Number         0  fds.o(fs_data)
    nrf_nvic_state                           0x2000eb7c   Data          12  app_util_platform.o(.bss)
    __initial_sp                             0x200112f0   Data           0  arm_startup_nrf52840.o(STACK)



==============================================================================

Memory Map of the image

  Image Entry point : 0x00026201

  Load Region LR_IROM1 (Base: 0x00026000, Size: 0x0000ca48, Max: 0x000da000, ABSOLUTE, COMPRESSED[0x0000c864])

    Execution Region ER_IROM1 (Exec base: 0x00026000, Load base: 0x00026000, Size: 0x0000c7d0, Max: 0x000da000, ABSOLUTE)

    Exec Addr    Load Addr    Size         Type   Attr      Idx    E Section Name        Object

    0x00026000   0x00026000   0x00000200   Data   RO         6898    RESET               arm_startup_nrf52840.o
    0x00026200   0x00026200   0x00000000   Code   RO         6939  * .ARM.Collect$$$$00000000  mc_w.l(entry.o)
    0x00026200   0x00026200   0x00000004   Code   RO         6993    .ARM.Collect$$$$00000001  mc_w.l(entry2.o)
    0x00026204   0x00026204   0x00000004   Code   RO         6996    .ARM.Collect$$$$00000004  mc_w.l(entry5.o)
    0x00026208   0x00026208   0x00000000   Code   RO         6998    .ARM.Collect$$$$00000008  mc_w.l(entry7b.o)
    0x00026208   0x00026208   0x00000000   Code   RO         7000    .ARM.Collect$$$$0000000A  mc_w.l(entry8b.o)
    0x00026208   0x00026208   0x00000008   Code   RO         7001    .ARM.Collect$$$$0000000B  mc_w.l(entry9a.o)
    0x00026210   0x00026210   0x00000000   Code   RO         7003    .ARM.Collect$$$$0000000D  mc_w.l(entry10a.o)
    0x00026210   0x00026210   0x00000000   Code   RO         7005    .ARM.Collect$$$$0000000F  mc_w.l(entry11a.o)
    0x00026210   0x00026210   0x00000004   Code   RO         6994    .ARM.Collect$$$$00002712  mc_w.l(entry2.o)
    0x00026214   0x00026214   0x000000c8   Code   RO         5021    .emb_text           nrf_atfifo.o
    0x000262dc   0x000262dc   0x000000e2   Code   RO         5157    .emb_text           nrf_atomic.o
    0x000263be   0x000263be   0x00000002   PAD
    0x000263c0   0x000263c0   0x00000024   Code   RO         6899    .text               arm_startup_nrf52840.o
    0x000263e4   0x000263e4   0x00000062   Code   RO         6947    .text               mc_w.l(uldiv.o)
    0x00026446   0x00026446   0x0000001e   Code   RO         6949    .text               mc_w.l(llshl.o)
    0x00026464   0x00026464   0x00000008   Code   RO         6951    .text               mc_w.l(ctype_o.o)
    0x0002646c   0x0002646c   0x00000024   Code   RO         6979    .text               mc_w.l(memcpya.o)
    0x00026490   0x00026490   0x00000024   Code   RO         6981    .text               mc_w.l(memseta.o)
    0x000264b4   0x000264b4   0x0000000e   Code   RO         6983    .text               mc_w.l(strlen.o)
    0x000264c2   0x000264c2   0x0000001a   Code   RO         6987    .text               mc_w.l(memcmp.o)
    0x000264dc   0x000264dc   0x00000020   Code   RO         7008    .text               mc_w.l(llushr.o)
    0x000264fc   0x000264fc   0x00000024   Code   RO         7011    .text               mc_w.l(init.o)
    0x00026520   0x00026520   0x00000056   Code   RO         7021    .text               mc_w.l(__dczerorl2.o)
    0x00026576   0x00026576   0x00000002   PAD
    0x00026578   0x00026578   0x000001b4   Code   RO         3427    i.GPIOTE_IRQHandler  nrfx_gpiote.o
    0x0002672c   0x0002672c   0x00000016   Code   RO         4388    i.NVIC_ClearPendingIRQ  app_timer.o
    0x00026742   0x00026742   0x00000016   Code   RO         4389    i.NVIC_EnableIRQ    app_timer.o
    0x00026758   0x00026758   0x00000016   Code   RO         4390    i.NVIC_SetPendingIRQ  app_timer.o
    0x0002676e   0x0002676e   0x00000020   Code   RO         4391    i.NVIC_SetPriority  app_timer.o
    0x0002678e   0x0002678e   0x00000002   PAD
    0x00026790   0x00026790   0x00000058   Code   RO         3292    i.POWER_CLOCK_IRQHandler  nrfx_clock.o
    0x000267e8   0x000267e8   0x00000024   Code   RO         4392    i.RTC1_IRQHandler   app_timer.o
    0x0002680c   0x0002680c   0x00000004   Code   RO         4393    i.SWI0_EGU0_IRQHandler  app_timer.o
    0x00026810   0x00026810   0x00000004   Code   RO         6689    i.SWI2_EGU2_IRQHandler  nrf_sdh.o
    0x00026814   0x00026814   0x000001dc   Code   RO         6907    i.SystemInit        system_nrf52840.o
    0x000269f0   0x000269f0   0x0000000c   Code   RO         3749    i.UARTE0_UART0_IRQHandler  nrfx_prs.o
    0x000269fc   0x000269fc   0x0000000e   Code   RO         7015    i.__scatterload_copy  mc_w.l(handlers.o)
    0x00026a0a   0x00026a0a   0x00000002   Code   RO         7016    i.__scatterload_null  mc_w.l(handlers.o)
    0x00026a0c   0x00026a0c   0x0000000e   Code   RO         7017    i.__scatterload_zeroinit  mc_w.l(handlers.o)
    0x00026a1a   0x00026a1a   0x00000002   PAD
    0x00026a1c   0x00026a1c   0x00000024   Code   RO         6690    i.__sd_nvic_app_accessible_irq  nrf_sdh.o
    0x00026a40   0x00026a40   0x0000013c   Code   RO         2513    i._conn_secure      peer_manager_handler.o
    0x00026b7c   0x00026b7c   0x00000026   Code   RO         1561    i.addr_compare      id_manager.o
    0x00026ba2   0x00026ba2   0x0000000c   Code   RO         5409    i.addr_is_aligned32  nrf_fstorage.o
    0x00026bae   0x00026bae   0x00000018   Code   RO         5410    i.addr_is_within_bounds  nrf_fstorage.o
    0x00026bc6   0x00026bc6   0x00000036   Code   RO          698    i.advertising_buttons_configure  bsp_btn_ble.o
    0x00026bfc   0x00026bfc   0x00000068   Code   RO            4    i.advertising_init  main.o
    0x00026c64   0x00026c64   0x0000004c   Code   RO            5    i.advertising_start  main.o
    0x00026cb0   0x00026cb0   0x00000052   Code   RO         1562    i.ah                id_manager.o
    0x00026d02   0x00026d02   0x00000006   Code   RO          581    i.alert_timer_handler  bsp.o
    0x00026d08   0x00026d08   0x0000000c   Code   RO         2654    i.allow_repairing   security_dispatcher.o
    0x00026d14   0x00026d14   0x00000024   Code   RO         4170    i.app_button_enable  app_button.o
    0x00026d38   0x00026d38   0x00000078   Code   RO         4171    i.app_button_init   app_button.o
    0x00026db0   0x00026db0   0x00000084   Code   RO         4294    i.app_error_fault_handler  app_error_weak.o
    0x00026e34   0x00026e34   0x00000016   Code   RO         4234    i.app_error_handler_bare  app_error.o
    0x00026e4a   0x00026e4a   0x00000002   PAD
    0x00026e4c   0x00026e4c   0x00000028   Code   RO         4396    i.app_timer_create  app_timer.o
    0x00026e74   0x00026e74   0x00000054   Code   RO         4397    i.app_timer_init    app_timer.o
    0x00026ec8   0x00026ec8   0x00000088   Code   RO         4400    i.app_timer_start   app_timer.o
    0x00026f50   0x00026f50   0x00000020   Code   RO         4401    i.app_timer_stop    app_timer.o
    0x00026f70   0x00026f70   0x00000048   Code   RO         4561    i.app_util_critical_region_enter  app_util_platform.o
    0x00026fb8   0x00026fb8   0x00000034   Code   RO         4562    i.app_util_critical_region_exit  app_util_platform.o
    0x00026fec   0x00026fec   0x00000076   Code   RO         3803    i.apply_config      nrfx_uart.o
    0x00027062   0x00027062   0x00000076   Code   RO         4004    i.apply_config      nrfx_uarte.o
    0x000270d8   0x000270d8   0x00000004   Code   RO         1317    i.apply_pending_handle  gatt_cache_manager.o
    0x000270dc   0x000270dc   0x00000180   Code   RO         2655    i.auth_status_success_process  security_dispatcher.o
    0x0002725c   0x0002725c   0x0000009c   Code   RO         2948    i.battery_level_char_add  ble_bas.o
    0x000272f8   0x000272f8   0x00000044   Code   RO            7    i.battery_level_meas_timeout_handler  main.o
    0x0002733c   0x0002733c   0x0000000a   Code   RO         2949    i.battery_notification_send  ble_bas.o
    0x00027346   0x00027346   0x00000182   Code   RO          823    i.ble_advdata_encode  ble_advdata.o
    0x000274c8   0x000274c8   0x00000020   Code   RO          825    i.ble_advdata_parse  ble_advdata.o
    0x000274e8   0x000274e8   0x00000038   Code   RO          826    i.ble_advdata_search  ble_advdata.o
    0x00027520   0x00027520   0x00000006   Code   RO          930    i.ble_advertising_conn_cfg_tag_set  ble_advertising.o
    0x00027526   0x00027526   0x00000002   PAD
    0x00027528   0x00027528   0x0000010c   Code   RO          931    i.ble_advertising_init  ble_advertising.o
    0x00027634   0x00027634   0x0000006a   Code   RO          933    i.ble_advertising_on_ble_evt  ble_advertising.o
    0x0002769e   0x0002769e   0x00000002   Code   RO          934    i.ble_advertising_on_sys_evt  ble_advertising.o
    0x000276a0   0x000276a0   0x0000003a   Code   RO          936    i.ble_advertising_restart_without_whitelist  ble_advertising.o
    0x000276da   0x000276da   0x0000022c   Code   RO          937    i.ble_advertising_start  ble_advertising.o
    0x00027906   0x00027906   0x00000002   PAD
    0x00027908   0x00027908   0x000000c0   Code   RO         2950    i.ble_bas_battery_level_update  ble_bas.o
    0x000279c8   0x000279c8   0x0000003e   Code   RO         2952    i.ble_bas_init      ble_bas.o
    0x00027a06   0x00027a06   0x00000052   Code   RO         2953    i.ble_bas_on_ble_evt  ble_bas.o
    0x00027a58   0x00027a58   0x00000068   Code   RO         1023    i.ble_conn_params_init  ble_conn_params.o
    0x00027ac0   0x00027ac0   0x0000000c   Code   RO         1097    i.ble_conn_state_conn_handles  ble_conn_state.o
    0x00027acc   0x00027acc   0x00000020   Code   RO         1099    i.ble_conn_state_encrypted  ble_conn_state.o
    0x00027aec   0x00027aec   0x0000002c   Code   RO         1101    i.ble_conn_state_for_each_set_user_flag  ble_conn_state.o
    0x00027b18   0x00027b18   0x00000020   Code   RO         1103    i.ble_conn_state_mitm_protected  ble_conn_state.o
    0x00027b38   0x00027b38   0x00000024   Code   RO         1106    i.ble_conn_state_role  ble_conn_state.o
    0x00027b5c   0x00027b5c   0x00000024   Code   RO         1107    i.ble_conn_state_status  ble_conn_state.o
    0x00027b80   0x00027b80   0x00000018   Code   RO         1108    i.ble_conn_state_user_flag_acquire  ble_conn_state.o
    0x00027b98   0x00027b98   0x00000030   Code   RO         1109    i.ble_conn_state_user_flag_get  ble_conn_state.o
    0x00027bc8   0x00027bc8   0x00000040   Code   RO         1110    i.ble_conn_state_user_flag_set  ble_conn_state.o
    0x00027c08   0x00027c08   0x00000014   Code   RO         1111    i.ble_conn_state_valid  ble_conn_state.o
    0x00027c1c   0x00027c1c   0x00000060   Code   RO          829    i.ble_device_addr_encode  ble_advdata.o
    0x00027c7c   0x00027c7c   0x0000013c   Code   RO         3008    i.ble_dis_init      ble_dis.o
    0x00027db8   0x00027db8   0x000000b8   Code   RO            8    i.ble_evt_handler   main.o
    0x00027e70   0x00027e70   0x00000070   Code   RO          699    i.ble_evt_handler   bsp_btn_ble.o
    0x00027ee0   0x00027ee0   0x000000fc   Code   RO         1025    i.ble_evt_handler   ble_conn_params.o
    0x00027fdc   0x00027fdc   0x00000104   Code   RO         1112    i.ble_evt_handler   ble_conn_state.o
    0x000280e0   0x000280e0   0x00000028   Code   RO         2219    i.ble_evt_handler   peer_manager.o
    0x00028108   0x00028108   0x000000d2   Code   RO         3049    i.ble_rscs_init     ble_rscs.o
    0x000281da   0x000281da   0x00000064   Code   RO         3050    i.ble_rscs_measurement_send  ble_rscs.o
    0x0002823e   0x0002823e   0x00000058   Code   RO         3051    i.ble_rscs_on_ble_evt  ble_rscs.o
    0x00028296   0x00028296   0x00000012   Code   RO         1255    i.ble_srv_ascii_to_utf8  ble_srv_common.o
    0x000282a8   0x000282a8   0x00000008   Code   RO         1257    i.ble_srv_is_notification_enabled  ble_srv_common.o
    0x000282b0   0x000282b0   0x0000000c   Code   RO         1258    i.ble_srv_report_ref_encode  ble_srv_common.o
    0x000282bc   0x000282bc   0x00000066   Code   RO            9    i.ble_stack_init    main.o
    0x00028322   0x00028322   0x00000002   PAD
    0x00028324   0x00028324   0x0000000c   Code   RO          443    i.bsp_board_button_idx_to_pin  boards.o
    0x00028330   0x00028330   0x00000028   Code   RO          444    i.bsp_board_button_state_get  boards.o
    0x00028358   0x00028358   0x00000054   Code   RO          445    i.bsp_board_init    boards.o
    0x000283ac   0x000283ac   0x0000002c   Code   RO          447    i.bsp_board_led_invert  boards.o
    0x000283d8   0x000283d8   0x00000010   Code   RO          448    i.bsp_board_led_off  boards.o
    0x000283e8   0x000283e8   0x00000010   Code   RO          449    i.bsp_board_led_on  boards.o
    0x000283f8   0x000283f8   0x00000028   Code   RO          450    i.bsp_board_led_state_get  boards.o
    0x00028420   0x00028420   0x00000012   Code   RO          451    i.bsp_board_leds_off  boards.o
    0x00028432   0x00028432   0x00000012   Code   RO          452    i.bsp_board_leds_on  boards.o
    0x00028444   0x00028444   0x00000024   Code   RO          453    i.bsp_board_pin_to_button_idx  boards.o
    0x00028468   0x00028468   0x00000038   Code   RO          700    i.bsp_btn_ble_init  bsp_btn_ble.o
    0x000284a0   0x000284a0   0x0000001e   Code   RO          701    i.bsp_btn_ble_sleep_mode_prepare  bsp_btn_ble.o
    0x000284be   0x000284be   0x00000002   PAD
    0x000284c0   0x000284c0   0x00000090   Code   RO          582    i.bsp_button_event_handler  bsp.o
    0x00028550   0x00028550   0x0000000c   Code   RO          583    i.bsp_button_is_pressed  bsp.o
    0x0002855c   0x0002855c   0x0000004c   Code   RO           10    i.bsp_event_handler  main.o
    0x000285a8   0x000285a8   0x00000044   Code   RO          586    i.bsp_event_to_button_action_assign  bsp.o
    0x000285ec   0x000285ec   0x00000018   Code   RO          587    i.bsp_indication_set  bsp.o
    0x00028604   0x00028604   0x00000094   Code   RO          588    i.bsp_init          bsp.o
    0x00028698   0x00028698   0x000001c8   Code   RO          589    i.bsp_led_indication  bsp.o
    0x00028860   0x00028860   0x00000006   Code   RO          591    i.bsp_wakeup_button_enable  bsp.o
    0x00028866   0x00028866   0x00000002   PAD
    0x00028868   0x00028868   0x00000090   Code   RO         6089    i.buf_prealloc      nrf_log_frontend.o
    0x000288f8   0x000288f8   0x0000001e   Code   RO         5369    i.buffer_add        nrf_fprintf_format.o
    0x00028916   0x00028916   0x00000002   PAD
    0x00028918   0x00028918   0x00000014   Code   RO         6090    i.buffer_is_empty   nrf_log_frontend.o
    0x0002892c   0x0002892c   0x00000008   Code   RO          592    i.button_timer_handler  bsp.o
    0x00028934   0x00028934   0x00000028   Code   RO         1318    i.car_update_needed  gatt_cache_manager.o
    0x0002895c   0x0002895c   0x00000028   Code   RO         1319    i.car_update_pending_handle  gatt_cache_manager.o
    0x00028984   0x00028984   0x0000001c   Code   RO         3428    i.channel_free      nrfx_gpiote.o
    0x000289a0   0x000289a0   0x00000048   Code   RO         3429    i.channel_port_alloc  nrfx_gpiote.o
    0x000289e8   0x000289e8   0x00000010   Code   RO         3430    i.channel_port_get  nrfx_gpiote.o
    0x000289f8   0x000289f8   0x00000060   Code   RO         3009    i.char_add          ble_dis.o
    0x00028a58   0x00028a58   0x00000190   Code   RO         1259    i.characteristic_add  ble_srv_common.o
    0x00028be8   0x00028be8   0x0000003e   Code   RO         2129    i.claim             peer_id.o
    0x00028c26   0x00028c26   0x00000002   PAD
    0x00028c28   0x00028c28   0x00000028   Code   RO         3094    i.clock_clk_started_notify  nrf_drv_clock.o
    0x00028c50   0x00028c50   0x0000001c   Code   RO         3095    i.clock_irq_handler  nrf_drv_clock.o
    0x00028c6c   0x00028c6c   0x000000ac   Code   RO         4403    i.compare_reg_update  app_timer.o
    0x00028d18   0x00028d18   0x0000003e   Code   RO         1113    i.conn_handle_list_get  ble_conn_state.o
    0x00028d56   0x00028d56   0x00000088   Code   RO          830    i.conn_int_encode   ble_advdata.o
    0x00028dde   0x00028dde   0x00000004   Code   RO           11    i.conn_params_error_handler  main.o
    0x00028de2   0x00028de2   0x00000002   PAD
    0x00028de4   0x00028de4   0x00000048   Code   RO         1026    i.conn_params_negotiation  ble_conn_params.o
    0x00028e2c   0x00028e2c   0x00000044   Code   RO         2656    i.conn_sec_failure  security_dispatcher.o
    0x00028e70   0x00028e70   0x00000004   Code   RO         2514    i.conn_secure       peer_manager_handler.o
    0x00028e74   0x00028e74   0x000000c0   Code   RO         1727    i.data_length_update  nrf_ble_gatt.o
    0x00028f34   0x00028f34   0x00000030   Code   RO         1320    i.db_update_pending_handle  gatt_cache_manager.o
    0x00028f64   0x00028f64   0x00000080   Code   RO         4656    i.delete_execute    fds.o
    0x00028fe4   0x00028fe4   0x000000aa   Code   RO         1260    i.descriptor_add    ble_srv_common.o
    0x0002908e   0x0002908e   0x00000002   PAD
    0x00029090   0x00029090   0x00000098   Code   RO         4173    i.detection_delay_timeout_handler  app_button.o
    0x00029128   0x00029128   0x00000014   Code   RO         6091    i.dropped_sat16_get  nrf_log_frontend.o
    0x0002913c   0x0002913c   0x00000040   Code   RO         4404    i.elapsed_ticks_acquire  app_timer.o
    0x0002917c   0x0002917c   0x0000000a   Code   RO         2657    i.encryption_failure  security_dispatcher.o
    0x00029186   0x00029186   0x00000002   PAD
    0x00029188   0x00029188   0x0000004c   Code   RO         5496    i.erase             nrf_fstorage_sd.o
    0x000291d4   0x000291d4   0x00000074   Code   RO         4657    i.event_prepare     fds.o
    0x00029248   0x00029248   0x00000020   Code   RO         4658    i.event_send        fds.o
    0x00029268   0x00029268   0x00000054   Code   RO         5497    i.event_send        nrf_fstorage_sd.o
    0x000292bc   0x000292bc   0x000000ac   Code   RO         2795    i.events_send_from_err_code  security_manager.o
    0x00029368   0x00029368   0x0000001c   Code   RO         1321    i.evt_send          gatt_cache_manager.o
    0x00029384   0x00029384   0x0000002c   Code   RO         2220    i.evt_send          peer_manager.o
    0x000293b0   0x000293b0   0x0000001c   Code   RO         2658    i.evt_send          security_dispatcher.o
    0x000293cc   0x000293cc   0x0000000c   Code   RO         2796    i.evt_send          security_manager.o
    0x000293d8   0x000293d8   0x000000ec   Code   RO         1870    i.fds_evt_handler   peer_data_storage.o
    0x000294c4   0x000294c4   0x00000044   Code   RO         4660    i.fds_file_delete   fds.o
    0x00029508   0x00029508   0x0000003c   Code   RO         4661    i.fds_gc            fds.o
    0x00029544   0x00029544   0x000000d0   Code   RO         4662    i.fds_init          fds.o
    0x00029614   0x00029614   0x00000040   Code   RO         4663    i.fds_record_close  fds.o
    0x00029654   0x00029654   0x0000000e   Code   RO         4665    i.fds_record_find   fds.o
    0x00029662   0x00029662   0x00000010   Code   RO         4666    i.fds_record_find_by_key  fds.o
    0x00029672   0x00029672   0x00000010   Code   RO         4667    i.fds_record_find_in_file  fds.o
    0x00029682   0x00029682   0x00000010   Code   RO         4668    i.fds_record_id_from_desc  fds.o
    0x00029692   0x00029692   0x00000002   PAD
    0x00029694   0x00029694   0x00000048   Code   RO         4670    i.fds_record_open   fds.o
    0x000296dc   0x000296dc   0x0000000e   Code   RO         4671    i.fds_record_update  fds.o
    0x000296ea   0x000296ea   0x00000008   Code   RO         4672    i.fds_record_write  fds.o
    0x000296f2   0x000296f2   0x00000002   PAD
    0x000296f4   0x000296f4   0x0000002c   Code   RO         4674    i.fds_register      fds.o
    0x00029720   0x00029720   0x00000014   Code   RO         1871    i.file_id_within_pm_range  peer_data_storage.o
    0x00029734   0x00029734   0x00000012   Code   RO         2659    i.flag_id_init      security_dispatcher.o
    0x00029746   0x00029746   0x00000012   Code   RO         2797    i.flag_id_init      security_manager.o
    0x00029758   0x00029758   0x00000028   Code   RO          939    i.flags_set         ble_advertising.o
    0x00029780   0x00029780   0x00000030   Code   RO         2798    i.flags_set_from_err_code  security_manager.o
    0x000297b0   0x000297b0   0x00000030   Code   RO         1114    i.for_each_set_flag  ble_conn_state.o
    0x000297e0   0x000297e0   0x00000006   Code   RO         4678    i.fs_event_handler  fds.o
    0x000297e6   0x000297e6   0x00000002   PAD
    0x000297e8   0x000297e8   0x00000098   Code   RO           12    i.gap_params_init   main.o
    0x00029880   0x00029880   0x0000007c   Code   RO         4679    i.gc_execute        fds.o
    0x000298fc   0x000298fc   0x0000004c   Code   RO         4680    i.gc_next_page      fds.o
    0x00029948   0x00029948   0x00000040   Code   RO         4681    i.gc_page_erase     fds.o
    0x00029988   0x00029988   0x00000034   Code   RO         4682    i.gc_record_copy    fds.o
    0x000299bc   0x000299bc   0x00000024   Code   RO         4683    i.gc_record_find_next  fds.o
    0x000299e0   0x000299e0   0x00000088   Code   RO         4684    i.gc_state_advance  fds.o
    0x00029a68   0x00029a68   0x000001b8   Code   RO         1322    i.gcm_ble_evt_handler  gatt_cache_manager.o
    0x00029c20   0x00029c20   0x0000003c   Code   RO         1323    i.gcm_im_evt_handler  gatt_cache_manager.o
    0x00029c5c   0x00029c5c   0x0000007c   Code   RO         1324    i.gcm_init          gatt_cache_manager.o
    0x00029cd8   0x00029cd8   0x00000088   Code   RO         1327    i.gcm_pdb_evt_handler  gatt_cache_manager.o
    0x00029d60   0x00029d60   0x00000084   Code   RO         4174    i.gpiote_event_handler  app_button.o
    0x00029de4   0x00029de4   0x0000001c   Code   RO         1477    i.gscm_db_change_notification_done  gatts_cache_manager.o
    0x00029e00   0x00029e00   0x00000014   Code   RO         1478    i.gscm_init         gatts_cache_manager.o
    0x00029e14   0x00029e14   0x00000090   Code   RO         1480    i.gscm_local_db_cache_apply  gatts_cache_manager.o
    0x00029ea4   0x00029ea4   0x000000ac   Code   RO         1481    i.gscm_local_db_cache_update  gatts_cache_manager.o
    0x00029f50   0x00029f50   0x00000018   Code   RO         1482    i.gscm_pdb_evt_handler  gatts_cache_manager.o
    0x00029f68   0x00029f68   0x0000001e   Code   RO         1483    i.gscm_service_changed_ind_needed  gatts_cache_manager.o
    0x00029f86   0x00029f86   0x00000002   PAD
    0x00029f88   0x00029f88   0x0000005c   Code   RO         1484    i.gscm_service_changed_ind_send  gatts_cache_manager.o
    0x00029fe4   0x00029fe4   0x00000026   Code   RO         4685    i.header_check      fds.o
    0x0002a00a   0x0002a00a   0x00000012   Code   RO         4686    i.header_has_next   fds.o
    0x0002a01c   0x0002a01c   0x00000046   Code   RO         1563    i.im_address_resolve  id_manager.o
    0x0002a062   0x0002a062   0x00000002   PAD
    0x0002a064   0x0002a064   0x00000038   Code   RO         1564    i.im_ble_addr_get   id_manager.o
    0x0002a09c   0x0002a09c   0x000000dc   Code   RO         1565    i.im_ble_evt_handler  id_manager.o
    0x0002a178   0x0002a178   0x00000040   Code   RO         1566    i.im_conn_handle_get  id_manager.o
    0x0002a1b8   0x0002a1b8   0x00000038   Code   RO         1568    i.im_find_duplicate_bonding_data  id_manager.o
    0x0002a1f0   0x0002a1f0   0x00000072   Code   RO         1571    i.im_is_duplicate_bonding_data  id_manager.o
    0x0002a262   0x0002a262   0x00000018   Code   RO         1572    i.im_master_id_is_valid  id_manager.o
    0x0002a27a   0x0002a27a   0x0000002a   Code   RO         1573    i.im_master_ids_compare  id_manager.o
    0x0002a2a4   0x0002a2a4   0x00000014   Code   RO         1574    i.im_new_peer_id    id_manager.o
    0x0002a2b8   0x0002a2b8   0x0000002c   Code   RO         1575    i.im_peer_free      id_manager.o
    0x0002a2e4   0x0002a2e4   0x00000024   Code   RO         1576    i.im_peer_id_get_by_conn_handle  id_manager.o
    0x0002a308   0x0002a308   0x0000003c   Code   RO         1577    i.im_peer_id_get_by_master_id  id_manager.o
    0x0002a344   0x0002a344   0x00000034   Code   RO         5498    i.init              nrf_fstorage_sd.o
    0x0002a378   0x0002a378   0x000000c8   Code   RO         4687    i.init_execute      fds.o
    0x0002a440   0x0002a440   0x00000014   Code   RO         1027    i.instance_get      ble_conn_params.o
    0x0002a454   0x0002a454   0x000000a6   Code   RO         5370    i.int_print         nrf_fprintf_format.o
    0x0002a4fa   0x0002a4fa   0x00000002   PAD
    0x0002a4fc   0x0002a4fc   0x00000080   Code   RO         4005    i.interrupts_enable  nrfx_uarte.o
    0x0002a57c   0x0002a57c   0x00000034   Code   RO         6092    i.invalid_packets_omit  nrf_log_frontend.o
    0x0002a5b0   0x0002a5b0   0x00000010   Code   RO         5499    i.is_busy           nrf_fstorage_sd.o
    0x0002a5c0   0x0002a5c0   0x00000044   Code   RO         1028    i.is_conn_params_ok  ble_conn_params.o
    0x0002a604   0x0002a604   0x00000014   Code   RO         1582    i.is_valid_irk      id_manager.o
    0x0002a618   0x0002a618   0x0000000c   Code   RO         4688    i.is_word_aligned   fds.o
    0x0002a624   0x0002a624   0x00000030   Code   RO          593    i.leds_off          bsp.o
    0x0002a654   0x0002a654   0x00000014   Code   RO          594    i.leds_timer_handler  bsp.o
    0x0002a668   0x0002a668   0x00000014   Code   RO         1728    i.link_init         nrf_ble_gatt.o
    0x0002a67c   0x0002a67c   0x000000d0   Code   RO         2799    i.link_secure       security_manager.o
    0x0002a74c   0x0002a74c   0x0000003c   Code   RO         2660    i.link_secure_failure  security_dispatcher.o
    0x0002a788   0x0002a788   0x0000002c   Code   RO         2800    i.link_secure_pending_handle  security_manager.o
    0x0002a7b4   0x0002a7b4   0x000000f8   Code   RO         4405    i.list_insertions_handler  app_timer.o
    0x0002a8ac   0x0002a8ac   0x000000a8   Code   RO         1328    i.local_db_apply_in_evt  gatt_cache_manager.o
    0x0002a954   0x0002a954   0x00000010   Code   RO         1329    i.local_db_update   gatt_cache_manager.o
    0x0002a964   0x0002a964   0x0000010c   Code   RO         1330    i.local_db_update_in_evt  gatt_cache_manager.o
    0x0002aa70   0x0002aa70   0x0000009c   Code   RO         6093    i.log_skip          nrf_log_frontend.o
    0x0002ab0c   0x0002ab0c   0x0000017c   Code   RO           13    i.main              main.o
    0x0002ac88   0x0002ac88   0x00000064   Code   RO          831    i.manuf_specific_data_encode  ble_advdata.o
    0x0002acec   0x0002acec   0x0000007e   Code   RO         5608    i.memobj_op         nrf_memobj.o
    0x0002ad6a   0x0002ad6a   0x00000002   PAD
    0x0002ad6c   0x0002ad6c   0x00000030   Code   RO         6094    i.module_idx_get    nrf_log_frontend.o
    0x0002ad9c   0x0002ad9c   0x00000008   Code   RO         2607    i.mutex_lock_status_get  pm_buffer.o
    0x0002ada4   0x0002ada4   0x000000a6   Code   RO          832    i.name_encode       ble_advdata.o
    0x0002ae4a   0x0002ae4a   0x00000002   PAD
    0x0002ae4c   0x0002ae4c   0x00000014   Code   RO         2801    i.new_context_get   security_manager.o
    0x0002ae60   0x0002ae60   0x00000030   Code   RO         2130    i.next_id_get       peer_id.o
    0x0002ae90   0x0002ae90   0x00000010   Code   RO         5023    i.nrf_atfifo_clear  nrf_atfifo.o
    0x0002aea0   0x0002aea0   0x00000026   Code   RO         5025    i.nrf_atfifo_init   nrf_atfifo.o
    0x0002aec6   0x0002aec6   0x00000016   Code   RO         5026    i.nrf_atfifo_item_alloc  nrf_atfifo.o
    0x0002aedc   0x0002aedc   0x00000016   Code   RO         5027    i.nrf_atfifo_item_free  nrf_atfifo.o
    0x0002aef2   0x0002aef2   0x00000016   Code   RO         5028    i.nrf_atfifo_item_get  nrf_atfifo.o
    0x0002af08   0x0002af08   0x00000016   Code   RO         5029    i.nrf_atfifo_item_put  nrf_atfifo.o
    0x0002af1e   0x0002af1e   0x00000016   Code   RO         5091    i.nrf_atflags_clear  nrf_atflags.o
    0x0002af34   0x0002af34   0x00000020   Code   RO         5093    i.nrf_atflags_fetch_set  nrf_atflags.o
    0x0002af54   0x0002af54   0x0000004a   Code   RO         5095    i.nrf_atflags_find_and_set_flag  nrf_atflags.o
    0x0002af9e   0x0002af9e   0x00000016   Code   RO         5096    i.nrf_atflags_get   nrf_atflags.o
    0x0002afb4   0x0002afb4   0x00000014   Code   RO         5098    i.nrf_atflags_set   nrf_atflags.o
    0x0002afc8   0x0002afc8   0x00000006   Code   RO         5159    i.nrf_atomic_flag_clear_fetch  nrf_atomic.o
    0x0002afce   0x0002afce   0x00000006   Code   RO         5160    i.nrf_atomic_flag_set  nrf_atomic.o
    0x0002afd4   0x0002afd4   0x00000006   Code   RO         5161    i.nrf_atomic_flag_set_fetch  nrf_atomic.o
    0x0002afda   0x0002afda   0x0000000c   Code   RO         5162    i.nrf_atomic_u32_add  nrf_atomic.o
    0x0002afe6   0x0002afe6   0x0000000c   Code   RO         5163    i.nrf_atomic_u32_and  nrf_atomic.o
    0x0002aff2   0x0002aff2   0x0000000a   Code   RO         5165    i.nrf_atomic_u32_fetch_add  nrf_atomic.o
    0x0002affc   0x0002affc   0x0000000a   Code   RO         5166    i.nrf_atomic_u32_fetch_and  nrf_atomic.o
    0x0002b006   0x0002b006   0x0000000a   Code   RO         5167    i.nrf_atomic_u32_fetch_or  nrf_atomic.o
    0x0002b010   0x0002b010   0x0000000a   Code   RO         5168    i.nrf_atomic_u32_fetch_store  nrf_atomic.o
    0x0002b01a   0x0002b01a   0x0000000c   Code   RO         5172    i.nrf_atomic_u32_or  nrf_atomic.o
    0x0002b026   0x0002b026   0x0000000c   Code   RO         5174    i.nrf_atomic_u32_sub  nrf_atomic.o
    0x0002b032   0x0002b032   0x00000044   Code   RO         5293    i.nrf_balloc_alloc  nrf_balloc.o
    0x0002b076   0x0002b076   0x00000030   Code   RO         5294    i.nrf_balloc_free   nrf_balloc.o
    0x0002b0a6   0x0002b0a6   0x00000030   Code   RO         5295    i.nrf_balloc_init   nrf_balloc.o
    0x0002b0d6   0x0002b0d6   0x00000010   Code   RO         3431    i.nrf_bitmask_bit_is_set  nrfx_gpiote.o
    0x0002b0e6   0x0002b0e6   0x00000014   Code   RO         3432    i.nrf_bitmask_bit_set  nrfx_gpiote.o
    0x0002b0fa   0x0002b0fa   0x00000022   Code   RO         1734    i.nrf_ble_gatt_init  nrf_ble_gatt.o
    0x0002b11c   0x0002b11c   0x00000150   Code   RO         1735    i.nrf_ble_gatt_on_ble_evt  nrf_ble_gatt.o
    0x0002b26c   0x0002b26c   0x00000016   Code   RO         1829    i.nrf_ble_qwr_conn_handle_assign  nrf_ble_qwr.o
    0x0002b282   0x0002b282   0x00000024   Code   RO         1830    i.nrf_ble_qwr_init  nrf_ble_qwr.o
    0x0002b2a6   0x0002b2a6   0x000000b6   Code   RO         1831    i.nrf_ble_qwr_on_ble_evt  nrf_ble_qwr.o
    0x0002b35c   0x0002b35c   0x0000000e   Code   RO         3293    i.nrf_clock_event_check  nrfx_clock.o
    0x0002b36a   0x0002b36a   0x00000010   Code   RO         3294    i.nrf_clock_event_clear  nrfx_clock.o
    0x0002b37a   0x0002b37a   0x00000002   PAD
    0x0002b37c   0x0002b37c   0x00000038   Code   RO         3102    i.nrf_drv_clock_init  nrf_drv_clock.o
    0x0002b3b4   0x0002b3b4   0x00000030   Code   RO         3106    i.nrf_drv_clock_lfclk_release  nrf_drv_clock.o
    0x0002b3e4   0x0002b3e4   0x00000068   Code   RO         3240    i.nrf_drv_uart_init  nrf_drv_uart.o
    0x0002b44c   0x0002b44c   0x0000001a   Code   RO         5330    i.nrf_fprintf       nrf_fprintf.o
    0x0002b466   0x0002b466   0x00000018   Code   RO         5331    i.nrf_fprintf_buffer_flush  nrf_fprintf.o
    0x0002b47e   0x0002b47e   0x000001da   Code   RO         5371    i.nrf_fprintf_fmt   nrf_fprintf_format.o
    0x0002b658   0x0002b658   0x00000138   Code   RO         5411    i.nrf_fstorage_erase  nrf_fstorage.o
    0x0002b790   0x0002b790   0x00000094   Code   RO         5412    i.nrf_fstorage_init  nrf_fstorage.o
    0x0002b824   0x0002b824   0x00000018   Code   RO         5500    i.nrf_fstorage_sdh_req_handler  nrf_fstorage_sd.o
    0x0002b83c   0x0002b83c   0x00000020   Code   RO         5501    i.nrf_fstorage_sdh_state_handler  nrf_fstorage_sd.o
    0x0002b85c   0x0002b85c   0x000000a4   Code   RO         5502    i.nrf_fstorage_sys_evt_handler  nrf_fstorage_sd.o
    0x0002b900   0x0002b900   0x000001dc   Code   RO         5418    i.nrf_fstorage_write  nrf_fstorage.o
    0x0002badc   0x0002badc   0x00000032   Code   RO          455    i.nrf_gpio_cfg      boards.o
    0x0002bb0e   0x0002bb0e   0x00000032   Code   RO         3433    i.nrf_gpio_cfg      nrfx_gpiote.o
    0x0002bb40   0x0002bb40   0x00000032   Code   RO         3804    i.nrf_gpio_cfg      nrfx_uart.o
    0x0002bb72   0x0002bb72   0x00000032   Code   RO         4006    i.nrf_gpio_cfg      nrfx_uarte.o
    0x0002bba4   0x0002bba4   0x00000012   Code   RO         3805    i.nrf_gpio_cfg_default  nrfx_uart.o
    0x0002bbb6   0x0002bbb6   0x00000012   Code   RO         4007    i.nrf_gpio_cfg_default  nrfx_uarte.o
    0x0002bbc8   0x0002bbc8   0x00000012   Code   RO         3806    i.nrf_gpio_cfg_input  nrfx_uart.o
    0x0002bbda   0x0002bbda   0x00000012   Code   RO         4008    i.nrf_gpio_cfg_input  nrfx_uarte.o
    0x0002bbec   0x0002bbec   0x00000014   Code   RO         3807    i.nrf_gpio_cfg_output  nrfx_uart.o
    0x0002bc00   0x0002bc00   0x00000014   Code   RO         4009    i.nrf_gpio_cfg_output  nrfx_uarte.o
    0x0002bc14   0x0002bc14   0x00000030   Code   RO         3435    i.nrf_gpio_cfg_sense_set  nrfx_gpiote.o
    0x0002bc44   0x0002bc44   0x0000001c   Code   RO          456    i.nrf_gpio_pin_port_decode  boards.o
    0x0002bc60   0x0002bc60   0x0000001c   Code   RO         3437    i.nrf_gpio_pin_port_decode  nrfx_gpiote.o
    0x0002bc7c   0x0002bc7c   0x0000001c   Code   RO         3808    i.nrf_gpio_pin_port_decode  nrfx_uart.o
    0x0002bc98   0x0002bc98   0x0000001c   Code   RO         4010    i.nrf_gpio_pin_port_decode  nrfx_uarte.o
    0x0002bcb4   0x0002bcb4   0x00000016   Code   RO         3438    i.nrf_gpio_pin_read  nrfx_gpiote.o
    0x0002bcca   0x0002bcca   0x00000014   Code   RO         3809    i.nrf_gpio_pin_set  nrfx_uart.o
    0x0002bcde   0x0002bcde   0x00000014   Code   RO         4011    i.nrf_gpio_pin_set  nrfx_uarte.o
    0x0002bcf2   0x0002bcf2   0x00000026   Code   RO          457    i.nrf_gpio_pin_write  boards.o
    0x0002bd18   0x0002bd18   0x0000002c   Code   RO         3440    i.nrf_gpio_ports_read  nrfx_gpiote.o
    0x0002bd44   0x0002bd44   0x00000014   Code   RO         3441    i.nrf_gpiote_event_clear  nrfx_gpiote.o
    0x0002bd58   0x0002bd58   0x00000010   Code   RO         3442    i.nrf_gpiote_event_is_set  nrfx_gpiote.o
    0x0002bd68   0x0002bd68   0x0000005c   Code   RO         6095    i.nrf_log_backend_add  nrf_log_frontend.o
    0x0002bdc4   0x0002bdc4   0x000000c8   Code   RO         5934    i.nrf_log_backend_serial_put  nrf_log_backend_serial.o
    0x0002be8c   0x0002be8c   0x00000002   Code   RO         5974    i.nrf_log_backend_uart_flush  nrf_log_backend_uart.o
    0x0002be8e   0x0002be8e   0x00000006   Code   RO         5975    i.nrf_log_backend_uart_init  nrf_log_backend_uart.o
    0x0002be94   0x0002be94   0x0000002c   Code   RO         5976    i.nrf_log_backend_uart_panic_set  nrf_log_backend_uart.o
    0x0002bec0   0x0002bec0   0x00000018   Code   RO         5977    i.nrf_log_backend_uart_put  nrf_log_backend_uart.o
    0x0002bed8   0x0002bed8   0x00000030   Code   RO         6097    i.nrf_log_color_id_get  nrf_log_frontend.o
    0x0002bf08   0x0002bf08   0x0000001c   Code   RO         6053    i.nrf_log_default_backends_init  nrf_log_default_backends.o
    0x0002bf24   0x0002bf24   0x00000234   Code   RO         6098    i.nrf_log_frontend_dequeue  nrf_log_frontend.o
    0x0002c158   0x0002c158   0x00000008   Code   RO         6100    i.nrf_log_frontend_std_0  nrf_log_frontend.o
    0x0002c160   0x0002c160   0x0000000e   Code   RO         6101    i.nrf_log_frontend_std_1  nrf_log_frontend.o
    0x0002c16e   0x0002c16e   0x00000010   Code   RO         6102    i.nrf_log_frontend_std_2  nrf_log_frontend.o
    0x0002c17e   0x0002c17e   0x00000012   Code   RO         6103    i.nrf_log_frontend_std_3  nrf_log_frontend.o
    0x0002c190   0x0002c190   0x00000014   Code   RO         6104    i.nrf_log_frontend_std_4  nrf_log_frontend.o
    0x0002c1a4   0x0002c1a4   0x000000ac   Code   RO         6275    i.nrf_log_hexdump_entry_process  nrf_log_str_formatter.o
    0x0002c250   0x0002c250   0x0000003c   Code   RO         6107    i.nrf_log_init      nrf_log_frontend.o
    0x0002c28c   0x0002c28c   0x00000014   Code   RO         6108    i.nrf_log_module_cnt_get  nrf_log_frontend.o
    0x0002c2a0   0x0002c2a0   0x0000001c   Code   RO         6111    i.nrf_log_module_name_get  nrf_log_frontend.o
    0x0002c2bc   0x0002c2bc   0x0000002c   Code   RO         6112    i.nrf_log_panic     nrf_log_frontend.o
    0x0002c2e8   0x0002c2e8   0x000000b6   Code   RO         6276    i.nrf_log_std_entry_process  nrf_log_str_formatter.o
    0x0002c39e   0x0002c39e   0x00000060   Code   RO         5609    i.nrf_memobj_alloc  nrf_memobj.o
    0x0002c3fe   0x0002c3fe   0x00000032   Code   RO         5610    i.nrf_memobj_free   nrf_memobj.o
    0x0002c430   0x0002c430   0x00000008   Code   RO         5611    i.nrf_memobj_get    nrf_memobj.o
    0x0002c438   0x0002c438   0x00000004   Code   RO         5612    i.nrf_memobj_pool_init  nrf_memobj.o
    0x0002c43c   0x0002c43c   0x0000001e   Code   RO         5613    i.nrf_memobj_put    nrf_memobj.o
    0x0002c45a   0x0002c45a   0x00000010   Code   RO         5614    i.nrf_memobj_read   nrf_memobj.o
    0x0002c46a   0x0002c46a   0x00000010   Code   RO         5615    i.nrf_memobj_write  nrf_memobj.o
    0x0002c47a   0x0002c47a   0x00000002   PAD
    0x0002c47c   0x0002c47c   0x00000028   Code   RO         5687    i.nrf_pwr_mgmt_init  nrf_pwr_mgmt.o
    0x0002c4a4   0x0002c4a4   0x00000044   Code   RO         5688    i.nrf_pwr_mgmt_run  nrf_pwr_mgmt.o
    0x0002c4e8   0x0002c4e8   0x00000004   Code   RO           14    i.nrf_qwr_error_handler  main.o
    0x0002c4ec   0x0002c4ec   0x0000001c   Code   RO         5761    i.nrf_ringbuf_init  nrf_ringbuf.o
    0x0002c508   0x0002c508   0x00000014   Code   RO         6810    i.nrf_sdh_ble_app_ram_start_get  nrf_sdh_ble.o
    0x0002c51c   0x0002c51c   0x00000100   Code   RO         6811    i.nrf_sdh_ble_default_cfg_set  nrf_sdh_ble.o
    0x0002c61c   0x0002c61c   0x00000130   Code   RO         6812    i.nrf_sdh_ble_enable  nrf_sdh_ble.o
    0x0002c74c   0x0002c74c   0x0000005c   Code   RO         6813    i.nrf_sdh_ble_evts_poll  nrf_sdh_ble.o
    0x0002c7a8   0x0002c7a8   0x00000054   Code   RO         6691    i.nrf_sdh_disable_request  nrf_sdh.o
    0x0002c7fc   0x0002c7fc   0x00000074   Code   RO         6692    i.nrf_sdh_enable_request  nrf_sdh.o
    0x0002c870   0x0002c870   0x00000024   Code   RO         6693    i.nrf_sdh_evts_poll  nrf_sdh.o
    0x0002c894   0x0002c894   0x0000000c   Code   RO         6694    i.nrf_sdh_is_enabled  nrf_sdh.o
    0x0002c8a0   0x0002c8a0   0x0000001c   Code   RO         6696    i.nrf_sdh_request_continue  nrf_sdh.o
    0x0002c8bc   0x0002c8bc   0x0000003c   Code   RO         6864    i.nrf_sdh_soc_evts_poll  nrf_sdh_soc.o
    0x0002c8f8   0x0002c8f8   0x0000000a   Code   RO         5819    i.nrf_section_iter_init  nrf_section_iter.o
    0x0002c902   0x0002c902   0x00000024   Code   RO         5820    i.nrf_section_iter_item_set  nrf_section_iter.o
    0x0002c926   0x0002c926   0x00000020   Code   RO         5821    i.nrf_section_iter_next  nrf_section_iter.o
    0x0002c946   0x0002c946   0x00000002   PAD
    0x0002c948   0x0002c948   0x00000038   Code   RO         5854    i.nrf_strerror_find  nrf_strerror.o
    0x0002c980   0x0002c980   0x00000014   Code   RO         5855    i.nrf_strerror_get  nrf_strerror.o
    0x0002c994   0x0002c994   0x0000000a   Code   RO         3810    i.nrf_uart_event_check  nrfx_uart.o
    0x0002c99e   0x0002c99e   0x0000000c   Code   RO         3811    i.nrf_uart_event_clear  nrfx_uart.o
    0x0002c9aa   0x0002c9aa   0x0000000c   Code   RO         3812    i.nrf_uart_int_enable_check  nrfx_uart.o
    0x0002c9b6   0x0002c9b6   0x0000000a   Code   RO         4012    i.nrf_uarte_event_check  nrfx_uarte.o
    0x0002c9c0   0x0002c9c0   0x0000000c   Code   RO         4013    i.nrf_uarte_event_clear  nrfx_uarte.o
    0x0002c9cc   0x0002c9cc   0x00000030   Code   RO         3299    i.nrfx_clock_enable  nrfx_clock.o
    0x0002c9fc   0x0002c9fc   0x00000020   Code   RO         3302    i.nrfx_clock_init   nrfx_clock.o
    0x0002ca1c   0x0002ca1c   0x0000001c   Code   RO         3305    i.nrfx_clock_lfclk_stop  nrfx_clock.o
    0x0002ca38   0x0002ca38   0x00000010   Code   RO         4406    i.nrfx_coredep_delay_us  app_timer.o
    0x0002ca48   0x0002ca48   0x00000098   Code   RO         3447    i.nrfx_gpiote_in_event_enable  nrfx_gpiote.o
    0x0002cae0   0x0002cae0   0x000000d4   Code   RO         3448    i.nrfx_gpiote_in_init  nrfx_gpiote.o
    0x0002cbb4   0x0002cbb4   0x0000000e   Code   RO         3449    i.nrfx_gpiote_in_is_set  nrfx_gpiote.o
    0x0002cbc2   0x0002cbc2   0x00000002   PAD
    0x0002cbc4   0x0002cbc4   0x00000074   Code   RO         3451    i.nrfx_gpiote_init  nrfx_gpiote.o
    0x0002cc38   0x0002cc38   0x00000014   Code   RO         3452    i.nrfx_gpiote_is_init  nrfx_gpiote.o
    0x0002cc4c   0x0002cc4c   0x00000010   Code   RO         4014    i.nrfx_is_in_ram    nrfx_uarte.o
    0x0002cc5c   0x0002cc5c   0x0000003a   Code   RO         3750    i.nrfx_prs_acquire  nrfx_prs.o
    0x0002cc96   0x0002cc96   0x00000012   Code   RO         3751    i.nrfx_prs_release  nrfx_prs.o
    0x0002cca8   0x0002cca8   0x00000010   Code   RO         3813    i.nrfx_uart_0_irq_handler  nrfx_uart.o
    0x0002ccb8   0x0002ccb8   0x000000d4   Code   RO         3815    i.nrfx_uart_init    nrfx_uart.o
    0x0002cd8c   0x0002cd8c   0x000000a4   Code   RO         3821    i.nrfx_uart_tx      nrfx_uart.o
    0x0002ce30   0x0002ce30   0x00000020   Code   RO         3823    i.nrfx_uart_tx_in_progress  nrfx_uart.o
    0x0002ce50   0x0002ce50   0x000000b4   Code   RO         3824    i.nrfx_uart_uninit  nrfx_uart.o
    0x0002cf04   0x0002cf04   0x00000010   Code   RO         4015    i.nrfx_uarte_0_irq_handler  nrfx_uarte.o
    0x0002cf14   0x0002cf14   0x0000006c   Code   RO         4017    i.nrfx_uarte_init   nrfx_uarte.o
    0x0002cf80   0x0002cf80   0x00000090   Code   RO         4021    i.nrfx_uarte_tx     nrfx_uarte.o
    0x0002d010   0x0002d010   0x0000001c   Code   RO         4023    i.nrfx_uarte_tx_in_progress  nrfx_uarte.o
    0x0002d02c   0x0002d02c   0x000000b0   Code   RO         4024    i.nrfx_uarte_uninit  nrfx_uarte.o
    0x0002d0dc   0x0002d0dc   0x00000054   Code   RO           15    i.on_adv_evt        main.o
    0x0002d130   0x0002d130   0x0000001c   Code   RO           16    i.on_conn_params_evt  main.o
    0x0002d14c   0x0002d14c   0x000000a8   Code   RO         1736    i.on_connected_evt  nrf_ble_gatt.o
    0x0002d1f4   0x0002d1f4   0x000000ac   Code   RO         1737    i.on_exchange_mtu_request_evt  nrf_ble_gatt.o
    0x0002d2a0   0x0002d2a0   0x00000024   Code   RO         4689    i.page_identify     fds.o
    0x0002d2c4   0x0002d2c4   0x0000001c   Code   RO         4690    i.page_offsets_update  fds.o
    0x0002d2e0   0x0002d2e0   0x0000006c   Code   RO         4691    i.page_scan         fds.o
    0x0002d34c   0x0002d34c   0x0000001c   Code   RO         4692    i.page_tag_write_data  fds.o
    0x0002d368   0x0002d368   0x00000024   Code   RO         4693    i.page_tag_write_swap  fds.o
    0x0002d38c   0x0002d38c   0x0000011c   Code   RO         4694    i.pages_init        fds.o
    0x0002d4a8   0x0002d4a8   0x0000000c   Code   RO         2661    i.pairing           security_dispatcher.o
    0x0002d4b4   0x0002d4b4   0x00000074   Code   RO         2662    i.pairing_failure   security_dispatcher.o
    0x0002d528   0x0002d528   0x0000002e   Code   RO         2663    i.pairing_success_evt_send  security_dispatcher.o
    0x0002d556   0x0002d556   0x00000006   Code   RO         2802    i.params_reply_pending_handle  security_manager.o
    0x0002d55c   0x0002d55c   0x00000028   Code   RO         2803    i.params_req_send   security_manager.o
    0x0002d584   0x0002d584   0x0000001c   Code   RO         2010    i.pdb_evt_send      peer_database.o
    0x0002d5a0   0x0002d5a0   0x00000090   Code   RO         2011    i.pdb_init          peer_database.o
    0x0002d630   0x0002d630   0x0000007c   Code   RO         2012    i.pdb_pds_evt_handler  peer_database.o
    0x0002d6ac   0x0002d6ac   0x00000006   Code   RO         2013    i.pdb_peer_data_ptr_get  peer_database.o
    0x0002d6b2   0x0002d6b2   0x00000002   PAD
    0x0002d6b4   0x0002d6b4   0x0000008c   Code   RO         2014    i.pdb_peer_free     peer_database.o
    0x0002d740   0x0002d740   0x000000dc   Code   RO         2015    i.pdb_write_buf_get  peer_database.o
    0x0002d81c   0x0002d81c   0x00000014   Code   RO         2016    i.pdb_write_buf_release  peer_database.o
    0x0002d830   0x0002d830   0x00000036   Code   RO         2017    i.pdb_write_buf_store  peer_database.o
    0x0002d866   0x0002d866   0x00000002   PAD
    0x0002d868   0x0002d868   0x00000010   Code   RO         1872    i.pds_evt_send      peer_data_storage.o
    0x0002d878   0x0002d878   0x000000dc   Code   RO         1873    i.pds_init          peer_data_storage.o
    0x0002d954   0x0002d954   0x00000004   Code   RO         1874    i.pds_next_deleted_peer_id_get  peer_data_storage.o
    0x0002d958   0x0002d958   0x00000004   Code   RO         1875    i.pds_next_peer_id_get  peer_data_storage.o
    0x0002d95c   0x0002d95c   0x00000058   Code   RO         1878    i.pds_peer_data_iterate  peer_data_storage.o
    0x0002d9b4   0x0002d9b4   0x00000010   Code   RO         1879    i.pds_peer_data_iterate_prepare  peer_data_storage.o
    0x0002d9c4   0x0002d9c4   0x00000072   Code   RO         1880    i.pds_peer_data_read  peer_data_storage.o
    0x0002da36   0x0002da36   0x00000002   PAD
    0x0002da38   0x0002da38   0x000000a0   Code   RO         1881    i.pds_peer_data_store  peer_data_storage.o
    0x0002dad8   0x0002dad8   0x00000008   Code   RO         1882    i.pds_peer_id_allocate  peer_data_storage.o
    0x0002dae0   0x0002dae0   0x00000016   Code   RO         1883    i.pds_peer_id_free  peer_data_storage.o
    0x0002daf6   0x0002daf6   0x00000004   Code   RO         1884    i.pds_peer_id_is_allocated  peer_data_storage.o
    0x0002dafa   0x0002dafa   0x00000002   PAD
    0x0002dafc   0x0002dafc   0x0000009c   Code   RO         1886    i.peer_data_delete_process  peer_data_storage.o
    0x0002db98   0x0002db98   0x00000030   Code   RO         1887    i.peer_data_find    peer_data_storage.o
    0x0002dbc8   0x0002dbc8   0x00000024   Code   RO         1888    i.peer_data_id_is_valid  peer_data_storage.o
    0x0002dbec   0x0002dbec   0x0000001a   Code   RO         2018    i.peer_data_point_to_buffer  peer_database.o
    0x0002dc06   0x0002dc06   0x00000002   PAD
    0x0002dc08   0x0002dc08   0x0000000c   Code   RO         2131    i.peer_id_allocate  peer_id.o
    0x0002dc14   0x0002dc14   0x00000024   Code   RO         2132    i.peer_id_delete    peer_id.o
    0x0002dc38   0x0002dc38   0x0000001c   Code   RO         2133    i.peer_id_free      peer_id.o
    0x0002dc54   0x0002dc54   0x0000000c   Code   RO         2134    i.peer_id_get_next_deleted  peer_id.o
    0x0002dc60   0x0002dc60   0x00000030   Code   RO         2135    i.peer_id_get_next_used  peer_id.o
    0x0002dc90   0x0002dc90   0x0000000c   Code   RO         2136    i.peer_id_init      peer_id.o
    0x0002dc9c   0x0002dc9c   0x00000014   Code   RO         2137    i.peer_id_is_allocated  peer_id.o
    0x0002dcb0   0x0002dcb0   0x00000014   Code   RO         2138    i.peer_id_is_deleted  peer_id.o
    0x0002dcc4   0x0002dcc4   0x0000006c   Code   RO           17    i.peer_manager_init  main.o
    0x0002dd30   0x0002dd30   0x00000016   Code   RO          940    i.phy_is_valid      ble_advertising.o
    0x0002dd46   0x0002dd46   0x00000002   PAD
    0x0002dd48   0x0002dd48   0x00000018   Code   RO         3468    i.pin_in_use_by_port  nrfx_gpiote.o
    0x0002dd60   0x0002dd60   0x00000018   Code   RO         3469    i.pin_in_use_by_te  nrfx_gpiote.o
    0x0002dd78   0x0002dd78   0x00000064   Code   RO         2608    i.pm_buffer_block_acquire  pm_buffer.o
    0x0002dddc   0x0002dddc   0x00000024   Code   RO         2609    i.pm_buffer_init    pm_buffer.o
    0x0002de00   0x0002de00   0x00000028   Code   RO         2610    i.pm_buffer_ptr_get  pm_buffer.o
    0x0002de28   0x0002de28   0x00000032   Code   RO         2611    i.pm_buffer_release  pm_buffer.o
    0x0002de5a   0x0002de5a   0x00000002   PAD
    0x0002de5c   0x0002de5c   0x00000078   Code   RO         2225    i.pm_conn_sec_status_get  peer_manager.o
    0x0002ded4   0x0002ded4   0x0000001c   Code   RO         2226    i.pm_conn_secure    peer_manager.o
    0x0002def0   0x0002def0   0x00000020   Code   RO           18    i.pm_evt_handler    main.o
    0x0002df10   0x0002df10   0x00000004   Code   RO         2228    i.pm_gcm_evt_handler  peer_manager.o
    0x0002df14   0x0002df14   0x00000210   Code   RO         2516    i.pm_handler_flash_clean  peer_manager_handler.o
    0x0002e124   0x0002e124   0x0000001c   Code   RO         2517    i.pm_handler_flash_clean_on_return  peer_manager_handler.o
    0x0002e140   0x0002e140   0x00000054   Code   RO         2518    i.pm_handler_on_pm_evt  peer_manager_handler.o
    0x0002e194   0x0002e194   0x000002dc   Code   RO         2519    i.pm_handler_pm_evt_log  peer_manager_handler.o
    0x0002e470   0x0002e470   0x00000004   Code   RO         2231    i.pm_im_evt_handler  peer_manager.o
    0x0002e474   0x0002e474   0x000001bc   Code   RO         2232    i.pm_init           peer_manager.o
    0x0002e630   0x0002e630   0x00000120   Code   RO         2236    i.pm_pdb_evt_handler  peer_manager.o
    0x0002e750   0x0002e750   0x00000014   Code   RO         2247    i.pm_peer_delete    peer_manager.o
    0x0002e764   0x0002e764   0x0000011c   Code   RO         2251    i.pm_peer_rank_highest  peer_manager.o
    0x0002e880   0x0002e880   0x000000ec   Code   RO         2252    i.pm_peer_ranks_get  peer_manager.o
    0x0002e96c   0x0002e96c   0x00000094   Code   RO         2253    i.pm_peers_delete   peer_manager.o
    0x0002ea00   0x0002ea00   0x0000002c   Code   RO         2256    i.pm_register       peer_manager.o
    0x0002ea2c   0x0002ea2c   0x00000014   Code   RO         2257    i.pm_sec_params_set  peer_manager.o
    0x0002ea40   0x0002ea40   0x0000000a   Code   RO         2258    i.pm_sm_evt_handler  peer_manager.o
    0x0002ea4a   0x0002ea4a   0x00000034   Code   RO         3010    i.pnp_id_encode     ble_dis.o
    0x0002ea7e   0x0002ea7e   0x00000002   PAD
    0x0002ea80   0x0002ea80   0x0000003c   Code   RO         6278    i.postfix_process   nrf_log_str_formatter.o
    0x0002eabc   0x0002eabc   0x00000098   Code   RO         6279    i.prefix_process    nrf_log_str_formatter.o
    0x0002eb54   0x0002eb54   0x00000018   Code   RO         3752    i.prs_box_get       nrfx_prs.o
    0x0002eb6c   0x0002eb6c   0x0000001c   Code   RO         4695    i.queue_buf_get     fds.o
    0x0002eb88   0x0002eb88   0x00000010   Code   RO         4696    i.queue_buf_store   fds.o
    0x0002eb98   0x0002eb98   0x00000014   Code   RO         5503    i.queue_free        nrf_fstorage_sd.o
    0x0002ebac   0x0002ebac   0x000000a0   Code   RO         4697    i.queue_process     fds.o
    0x0002ec4c   0x0002ec4c   0x000000a0   Code   RO         5504    i.queue_process     nrf_fstorage_sd.o
    0x0002ecec   0x0002ecec   0x0000001c   Code   RO         4698    i.queue_start       fds.o
    0x0002ed08   0x0002ed08   0x00000024   Code   RO         5505    i.queue_start       nrf_fstorage_sd.o
    0x0002ed2c   0x0002ed2c   0x0000001c   Code   RO         2522    i.rank_highest      peer_manager_handler.o
    0x0002ed48   0x0002ed48   0x00000028   Code   RO         2261    i.rank_vars_update  peer_manager.o
    0x0002ed70   0x0002ed70   0x0000000e   Code   RO         5506    i.read              nrf_fstorage_sd.o
    0x0002ed7e   0x0002ed7e   0x00000002   PAD
    0x0002ed80   0x0002ed80   0x000000b0   Code   RO         2019    i.reattempt_previous_operations  peer_database.o
    0x0002ee30   0x0002ee30   0x00000088   Code   RO         4699    i.record_find       fds.o
    0x0002eeb8   0x0002eeb8   0x000000a0   Code   RO         4700    i.record_find_by_desc  fds.o
    0x0002ef58   0x0002ef58   0x0000005c   Code   RO         4701    i.record_find_next  fds.o
    0x0002efb4   0x0002efb4   0x00000038   Code   RO         4702    i.record_header_flag_dirty  fds.o
    0x0002efec   0x0002efec   0x00000010   Code   RO         2140    i.release           peer_id.o
    0x0002effc   0x0002effc   0x00000004   Code   RO         5507    i.rmap              nrf_fstorage_sd.o
    0x0002f000   0x0002f000   0x00000080   Code   RO           19    i.rsc_meas_timeout_handler  main.o
    0x0002f080   0x0002f080   0x0000005e   Code   RO         3052    i.rsc_measurement_encode  ble_rscs.o
    0x0002f0de   0x0002f0de   0x00000002   PAD
    0x0002f0e0   0x0002f0e0   0x0000003c   Code   RO         4407    i.rtc1_stop         app_timer.o
    0x0002f11c   0x0002f11c   0x00000032   Code   RO         3825    i.rx_byte           nrfx_uart.o
    0x0002f14e   0x0002f14e   0x00000016   Code   RO         3826    i.rx_done_event     nrfx_uart.o
    0x0002f164   0x0002f164   0x00000018   Code   RO         4025    i.rx_done_event     nrfx_uarte.o
    0x0002f17c   0x0002f17c   0x00000024   Code   RO         1331    i.sc_send_pending_handle  gatt_cache_manager.o
    0x0002f1a0   0x0002f1a0   0x00000050   Code   RO         3109    i.sd_state_evt_handler  nrf_drv_clock.o
    0x0002f1f0   0x0002f1f0   0x00000030   Code   RO         6699    i.sdh_request_observer_notify  nrf_sdh.o
    0x0002f220   0x0002f220   0x0000002c   Code   RO         6700    i.sdh_state_observer_notify  nrf_sdh.o
    0x0002f24c   0x0002f24c   0x000000b4   Code   RO         2664    i.sec_info_request_process  security_dispatcher.o
    0x0002f300   0x0002f300   0x000000f4   Code   RO         2665    i.sec_keyset_fill   security_dispatcher.o
    0x0002f3f4   0x0002f3f4   0x00000076   Code   RO         2804    i.sec_params_verify  security_manager.o
    0x0002f46a   0x0002f46a   0x00000002   PAD
    0x0002f46c   0x0002f46c   0x00000060   Code   RO         2666    i.sec_proc_start    security_dispatcher.o
    0x0002f4cc   0x0002f4cc   0x00000022   Code   RO         2667    i.send_config_req   security_dispatcher.o
    0x0002f4ee   0x0002f4ee   0x00000002   PAD
    0x0002f4f0   0x0002f4f0   0x00000010   Code   RO         1029    i.send_error_evt    ble_conn_params.o
    0x0002f500   0x0002f500   0x00000028   Code   RO         1332    i.send_unexpected_error  gatt_cache_manager.o
    0x0002f528   0x0002f528   0x00000028   Code   RO         2668    i.send_unexpected_error  security_dispatcher.o
    0x0002f550   0x0002f550   0x00000080   Code   RO           20    i.sensor_simulator_init  main.o
    0x0002f5d0   0x0002f5d0   0x0000001c   Code   RO         5884    i.sensorsim_decrement  sensorsim.o
    0x0002f5ec   0x0002f5ec   0x0000001c   Code   RO         5885    i.sensorsim_increment  sensorsim.o
    0x0002f608   0x0002f608   0x00000016   Code   RO         5886    i.sensorsim_init    sensorsim.o
    0x0002f61e   0x0002f61e   0x0000001a   Code   RO         5887    i.sensorsim_measure  sensorsim.o
    0x0002f638   0x0002f638   0x00000040   Code   RO         5978    i.serial_tx         nrf_log_backend_uart.o
    0x0002f678   0x0002f678   0x00000014   Code   RO         1333    i.service_changed_pending_flags_check  gatt_cache_manager.o
    0x0002f68c   0x0002f68c   0x00000044   Code   RO         1485    i.service_changed_pending_set  gatts_cache_manager.o
    0x0002f6d0   0x0002f6d0   0x000000f4   Code   RO         1334    i.service_changed_send_in_evt  gatt_cache_manager.o
    0x0002f7c4   0x0002f7c4   0x00000088   Code   RO          833    i.service_data_encode  ble_advdata.o
    0x0002f84c   0x0002f84c   0x0000015c   Code   RO           21    i.services_init     main.o
    0x0002f9a8   0x0002f9a8   0x00000030   Code   RO         1261    i.set_security_req  ble_srv_common.o
    0x0002f9d8   0x0002f9d8   0x00000028   Code   RO           22    i.sleep_mode_enter  main.o
    0x0002fa00   0x0002fa00   0x0000002c   Code   RO         2805    i.sm_ble_evt_handler  security_manager.o
    0x0002fa2c   0x0002fa2c   0x00000058   Code   RO         2807    i.sm_init           security_manager.o
    0x0002fa84   0x0002fa84   0x0000000a   Code   RO         2809    i.sm_link_secure    security_manager.o
    0x0002fa8e   0x0002fa8e   0x00000002   PAD
    0x0002fa90   0x0002fa90   0x00000044   Code   RO         2810    i.sm_pdb_evt_handler  security_manager.o
    0x0002fad4   0x0002fad4   0x00000034   Code   RO         2812    i.sm_sec_params_set  security_manager.o
    0x0002fb08   0x0002fb08   0x00000060   Code   RO         2813    i.sm_smd_evt_handler  security_manager.o
    0x0002fb68   0x0002fb68   0x000000f4   Code   RO         2669    i.smd_ble_evt_handler  security_dispatcher.o
    0x0002fc5c   0x0002fc5c   0x00000068   Code   RO         2671    i.smd_init          security_dispatcher.o
    0x0002fcc4   0x0002fcc4   0x00000028   Code   RO         2672    i.smd_link_secure   security_dispatcher.o
    0x0002fcec   0x0002fcec   0x000000b0   Code   RO         2673    i.smd_params_reply  security_dispatcher.o
    0x0002fd9c   0x0002fd9c   0x00000040   Code   RO         2814    i.smd_params_reply_perform  security_manager.o
    0x0002fddc   0x0002fddc   0x00000018   Code   RO         3110    i.soc_evt_handler   nrf_drv_clock.o
    0x0002fdf4   0x0002fdf4   0x00000038   Code   RO         6701    i.softdevice_evt_irq_disable  nrf_sdh.o
    0x0002fe2c   0x0002fe2c   0x00000058   Code   RO         6702    i.softdevices_evt_irq_enable  nrf_sdh.o
    0x0002fe84   0x0002fe84   0x0000008c   Code   RO         6114    i.std_n             nrf_log_frontend.o
    0x0002ff10   0x0002ff10   0x00000058   Code   RO         1335    i.store_car_value   gatt_cache_manager.o
    0x0002ff68   0x0002ff68   0x00000042   Code   RO         3011    i.sys_id_encode     ble_dis.o
    0x0002ffaa   0x0002ffaa   0x00000002   PAD
    0x0002ffac   0x0002ffac   0x00000080   Code   RO         4408    i.timer_list_handler  app_timer.o
    0x0003002c   0x0003002c   0x0000003c   Code   RO         4409    i.timer_list_insert  app_timer.o
    0x00030068   0x00030068   0x00000060   Code   RO         4410    i.timer_list_remove  app_timer.o
    0x000300c8   0x000300c8   0x00000048   Code   RO         4411    i.timer_stop_op_schedule  app_timer.o
    0x00030110   0x00030110   0x00000074   Code   RO         4412    i.timer_timeouts_check  app_timer.o
    0x00030184   0x00030184   0x00000020   Code   RO         3828    i.tx_byte           nrfx_uart.o
    0x000301a4   0x000301a4   0x0000001a   Code   RO         3829    i.tx_done_event     nrfx_uart.o
    0x000301be   0x000301be   0x00000002   PAD
    0x000301c0   0x000301c0   0x00000030   Code   RO         3241    i.uart_evt_handler  nrf_drv_uart.o
    0x000301f0   0x000301f0   0x0000000c   Code   RO         5979    i.uart_evt_handler  nrf_log_backend_uart.o
    0x000301fc   0x000301fc   0x00000050   Code   RO         5980    i.uart_init         nrf_log_backend_uart.o
    0x0003024c   0x0003024c   0x00000128   Code   RO         3830    i.uart_irq_handler  nrfx_uart.o
    0x00030374   0x00030374   0x00000030   Code   RO         3242    i.uarte_evt_handler  nrf_drv_uart.o
    0x000303a4   0x000303a4   0x000000f4   Code   RO         4026    i.uarte_irq_handler  nrfx_uarte.o
    0x00030498   0x00030498   0x0000000a   Code   RO          834    i.uint16_encode     ble_advdata.o
    0x000304a2   0x000304a2   0x00000002   PAD
    0x000304a4   0x000304a4   0x00000020   Code   RO         5508    i.uninit            nrf_fstorage_sd.o
    0x000304c4   0x000304c4   0x000000b4   Code   RO         5372    i.unsigned_print    nrf_fprintf_format.o
    0x00030578   0x00030578   0x00000030   Code   RO         1336    i.update_pending_flags_check  gatt_cache_manager.o
    0x000305a8   0x000305a8   0x00000068   Code   RO         1030    i.update_timeout_handler  ble_conn_params.o
    0x00030610   0x00030610   0x00000018   Code   RO          941    i.use_whitelist     ble_advertising.o
    0x00030628   0x00030628   0x0000000c   Code   RO         1115    i.user_flag_is_acquired  ble_conn_state.o
    0x00030634   0x00030634   0x00000024   Code   RO         1832    i.user_mem_reply    nrf_ble_qwr.o
    0x00030658   0x00030658   0x00000030   Code   RO         4413    i.user_op_alloc     app_timer.o
    0x00030688   0x00030688   0x00000030   Code   RO          835    i.uuid_list_encode  ble_advdata.o
    0x000306b8   0x000306b8   0x0000009e   Code   RO          836    i.uuid_list_sized_encode  ble_advdata.o
    0x00030756   0x00030756   0x00000002   PAD
    0x00030758   0x00030758   0x0000004c   Code   RO          595    i.wakeup_button_cfg  bsp.o
    0x000307a4   0x000307a4   0x00000004   Code   RO         5509    i.wmap              nrf_fstorage_sd.o
    0x000307a8   0x000307a8   0x00000050   Code   RO         5510    i.write             nrf_fstorage_sd.o
    0x000307f8   0x000307f8   0x0000014c   Code   RO         2020    i.write_buf_store   peer_database.o
    0x00030944   0x00030944   0x00000034   Code   RO         2021    i.write_buffer_record_find  peer_database.o
    0x00030978   0x00030978   0x00000030   Code   RO         2022    i.write_buffer_record_find_next  peer_database.o
    0x000309a8   0x000309a8   0x0000001c   Code   RO         2023    i.write_buffer_record_invalidate  peer_database.o
    0x000309c4   0x000309c4   0x0000002c   Code   RO         2024    i.write_buffer_record_release  peer_database.o
    0x000309f0   0x000309f0   0x000000e8   Code   RO         4704    i.write_enqueue     fds.o
    0x00030ad8   0x00030ad8   0x000000f4   Code   RO         4705    i.write_execute     fds.o
    0x00030bcc   0x00030bcc   0x00000018   Code   RO         4706    i.write_space_free  fds.o
    0x00030be4   0x00030be4   0x0000005c   Code   RO         4707    i.write_space_reserve  fds.o
    0x00030c40   0x00030c40   0x00000008   Data   RO           26    .constdata          main.o
    0x00030c48   0x00030c48   0x00000008   Data   RO          458    .constdata          boards.o
    0x00030c50   0x00030c50   0x0000002c   Data   RO          600    .constdata          bsp.o
    0x00030c7c   0x00030c7c   0x00000074   Data   RO         1337    .constdata          gatt_cache_manager.o
    0x00030cf0   0x00030cf0   0x00000004   Data   RO         1486    .constdata          gatts_cache_manager.o
    0x00030cf4   0x00030cf4   0x00000010   Data   RO         1487    .constdata          gatts_cache_manager.o
    0x00030d04   0x00030d04   0x00000004   Data   RO         1488    .constdata          gatts_cache_manager.o
    0x00030d08   0x00030d08   0x00000008   Data   RO         1585    .constdata          id_manager.o
    0x00030d10   0x00030d10   0x00000016   Data   RO         1738    .constdata          nrf_ble_gatt.o
    0x00030d26   0x00030d26   0x00000002   PAD
    0x00030d28   0x00030d28   0x0000001c   Data   RO         1889    .constdata          peer_data_storage.o
    0x00030d44   0x00030d44   0x00000010   Data   RO         2026    .constdata          peer_database.o
    0x00030d54   0x00030d54   0x0000002c   Data   RO         2263    .constdata          peer_manager.o
    0x00030d80   0x00030d80   0x00000018   Data   RO         2523    .constdata          peer_manager_handler.o
    0x00030d98   0x00030d98   0x0000008c   Data   RO         2675    .constdata          security_dispatcher.o
    0x00030e24   0x00030e24   0x00000004   Data   RO         2815    .constdata          security_manager.o
    0x00030e28   0x00030e28   0x00000008   Data   RO         3471    .constdata          nrfx_gpiote.o
    0x00030e30   0x00030e30   0x00000004   Data   RO         3833    .constdata          nrfx_uart.o
    0x00030e34   0x00030e34   0x00000004   Data   RO         4029    .constdata          nrfx_uarte.o
    0x00030e38   0x00030e38   0x00000008   Data   RO         4176    .constdata          app_button.o
    0x00030e40   0x00030e40   0x00000006   Data   RO         4415    .constdata          app_timer.o
    0x00030e46   0x00030e46   0x00000002   PAD
    0x00030e48   0x00030e48   0x00000018   Data   RO         4710    .constdata          fds.o
    0x00030e60   0x00030e60   0x00000010   Data   RO         5373    .constdata          nrf_fprintf_format.o
    0x00030e70   0x00030e70   0x0000005e   Data   RO         5419    .constdata          nrf_fstorage.o
    0x00030ece   0x00030ece   0x00000002   PAD
    0x00030ed0   0x00030ed0   0x00000010   Data   RO         5513    .constdata          nrf_fstorage_sd.o
    0x00030ee0   0x00030ee0   0x00000020   Data   RO         5514    .constdata          nrf_fstorage_sd.o
    0x00030f00   0x00030f00   0x00000018   Data   RO         5692    .constdata          nrf_pwr_mgmt.o
    0x00030f18   0x00030f18   0x0000000c   Data   RO         5693    .constdata          nrf_pwr_mgmt.o
    0x00030f24   0x00030f24   0x0000013c   Data   RO         5856    .constdata          nrf_strerror.o
    0x00031060   0x00031060   0x0000000c   Data   RO         5982    .constdata          nrf_log_backend_uart.o
    0x0003106c   0x0003106c   0x00000020   Data   RO         5983    .constdata          nrf_log_backend_uart.o
    0x0003108c   0x0003108c   0x0000000c   Data   RO         6119    .constdata          nrf_log_frontend.o
    0x00031098   0x00031098   0x00000010   Data   RO         6703    .constdata          nrf_sdh.o
    0x000310a8   0x000310a8   0x00000028   Data   RO         6704    .constdata          nrf_sdh.o
    0x000310d0   0x000310d0   0x00000010   Data   RO         6705    .constdata          nrf_sdh.o
    0x000310e0   0x000310e0   0x00000010   Data   RO         6706    .constdata          nrf_sdh.o
    0x000310f0   0x000310f0   0x00000020   Data   RO         6814    .constdata          nrf_sdh_ble.o
    0x00031110   0x00031110   0x00000010   Data   RO         6815    .constdata          nrf_sdh_ble.o
    0x00031120   0x00031120   0x00000010   Data   RO         6865    .constdata          nrf_sdh_soc.o
    0x00031130   0x00031130   0x0000000c   Data   RO         6866    .constdata          nrf_sdh_soc.o
    0x0003113c   0x0003113c   0x00000081   Data   RO         6952    .constdata          mc_w.l(ctype_o.o)
    0x000311bd   0x000311bd   0x00000003   PAD
    0x000311c0   0x000311c0   0x00000004   Data   RO         6953    .constdata          mc_w.l(ctype_o.o)
    0x000311c4   0x000311c4   0x000001a4   Data   RO         1338    .conststring        gatt_cache_manager.o
    0x00031368   0x00031368   0x00000144   Data   RO         1489    .conststring        gatts_cache_manager.o
    0x000314ac   0x000314ac   0x000000a2   Data   RO         1739    .conststring        nrf_ble_gatt.o
    0x0003154e   0x0003154e   0x00000002   PAD
    0x00031550   0x00031550   0x000000e8   Data   RO         1890    .conststring        peer_data_storage.o
    0x00031638   0x00031638   0x00000180   Data   RO         2027    .conststring        peer_database.o
    0x000317b8   0x000317b8   0x00000090   Data   RO         2264    .conststring        peer_manager.o
    0x00031848   0x00031848   0x000002ca   Data   RO         2524    .conststring        peer_manager_handler.o
    0x00031b12   0x00031b12   0x00000002   PAD
    0x00031b14   0x00031b14   0x00000242   Data   RO         2676    .conststring        security_dispatcher.o
    0x00031d56   0x00031d56   0x00000002   PAD
    0x00031d58   0x00031d58   0x0000017b   Data   RO         2816    .conststring        security_manager.o
    0x00031ed3   0x00031ed3   0x00000001   PAD
    0x00031ed4   0x00031ed4   0x0000004f   Data   RO         5420    .conststring        nrf_fstorage.o
    0x00031f23   0x00031f23   0x00000001   PAD
    0x00031f24   0x00031f24   0x000003eb   Data   RO         5857    .conststring        nrf_strerror.o
    0x0003230f   0x0003230f   0x00000001   PAD
    0x00032310   0x00032310   0x00000066   Data   RO         6280    .conststring        nrf_log_str_formatter.o
    0x00032376   0x00032376   0x00000002   PAD
    0x00032378   0x00032378   0x00000188   Data   RO         6816    .conststring        nrf_sdh_ble.o
    0x00032500   0x00032500   0x00000011   Data   RO         1339    .conststrlit        gatt_cache_manager.o
    0x00032511   0x00032511   0x00000003   PAD
    0x00032514   0x00032514   0x00000012   Data   RO         1490    .conststrlit        gatts_cache_manager.o
    0x00032526   0x00032526   0x00000002   PAD
    0x00032528   0x00032528   0x00000010   Data   RO         1587    .conststrlit        id_manager.o
    0x00032538   0x00032538   0x0000000d   Data   RO         1740    .conststrlit        nrf_ble_gatt.o
    0x00032545   0x00032545   0x00000003   PAD
    0x00032548   0x00032548   0x00000011   Data   RO         1891    .conststrlit        peer_data_storage.o
    0x00032559   0x00032559   0x00000003   PAD
    0x0003255c   0x0003255c   0x00000011   Data   RO         2028    .conststrlit        peer_database.o
    0x0003256d   0x0003256d   0x00000003   PAD
    0x00032570   0x00032570   0x0000000d   Data   RO         2265    .conststrlit        peer_manager.o
    0x0003257d   0x0003257d   0x00000003   PAD
    0x00032580   0x00032580   0x00000015   Data   RO         2526    .conststrlit        peer_manager_handler.o
    0x00032595   0x00032595   0x00000003   PAD
    0x00032598   0x00032598   0x00000011   Data   RO         2677    .conststrlit        security_dispatcher.o
    0x000325a9   0x000325a9   0x00000003   PAD
    0x000325ac   0x000325ac   0x00000010   Data   RO         2817    .conststrlit        security_manager.o
    0x000325bc   0x000325bc   0x00000008   Data   RO         2954    .conststrlit        ble_bas.o
    0x000325c4   0x000325c4   0x00000006   Data   RO         3116    .conststrlit        nrf_drv_clock.o
    0x000325ca   0x000325ca   0x00000002   PAD
    0x000325cc   0x000325cc   0x00000006   Data   RO         3309    .conststrlit        nrfx_clock.o
    0x000325d2   0x000325d2   0x00000002   PAD
    0x000325d4   0x000325d4   0x00000007   Data   RO         3475    .conststrlit        nrfx_gpiote.o
    0x000325db   0x000325db   0x00000001   PAD
    0x000325dc   0x000325dc   0x00000004   Data   RO         3754    .conststrlit        nrfx_prs.o
    0x000325e0   0x000325e0   0x00000005   Data   RO         3836    .conststrlit        nrfx_uart.o
    0x000325e5   0x000325e5   0x00000003   PAD
    0x000325e8   0x000325e8   0x00000006   Data   RO         4032    .conststrlit        nrfx_uarte.o
    0x000325ee   0x000325ee   0x00000002   PAD
    0x000325f0   0x000325f0   0x0000000d   Data   RO         5421    .conststrlit        nrf_fstorage.o
    0x000325fd   0x000325fd   0x00000003   PAD
    0x00032600   0x00032600   0x00000009   Data   RO         5694    .conststrlit        nrf_pwr_mgmt.o
    0x00032609   0x00032609   0x00000003   PAD
    0x0003260c   0x0003260c   0x00000011   Data   RO         6054    .conststrlit        nrf_log_default_backends.o
    0x0003261d   0x0003261d   0x00000003   PAD
    0x00032620   0x00032620   0x00000004   Data   RO         6120    .conststrlit        nrf_log_frontend.o
    0x00032624   0x00032624   0x00000008   Data   RO         6707    .conststrlit        nrf_sdh.o
    0x0003262c   0x0003262c   0x0000000c   Data   RO         6817    .conststrlit        nrf_sdh_ble.o
    0x00032638   0x00032638   0x0000000c   Data   RO         6867    .conststrlit        nrf_sdh_soc.o
    0x00032644   0x00032644   0x00000020   Data   RO         7013    Region$$Table       anon$$obj.o
    0x00032664   0x00032664   0x00000010   Data   RO         6056    log_backends        nrf_log_default_backends.o
    0x00032674   0x00032674   0x00000008   Data   RO         1341    log_const_data      gatt_cache_manager.o
    0x0003267c   0x0003267c   0x00000008   Data   RO         1492    log_const_data      gatts_cache_manager.o
    0x00032684   0x00032684   0x00000008   Data   RO         1589    log_const_data      id_manager.o
    0x0003268c   0x0003268c   0x00000008   Data   RO         1741    log_const_data      nrf_ble_gatt.o
    0x00032694   0x00032694   0x00000008   Data   RO         1893    log_const_data      peer_data_storage.o
    0x0003269c   0x0003269c   0x00000008   Data   RO         2030    log_const_data      peer_database.o
    0x000326a4   0x000326a4   0x00000008   Data   RO         2267    log_const_data      peer_manager.o
    0x000326ac   0x000326ac   0x00000008   Data   RO         2529    log_const_data      peer_manager_handler.o
    0x000326b4   0x000326b4   0x00000008   Data   RO         2679    log_const_data      security_dispatcher.o
    0x000326bc   0x000326bc   0x00000008   Data   RO         2819    log_const_data      security_manager.o
    0x000326c4   0x000326c4   0x00000008   Data   RO         2955    log_const_data      ble_bas.o
    0x000326cc   0x000326cc   0x00000008   Data   RO         3117    log_const_data      nrf_drv_clock.o
    0x000326d4   0x000326d4   0x00000008   Data   RO         3311    log_const_data      nrfx_clock.o
    0x000326dc   0x000326dc   0x00000008   Data   RO         3476    log_const_data      nrfx_gpiote.o
    0x000326e4   0x000326e4   0x00000008   Data   RO         3756    log_const_data      nrfx_prs.o
    0x000326ec   0x000326ec   0x00000008   Data   RO         3837    log_const_data      nrfx_uart.o
    0x000326f4   0x000326f4   0x00000008   Data   RO         4033    log_const_data      nrfx_uarte.o
    0x000326fc   0x000326fc   0x00000008   Data   RO         5422    log_const_data      nrf_fstorage.o
    0x00032704   0x00032704   0x00000008   Data   RO         5696    log_const_data      nrf_pwr_mgmt.o
    0x0003270c   0x0003270c   0x00000008   Data   RO         6123    log_const_data      nrf_log_frontend.o
    0x00032714   0x00032714   0x00000008   Data   RO         6709    log_const_data      nrf_sdh.o
    0x0003271c   0x0003271c   0x00000008   Data   RO         6819    log_const_data      nrf_sdh_ble.o
    0x00032724   0x00032724   0x00000008   Data   RO         6868    log_const_data      nrf_sdh_soc.o
    0x0003272c   0x0003272c   0x00000014   Data   RO         6124    nrf_balloc          nrf_log_frontend.o
    0x00032740   0x00032740   0x00000008   Data   RO         1117    sdh_ble_observers0  ble_conn_state.o
    0x00032748   0x00032748   0x00000010   Data   RO           28    sdh_ble_observers1  main.o
    0x00032758   0x00032758   0x00000008   Data   RO          703    sdh_ble_observers1  bsp_btn_ble.o
    0x00032760   0x00032760   0x00000008   Data   RO         1033    sdh_ble_observers1  ble_conn_params.o
    0x00032768   0x00032768   0x00000008   Data   RO         2268    sdh_ble_observers1  peer_manager.o
    0x00032770   0x00032770   0x00000018   Data   RO           29    sdh_ble_observers2  main.o
    0x00032788   0x00032788   0x00000008   Data   RO           30    sdh_ble_observers3  main.o
    0x00032790   0x00032790   0x00000008   Data   RO         5516    sdh_req_observers0  nrf_fstorage_sd.o
    0x00032798   0x00032798   0x00000008   Data   RO         3118    sdh_soc_observers0  nrf_drv_clock.o
    0x000327a0   0x000327a0   0x00000008   Data   RO         5517    sdh_soc_observers0  nrf_fstorage_sd.o
    0x000327a8   0x000327a8   0x00000008   Data   RO           31    sdh_soc_observers1  main.o
    0x000327b0   0x000327b0   0x00000008   Data   RO         6820    sdh_stack_observers0  nrf_sdh_ble.o
    0x000327b8   0x000327b8   0x00000008   Data   RO         6869    sdh_stack_observers0  nrf_sdh_soc.o
    0x000327c0   0x000327c0   0x00000008   Data   RO         3119    sdh_state_observers0  nrf_drv_clock.o
    0x000327c8   0x000327c8   0x00000008   Data   RO         5518    sdh_state_observers0  nrf_fstorage_sd.o


    Execution Region RW_IRAM1 (Exec base: 0x2000e000, Load base: 0x000327d0, Size: 0x000032f0, Max: 0x00032000, ABSOLUTE, COMPRESSED[0x00000094])

    Exec Addr    Load Addr    Size         Type   Attr      Idx    E Section Name        Object

    0x2000e000   COMPRESSED   0x00000030   Data   RW           27    .data               main.o
    0x2000e030   COMPRESSED   0x00000010   Data   RW          601    .data               bsp.o
    0x2000e040   COMPRESSED   0x00000008   Data   RW          702    .data               bsp_btn_ble.o
    0x2000e048   COMPRESSED   0x00000008   Data   RW         1032    .data               ble_conn_params.o
    0x2000e050   COMPRESSED   0x00000010   Data   RW         1340    .data               gatt_cache_manager.o
    0x2000e060   COMPRESSED   0x00000006   Data   RW         1491    .data               gatts_cache_manager.o
    0x2000e066   COMPRESSED   0x00000002   PAD
    0x2000e068   COMPRESSED   0x0000000c   Data   RW         1892    .data               peer_data_storage.o
    0x2000e074   COMPRESSED   0x00000008   Data   RW         2029    .data               peer_database.o
    0x2000e07c   COMPRESSED   0x00000010   Data   RW         2266    .data               peer_manager.o
    0x2000e08c   COMPRESSED   0x00000060   Data   RW         2527    .data               peer_manager_handler.o
    0x2000e0ec   COMPRESSED   0x00000005   Data   RW         2678    .data               security_dispatcher.o
    0x2000e0f1   COMPRESSED   0x00000003   PAD
    0x2000e0f4   COMPRESSED   0x00000015   Data   RW         2818    .data               security_manager.o
    0x2000e109   COMPRESSED   0x00000001   PAD
    0x2000e10a   COMPRESSED   0x0000004a   Data   RW         3012    .data               ble_dis.o
    0x2000e154   COMPRESSED   0x00000014   Data   RW         3243    .data               nrf_drv_uart.o
    0x2000e168   COMPRESSED   0x00000008   Data   RW         3310    .data               nrfx_clock.o
    0x2000e170   COMPRESSED   0x00000008   Data   RW         3755    .data               nrfx_prs.o
    0x2000e178   COMPRESSED   0x00000020   Data   RW         4177    .data               app_button.o
    0x2000e198   COMPRESSED   0x00000014   Data   RW         4416    .data               app_timer.o
    0x2000e1ac   COMPRESSED   0x00000030   Data   RW         4711    .data               fds.o
    0x2000e1dc   COMPRESSED   0x00000008   Data   RW         5515    .data               nrf_fstorage_sd.o
    0x2000e1e4   COMPRESSED   0x00000008   Data   RW         5695    .data               nrf_pwr_mgmt.o
    0x2000e1ec   COMPRESSED   0x00000018   Data   RW         5984    .data               nrf_log_backend_uart.o
    0x2000e204   COMPRESSED   0x00000008   Data   RW         6055    .data               nrf_log_default_backends.o
    0x2000e20c   COMPRESSED   0x00000008   Data   RW         6121    .data               nrf_log_frontend.o
    0x2000e214   COMPRESSED   0x00000008   Data   RW         6122    .data               nrf_log_frontend.o
    0x2000e21c   COMPRESSED   0x00000040   Data   RW         6281    .data               nrf_log_str_formatter.o
    0x2000e25c   COMPRESSED   0x00000003   Data   RW         6708    .data               nrf_sdh.o
    0x2000e25f   COMPRESSED   0x00000001   Data   RW         6818    .data               nrf_sdh_ble.o
    0x2000e260   COMPRESSED   0x00000004   Data   RW         6908    .data               system_nrf52840.o
    0x2000e264   COMPRESSED   0x00000014   Data   RW         4712    fs_data             fds.o
    0x2000e278        -       0x00000018   Zero   RW           23    .bss                main.o
    0x2000e290        -       0x00000018   Zero   RW           24    .bss                main.o
    0x2000e2a8        -       0x000002e8   Zero   RW           25    .bss                main.o
    0x2000e590        -       0x00000018   Zero   RW          596    .bss                bsp.o
    0x2000e5a8        -       0x00000018   Zero   RW          597    .bss                bsp.o
    0x2000e5c0        -       0x0000000c   Zero   RW          598    .bss                bsp.o
    0x2000e5cc        -       0x00000018   Zero   RW          599    .bss                bsp.o
    0x2000e5e4        -       0x00000048   Zero   RW         1031    .bss                ble_conn_params.o
    0x2000e62c        -       0x00000078   Zero   RW         1116    .bss                ble_conn_state.o
    0x2000e6a4        -       0x000000d8   Zero   RW         1584    .bss                id_manager.o
    0x2000e77c        -       0x00000180   Zero   RW         2025    .bss                peer_database.o
    0x2000e8fc        -       0x00000040   Zero   RW         2141    .bss                peer_id.o
    0x2000e93c        -       0x0000000c   Zero   RW         2262    .bss                peer_manager.o
    0x2000e948        -       0x00000040   Zero   RW         2674    .bss                security_dispatcher.o
    0x2000e988        -       0x00000014   Zero   RW         3111    .bss                nrf_drv_clock.o
    0x2000e99c        -       0x0000006c   Zero   RW         3470    .bss                nrfx_gpiote.o
    0x2000ea08        -       0x0000002c   Zero   RW         3831    .bss                nrfx_uart.o
    0x2000ea34        -       0x00000024   Zero   RW         4027    .bss                nrfx_uarte.o
    0x2000ea58        -       0x00000018   Zero   RW         4175    .bss                app_button.o
    0x2000ea70        -       0x0000010c   Zero   RW         4414    .bss                app_timer.o
    0x2000eb7c        -       0x0000000c   Zero   RW         4567    .bss                app_util_platform.o
    0x2000eb88        -       0x00000010   Zero   RW         4708    .bss                fds.o
    0x2000eb98        -       0x000000e0   Zero   RW         4709    .bss                fds.o
    0x2000ec78        -       0x00000010   Zero   RW         5511    .bss                nrf_fstorage_sd.o
    0x2000ec88        -       0x000000a0   Zero   RW         5512    .bss                nrf_fstorage_sd.o
    0x2000ed28        -       0x0000000c   Zero   RW         5691    .bss                nrf_pwr_mgmt.o
    0x2000ed34        -       0x00000040   Zero   RW         5981    .bss                nrf_log_backend_uart.o
    0x2000ed74        -       0x000000c0   Zero   RW         6115    .bss                nrf_log_frontend.o
    0x2000ee34        -       0x00000080   Zero   RW         6116    .bss                nrf_log_frontend.o
    0x2000eeb4        -       0x00000018   Zero   RW         6117    .bss                nrf_log_frontend.o
    0x2000eecc        -       0x00000424   Zero   RW         6118    .bss                nrf_log_frontend.o
    0x2000f2f0        -       0x00002000   Zero   RW         6896    STACK               arm_startup_nrf52840.o


==============================================================================

Image component sizes


      Code (inc. data)   RO Data    RW Data    ZI Data      Debug   Object Name

       440         36          8         32         24      13130   app_button.o
        22          0          0          0          0       2465   app_error.o
       132         46          0          0          0      30585   app_error_weak.o
         0          0          0          0          0      36690   app_scheduler.o
      1510        118          6         20        268      48591   app_timer.o
       124         14          0          0         12       9618   app_util_platform.o
        36          8        512          0       8192        940   arm_startup_nrf52840.o
      1324          0          0          0          0      52920   ble_advdata.o
      1082          6          0          0          0      11064   ble_advertising.o
       502          0         16          0          0       6527   ble_bas.o
       636         44          8          8         72       9295   ble_conn_params.o
       730         60          8          0        120      14921   ble_conn_state.o
       530         12          0         74          0       5615   ble_dis.o
       492          0          0          0          0      42768   ble_rscs.o
       656          6          0          0          0       5916   ble_srv_common.o
       440         46          8          0          0      54203   boards.o
      1016         90         44         16         84      15575   bsp.o
       252         10          8          8          0       4836   bsp_btn_ble.o
      3426        314         24         68        240      50211   fds.o
      1848        544        561         16          0      24755   gatt_cache_manager.o
       578         70        374          6          0       9091   gatts_cache_manager.o
       946         34         32          0        216      15156   id_manager.o
      2046        390         64         48        792     210842   main.o
       342          0          0          0          0       6750   nrf_atfifo.o
       170          0          0          0          0       4784   nrf_atflags.o
       332          0          0          0          0      10206   nrf_atomic.o
       164          0          0          0          0       3656   nrf_balloc.o
       922        272        205          0          0      36543   nrf_ble_gatt.o
       276          0          0          0          0       4733   nrf_ble_qwr.o
       276         34         30          0         20      37764   nrf_drv_clock.o
       200         26          0         20          0      17912   nrf_drv_uart.o
        50          0          0          0          0       3553   nrf_fprintf.o
       850          4         16          0          0       5510   nrf_fprintf_format.o
       972        432        194          0          0       8076   nrf_fstorage.o
       798         82         72          8        176      16111   nrf_fstorage_sd.o
       200          0          0          0          0      11569   nrf_log_backend_serial.o
       232         44         44         24         64      21142   nrf_log_backend_uart.o
        28          4         33          8          0       3349   nrf_log_default_backends.o
      1512        114         44         16       1404      31464   nrf_log_frontend.o
       566        108        102         64          0       5656   nrf_log_str_formatter.o
       346          0          0          0          0       9619   nrf_memobj.o
       108         16         53          8         12      35502   nrf_pwr_mgmt.o
        28          0          0          0          0       2387   nrf_ringbuf.o
       552         60        104          3          0      41816   nrf_sdh.o
       672        232        468          1          0       5897   nrf_sdh_ble.o
        60          4         56          0          0       2484   nrf_sdh_soc.o
        78          0          0          0          0       2804   nrf_section_iter.o
        76         10       1319          0          0       2763   nrf_strerror.o
       226         30         14          8          0      41170   nrfx_clock.o
      1378         92         23          0        108      59807   nrfx_gpiote.o
       112         16         12          8          0       4528   nrfx_prs.o
      1336         46         17          0         44      32417   nrfx_uart.o
      1178         50         18          0         36      25463   nrfx_uarte.o
      1152        144        285         12          0      16158   peer_data_storage.o
      1442        260        425          8        384      19546   peer_database.o
       314         38          0          0         64       9219   peer_id.o
      1774        456        217         16         12      19565   peer_manager.o
      1720        822        767         96          0      13368   peer_manager_handler.o
       234          0          0          0          0       5475   pm_buffer.o
      1912        260        743          5         64      26911   security_dispatcher.o
      1108        114        407         21          0      49806   security_manager.o
       104          0          0          0          0       3455   sensorsim.o
       476         60          0          4          0       2367   system_nrf52840.o

    ----------------------------------------------------------------------
     43128       5678       7432        632      12408    1337019   Object Totals
         0          0         32          0          0          0   (incl. Generated)
        84          0         59          6          0          0   (incl. Padding)

    ----------------------------------------------------------------------

      Code (inc. data)   RO Data    RW Data    ZI Data      Debug   Library Member Name

        86          0          0          0          0          0   __dczerorl2.o
         8          4        133          0          0         68   ctype_o.o
         0          0          0          0          0          0   entry.o
         0          0          0          0          0          0   entry10a.o
         0          0          0          0          0          0   entry11a.o
         8          4          0          0          0          0   entry2.o
         4          0          0          0          0          0   entry5.o
         0          0          0          0          0          0   entry7b.o
         0          0          0          0          0          0   entry8b.o
         8          4          0          0          0          0   entry9a.o
        30          0          0          0          0          0   handlers.o
        36          8          0          0          0         68   init.o
        30          0          0          0          0         68   llshl.o
        32          0          0          0          0         68   llushr.o
        26          0          0          0          0         80   memcmp.o
        36          0          0          0          0         68   memcpya.o
        36          0          0          0          0        108   memseta.o
        14          0          0          0          0         68   strlen.o
        98          0          0          0          0         92   uldiv.o

    ----------------------------------------------------------------------
       456         20        136          0          0        688   Library Totals
         4          0          3          0          0          0   (incl. Padding)

    ----------------------------------------------------------------------

      Code (inc. data)   RO Data    RW Data    ZI Data      Debug   Library Name

       452         20        133          0          0        688   mc_w.l

    ----------------------------------------------------------------------
       456         20        136          0          0        688   Library Totals

    ----------------------------------------------------------------------

==============================================================================


      Code (inc. data)   RO Data    RW Data    ZI Data      Debug   

     43584       5698       7568        632      12408    1284783   Grand Totals
     43584       5698       7568        148      12408    1284783   ELF Image Totals (compressed)
     43584       5698       7568        148          0          0   ROM Totals

==============================================================================

    Total RO  Size (Code + RO Data)                51152 (  49.95kB)
    Total RW  Size (RW Data + ZI Data)             13040 (  12.73kB)
    Total ROM Size (Code + RO Data + RW Data)      51300 (  50.10kB)

==============================================================================

