Component: ARM Compiler 5.06 update 6 (build 750) Tool: armlink [4d35ed]

==============================================================================

Section Cross References

    main.o(i.advertising_start) refers to nrf_log_frontend.o(i.nrf_log_frontend_std_0) for nrf_log_frontend_std_0
    main.o(i.advertising_start) refers to peer_manager.o(i.pm_peers_delete) for pm_peers_delete
    main.o(i.advertising_start) refers to ble_advertising.o(i.ble_advertising_start) for ble_advertising_start
    main.o(i.advertising_start) refers to app_error.o(i.app_error_handler_bare) for app_error_handler_bare
    main.o(i.advertising_start) refers to nrf_log_frontend.o(log_const_data) for m_nrf_log_app_logs_data_const
    main.o(i.advertising_start) refers to main.o(.bss) for .bss
    main.o(i.assert_nrf_callback) refers to app_error_handler_keil.o(.emb_text) for app_error_handler
    main.o(i.battery_level_meas_timeout_handler) refers to sensorsim.o(i.sensorsim_measure) for sensorsim_measure
    main.o(i.battery_level_meas_timeout_handler) refers to ble_bas.o(i.ble_bas_battery_level_update) for ble_bas_battery_level_update
    main.o(i.battery_level_meas_timeout_handler) refers to app_error.o(i.app_error_handler_bare) for app_error_handler_bare
    main.o(i.battery_level_meas_timeout_handler) refers to main.o(.bss) for .bss
    main.o(i.battery_level_meas_timeout_handler) refers to main.o(.data) for .data
    main.o(i.ble_evt_handler) refers to nrf_log_frontend.o(i.nrf_log_frontend_std_0) for nrf_log_frontend_std_0
    main.o(i.ble_evt_handler) refers to bsp.o(i.bsp_indication_set) for bsp_indication_set
    main.o(i.ble_evt_handler) refers to app_error.o(i.app_error_handler_bare) for app_error_handler_bare
    main.o(i.ble_evt_handler) refers to nrf_ble_qwr.o(i.nrf_ble_qwr_conn_handle_assign) for nrf_ble_qwr_conn_handle_assign
    main.o(i.ble_evt_handler) refers to nrf_log_frontend.o(log_const_data) for m_nrf_log_app_logs_data_const
    main.o(i.ble_evt_handler) refers to main.o(.data) for .data
    main.o(i.ble_evt_handler) refers to main.o(.bss) for .bss
    main.o(i.bsp_event_handler) refers to main.o(i.temperature_measurement_send) for temperature_measurement_send
    main.o(i.bsp_event_handler) refers to main.o(i.sleep_mode_enter) for sleep_mode_enter
    main.o(i.bsp_event_handler) refers to app_error.o(i.app_error_handler_bare) for app_error_handler_bare
    main.o(i.bsp_event_handler) refers to ble_advertising.o(i.ble_advertising_restart_without_whitelist) for ble_advertising_restart_without_whitelist
    main.o(i.bsp_event_handler) refers to main.o(.data) for .data
    main.o(i.bsp_event_handler) refers to main.o(.bss) for .bss
    main.o(i.conn_params_error_handler) refers to app_error.o(i.app_error_handler_bare) for app_error_handler_bare
    main.o(i.gap_params_init) refers to app_error.o(i.app_error_handler_bare) for app_error_handler_bare
    main.o(i.hts_sim_measurement) refers to sensorsim.o(i.sensorsim_measure) for sensorsim_measure
    main.o(i.hts_sim_measurement) refers to main.o(.bss) for .bss
    main.o(i.hts_sim_measurement) refers to main.o(.data) for .data
    main.o(i.main) refers to nrf_log_frontend.o(i.nrf_log_init) for nrf_log_init
    main.o(i.main) refers to app_error.o(i.app_error_handler_bare) for app_error_handler_bare
    main.o(i.main) refers to nrf_log_default_backends.o(i.nrf_log_default_backends_init) for nrf_log_default_backends_init
    main.o(i.main) refers to app_timer.o(i.app_timer_init) for app_timer_init
    main.o(i.main) refers to app_timer.o(i.app_timer_create) for app_timer_create
    main.o(i.main) refers to bsp.o(i.bsp_init) for bsp_init
    main.o(i.main) refers to bsp_btn_ble.o(i.bsp_btn_ble_init) for bsp_btn_ble_init
    main.o(i.main) refers to nrf_pwr_mgmt.o(i.nrf_pwr_mgmt_init) for nrf_pwr_mgmt_init
    main.o(i.main) refers to nrf_sdh.o(i.nrf_sdh_enable_request) for nrf_sdh_enable_request
    main.o(i.main) refers to nrf_sdh_ble.o(i.nrf_sdh_ble_default_cfg_set) for nrf_sdh_ble_default_cfg_set
    main.o(i.main) refers to nrf_sdh_ble.o(i.nrf_sdh_ble_enable) for nrf_sdh_ble_enable
    main.o(i.main) refers to main.o(i.gap_params_init) for gap_params_init
    main.o(i.main) refers to nrf_ble_gatt.o(i.nrf_ble_gatt_init) for nrf_ble_gatt_init
    main.o(i.main) refers to memseta.o(.text) for __aeabi_memclr4
    main.o(i.main) refers to ble_advertising.o(i.ble_advertising_init) for ble_advertising_init
    main.o(i.main) refers to ble_advertising.o(i.ble_advertising_conn_cfg_tag_set) for ble_advertising_conn_cfg_tag_set
    main.o(i.main) refers to main.o(i.services_init) for services_init
    main.o(i.main) refers to main.o(i.sensor_simulator_init) for sensor_simulator_init
    main.o(i.main) refers to ble_conn_params.o(i.ble_conn_params_init) for ble_conn_params_init
    main.o(i.main) refers to main.o(i.peer_manager_init) for peer_manager_init
    main.o(i.main) refers to nrf_log_frontend.o(i.nrf_log_frontend_std_0) for nrf_log_frontend_std_0
[...]
    sdh_ble_observers0$$Limit                0x000326b8   Number         0  ble_conn_state.o(sdh_ble_observers0)
    sdh_ble_observers1$$Base                 0x000326b8   Number         0  main.o(sdh_ble_observers1)
    sdh_ble_observers1$$Limit                0x000326e0   Number         0  peer_manager.o(sdh_ble_observers1)
    sdh_ble_observers2$$Base                 0x000326e0   Number         0  main.o(sdh_ble_observers2)
    sdh_ble_observers2$$Limit                0x000326f8   Number         0  main.o(sdh_ble_observers2)
    sdh_ble_observers3$$Base                 0x000326f8   Number         0  main.o(sdh_ble_observers3)
    m_req_obs                                0x00032700   Data           8  nrf_fstorage_sd.o(sdh_req_observers0)
    sdh_ble_observers3$$Limit                0x00032700   Number         0  main.o(sdh_ble_observers3)
    sdh_req_observers0$$Base                 0x00032700   Number         0  nrf_fstorage_sd.o(sdh_req_observers0)
    sdh_req_observers0$$Limit                0x00032708   Number         0  nrf_fstorage_sd.o(sdh_req_observers0)
    sdh_soc_observers0$$Base                 0x00032708   Number         0  nrf_drv_clock.o(sdh_soc_observers0)
    sdh_soc_observers0$$Limit                0x00032718   Number         0  nrf_fstorage_sd.o(sdh_soc_observers0)
    sdh_soc_observers1$$Base                 0x00032718   Number         0  main.o(sdh_soc_observers1)
    sdh_soc_observers1$$Limit                0x00032720   Number         0  main.o(sdh_soc_observers1)
    sdh_stack_observers0$$Base               0x00032720   Number         0  nrf_sdh_ble.o(sdh_stack_observers0)
    sdh_stack_observers0$$Limit              0x00032730   Number         0  nrf_sdh_soc.o(sdh_stack_observers0)
    sdh_state_observers0$$Base               0x00032730   Number         0  nrf_drv_clock.o(sdh_state_observers0)
    sdh_state_observers0$$Limit              0x00032740   Number         0  nrf_fstorage_sd.o(sdh_state_observers0)
    Image$$RW_IRAM1$$Base                    0x2000e000   Number         0  anon$$obj.o ABSOLUTE
    nrf_drv_uart_use_easy_dma                0x2000e14c   Data           2  nrf_drv_uart.o(.data)
    m_uart                                   0x2000e1e8   Data          20  nrf_log_backend_uart.o(.data)
    SystemCoreClock                          0x2000e258   Data           4  system_nrf52840.o(.data)
    fs_data$$Base                            0x2000e25c   Number         0  fds.o(fs_data)
    m_fs                                     0x2000e25c   Data          20  fds.o(fs_data)
    fs_data$$Limit                           0x2000e270   Number         0  fds.o(fs_data)
    nrf_nvic_state                           0x2000eb3c   Data          12  app_util_platform.o(.bss)
    __initial_sp                             0x200112b0   Data           0  arm_startup_nrf52840.o(STACK)



==============================================================================

Memory Map of the image

  Image Entry point : 0x00026201

  Load Region LR_IROM1 (Base: 0x00026000, Size: 0x0000c9b0, Max: 0x000da000, ABSOLUTE, COMPRESSED[0x0000c7dc])

    Execution Region ER_IROM1 (Exec base: 0x00026000, Load base: 0x00026000, Size: 0x0000c740, Max: 0x000da000, ABSOLUTE)

    Exec Addr    Load Addr    Size         Type   Attr      Idx    E Section Name        Object

    0x00026000   0x00026000   0x00000200   Data   RO         6912    RESET               arm_startup_nrf52840.o
    0x00026200   0x00026200   0x00000000   Code   RO         6953  * .ARM.Collect$$$$00000000  mc_w.l(entry.o)
    0x00026200   0x00026200   0x00000004   Code   RO         7007    .ARM.Collect$$$$00000001  mc_w.l(entry2.o)
    0x00026204   0x00026204   0x00000004   Code   RO         7010    .ARM.Collect$$$$00000004  mc_w.l(entry5.o)
    0x00026208   0x00026208   0x00000000   Code   RO         7012    .ARM.Collect$$$$00000008  mc_w.l(entry7b.o)
    0x00026208   0x00026208   0x00000000   Code   RO         7014    .ARM.Collect$$$$0000000A  mc_w.l(entry8b.o)
    0x00026208   0x00026208   0x00000008   Code   RO         7015    .ARM.Collect$$$$0000000B  mc_w.l(entry9a.o)
    0x00026210   0x00026210   0x00000000   Code   RO         7017    .ARM.Collect$$$$0000000D  mc_w.l(entry10a.o)
    0x00026210   0x00026210   0x00000000   Code   RO         7019    .ARM.Collect$$$$0000000F  mc_w.l(entry11a.o)
    0x00026210   0x00026210   0x00000004   Code   RO         7008    .ARM.Collect$$$$00002712  mc_w.l(entry2.o)
    0x00026214   0x00026214   0x000000c8   Code   RO         5035    .emb_text           nrf_atfifo.o
    0x000262dc   0x000262dc   0x000000e2   Code   RO         5171    .emb_text           nrf_atomic.o
    0x000263be   0x000263be   0x00000002   PAD
    0x000263c0   0x000263c0   0x00000024   Code   RO         6913    .text               arm_startup_nrf52840.o
    0x000263e4   0x000263e4   0x00000062   Code   RO         6961    .text               mc_w.l(uldiv.o)
    0x00026446   0x00026446   0x0000001e   Code   RO         6963    .text               mc_w.l(llshl.o)
    0x00026464   0x00026464   0x00000008   Code   RO         6965    .text               mc_w.l(ctype_o.o)
    0x0002646c   0x0002646c   0x00000024   Code   RO         6993    .text               mc_w.l(memcpya.o)
    0x00026490   0x00026490   0x00000024   Code   RO         6995    .text               mc_w.l(memseta.o)
    0x000264b4   0x000264b4   0x0000000e   Code   RO         6997    .text               mc_w.l(strlen.o)
    0x000264c2   0x000264c2   0x0000001a   Code   RO         7001    .text               mc_w.l(memcmp.o)
    0x000264dc   0x000264dc   0x00000020   Code   RO         7022    .text               mc_w.l(llushr.o)
    0x000264fc   0x000264fc   0x00000024   Code   RO         7025    .text               mc_w.l(init.o)
    0x00026520   0x00026520   0x00000056   Code   RO         7035    .text               mc_w.l(__dczerorl2.o)
    0x00026576   0x00026576   0x00000002   PAD
    0x00026578   0x00026578   0x000001b4   Code   RO         3441    i.GPIOTE_IRQHandler  nrfx_gpiote.o
    0x0002672c   0x0002672c   0x00000016   Code   RO         4402    i.NVIC_ClearPendingIRQ  app_timer.o
    0x00026742   0x00026742   0x00000016   Code   RO         4403    i.NVIC_EnableIRQ    app_timer.o
    0x00026758   0x00026758   0x00000016   Code   RO         4404    i.NVIC_SetPendingIRQ  app_timer.o
    0x0002676e   0x0002676e   0x00000020   Code   RO         4405    i.NVIC_SetPriority  app_timer.o
    0x0002678e   0x0002678e   0x00000002   PAD
    0x00026790   0x00026790   0x00000058   Code   RO         3306    i.POWER_CLOCK_IRQHandler  nrfx_clock.o
    0x000267e8   0x000267e8   0x00000024   Code   RO         4406    i.RTC1_IRQHandler   app_timer.o
    0x0002680c   0x0002680c   0x00000004   Code   RO         4407    i.SWI0_EGU0_IRQHandler  app_timer.o
    0x00026810   0x00026810   0x00000004   Code   RO         6703    i.SWI2_EGU2_IRQHandler  nrf_sdh.o
    0x00026814   0x00026814   0x000001dc   Code   RO         6921    i.SystemInit        system_nrf52840.o
    0x000269f0   0x000269f0   0x0000000c   Code   RO         3763    i.UARTE0_UART0_IRQHandler  nrfx_prs.o
    0x000269fc   0x000269fc   0x0000000e   Code   RO         7029    i.__scatterload_copy  mc_w.l(handlers.o)
    0x00026a0a   0x00026a0a   0x00000002   Code   RO         7030    i.__scatterload_null  mc_w.l(handlers.o)
    0x00026a0c   0x00026a0c   0x0000000e   Code   RO         7031    i.__scatterload_zeroinit  mc_w.l(handlers.o)
    0x00026a1a   0x00026a1a   0x00000002   PAD
    0x00026a1c   0x00026a1c   0x00000024   Code   RO         6704    i.__sd_nvic_app_accessible_irq  nrf_sdh.o
    0x00026a40   0x00026a40   0x0000013c   Code   RO         2515    i._conn_secure      peer_manager_handler.o
    0x00026b7c   0x00026b7c   0x00000026   Code   RO         1563    i.addr_compare      id_manager.o
    0x00026ba2   0x00026ba2   0x0000000c   Code   RO         5423    i.addr_is_aligned32  nrf_fstorage.o
    0x00026bae   0x00026bae   0x00000018   Code   RO         5424    i.addr_is_within_bounds  nrf_fstorage.o
    0x00026bc6   0x00026bc6   0x00000036   Code   RO          700    i.advertising_buttons_configure  bsp_btn_ble.o
    0x00026bfc   0x00026bfc   0x00000050   Code   RO            4    i.advertising_start  main.o
    0x00026c4c   0x00026c4c   0x00000052   Code   RO         1564    i.ah                id_manager.o
    0x00026c9e   0x00026c9e   0x00000006   Code   RO          583    i.alert_timer_handler  bsp.o
    0x00026ca4   0x00026ca4   0x0000000c   Code   RO         2656    i.allow_repairing   security_dispatcher.o
    0x00026cb0   0x00026cb0   0x00000024   Code   RO         4184    i.app_button_enable  app_button.o
    0x00026cd4   0x00026cd4   0x00000078   Code   RO         4185    i.app_button_init   app_button.o
    0x00026d4c   0x00026d4c   0x00000084   Code   RO         4308    i.app_error_fault_handler  app_error_weak.o
    0x00026dd0   0x00026dd0   0x00000016   Code   RO         4248    i.app_error_handler_bare  app_error.o
    0x00026de6   0x00026de6   0x00000002   PAD
    0x00026de8   0x00026de8   0x00000028   Code   RO         4410    i.app_timer_create  app_timer.o
    0x00026e10   0x00026e10   0x00000054   Code   RO         4411    i.app_timer_init    app_timer.o
    0x00026e64   0x00026e64   0x00000088   Code   RO         4414    i.app_timer_start   app_timer.o
    0x00026eec   0x00026eec   0x00000020   Code   RO         4415    i.app_timer_stop    app_timer.o
    0x00026f0c   0x00026f0c   0x00000048   Code   RO         4575    i.app_util_critical_region_enter  app_util_platform.o
    0x00026f54   0x00026f54   0x00000034   Code   RO         4576    i.app_util_critical_region_exit  app_util_platform.o
    0x00026f88   0x00026f88   0x00000076   Code   RO         3817    i.apply_config      nrfx_uart.o
    0x00026ffe   0x00026ffe   0x00000076   Code   RO         4018    i.apply_config      nrfx_uarte.o
    0x00027074   0x00027074   0x00000004   Code   RO         1319    i.apply_pending_handle  gatt_cache_manager.o
    0x00027078   0x00027078   0x00000180   Code   RO         2657    i.auth_status_success_process  security_dispatcher.o
    0x000271f8   0x000271f8   0x0000009c   Code   RO         2950    i.battery_level_char_add  ble_bas.o
    0x00027294   0x00027294   0x00000044   Code   RO            6    i.battery_level_meas_timeout_handler  main.o
    0x000272d8   0x000272d8   0x0000000a   Code   RO         2951    i.battery_notification_send  ble_bas.o
    0x000272e2   0x000272e2   0x00000182   Code   RO          825    i.ble_advdata_encode  ble_advdata.o
    0x00027464   0x00027464   0x00000020   Code   RO          827    i.ble_advdata_parse  ble_advdata.o
    0x00027484   0x00027484   0x00000038   Code   RO          828    i.ble_advdata_search  ble_advdata.o
    0x000274bc   0x000274bc   0x00000006   Code   RO          932    i.ble_advertising_conn_cfg_tag_set  ble_advertising.o
    0x000274c2   0x000274c2   0x00000002   PAD
    0x000274c4   0x000274c4   0x0000010c   Code   RO          933    i.ble_advertising_init  ble_advertising.o
    0x000275d0   0x000275d0   0x0000006a   Code   RO          935    i.ble_advertising_on_ble_evt  ble_advertising.o
    0x0002763a   0x0002763a   0x00000002   Code   RO          936    i.ble_advertising_on_sys_evt  ble_advertising.o
    0x0002763c   0x0002763c   0x0000003a   Code   RO          938    i.ble_advertising_restart_without_whitelist  ble_advertising.o
    0x00027676   0x00027676   0x0000022c   Code   RO          939    i.ble_advertising_start  ble_advertising.o
    0x000278a2   0x000278a2   0x00000002   PAD
    0x000278a4   0x000278a4   0x000000c0   Code   RO         2952    i.ble_bas_battery_level_update  ble_bas.o
    0x00027964   0x00027964   0x0000003e   Code   RO         2954    i.ble_bas_init      ble_bas.o
    0x000279a2   0x000279a2   0x00000052   Code   RO         2955    i.ble_bas_on_ble_evt  ble_bas.o
    0x000279f4   0x000279f4   0x00000068   Code   RO         1025    i.ble_conn_params_init  ble_conn_params.o
    0x00027a5c   0x00027a5c   0x0000000c   Code   RO         1099    i.ble_conn_state_conn_handles  ble_conn_state.o
    0x00027a68   0x00027a68   0x00000020   Code   RO         1101    i.ble_conn_state_encrypted  ble_conn_state.o
    0x00027a88   0x00027a88   0x0000002c   Code   RO         1103    i.ble_conn_state_for_each_set_user_flag  ble_conn_state.o
    0x00027ab4   0x00027ab4   0x00000020   Code   RO         1105    i.ble_conn_state_mitm_protected  ble_conn_state.o
    0x00027ad4   0x00027ad4   0x00000024   Code   RO         1108    i.ble_conn_state_role  ble_conn_state.o
    0x00027af8   0x00027af8   0x00000024   Code   RO         1109    i.ble_conn_state_status  ble_conn_state.o
    0x00027b1c   0x00027b1c   0x00000018   Code   RO         1110    i.ble_conn_state_user_flag_acquire  ble_conn_state.o
    0x00027b34   0x00027b34   0x00000030   Code   RO         1111    i.ble_conn_state_user_flag_get  ble_conn_state.o
    0x00027b64   0x00027b64   0x00000040   Code   RO         1112    i.ble_conn_state_user_flag_set  ble_conn_state.o
    0x00027ba4   0x00027ba4   0x00000014   Code   RO         1113    i.ble_conn_state_valid  ble_conn_state.o
    0x00027bb8   0x00027bb8   0x00000060   Code   RO          831    i.ble_device_addr_encode  ble_advdata.o
    0x00027c18   0x00027c18   0x0000013c   Code   RO         3010    i.ble_dis_init      ble_dis.o
    0x00027d54   0x00027d54   0x000000bc   Code   RO            7    i.ble_evt_handler   main.o
    0x00027e10   0x00027e10   0x00000070   Code   RO          701    i.ble_evt_handler   bsp_btn_ble.o
    0x00027e80   0x00027e80   0x000000fc   Code   RO         1027    i.ble_evt_handler   ble_conn_params.o
    0x00027f7c   0x00027f7c   0x00000104   Code   RO         1114    i.ble_evt_handler   ble_conn_state.o
    0x00028080   0x00028080   0x00000028   Code   RO         2221    i.ble_evt_handler   peer_manager.o
    0x000280a8   0x000280a8   0x000000cc   Code   RO         3051    i.ble_hts_init      ble_hts.o
    0x00028174   0x00028174   0x0000003c   Code   RO         3052    i.ble_hts_is_indication_enabled  ble_hts.o
    0x000281b0   0x000281b0   0x0000005c   Code   RO         3053    i.ble_hts_measurement_send  ble_hts.o
    0x0002820c   0x0002820c   0x0000006e   Code   RO         3054    i.ble_hts_on_ble_evt  ble_hts.o
    0x0002827a   0x0002827a   0x00000012   Code   RO         1257    i.ble_srv_ascii_to_utf8  ble_srv_common.o
    0x0002828c   0x0002828c   0x00000008   Code   RO         1258    i.ble_srv_is_indication_enabled  ble_srv_common.o
    0x00028294   0x00028294   0x00000008   Code   RO         1259    i.ble_srv_is_notification_enabled  ble_srv_common.o
    0x0002829c   0x0002829c   0x0000000c   Code   RO         1260    i.ble_srv_report_ref_encode  ble_srv_common.o
    0x000282a8   0x000282a8   0x0000000c   Code   RO          445    i.bsp_board_button_idx_to_pin  boards.o
    0x000282b4   0x000282b4   0x00000028   Code   RO          446    i.bsp_board_button_state_get  boards.o
    0x000282dc   0x000282dc   0x00000054   Code   RO          447    i.bsp_board_init    boards.o
    0x00028330   0x00028330   0x0000002c   Code   RO          449    i.bsp_board_led_invert  boards.o
    0x0002835c   0x0002835c   0x00000010   Code   RO          450    i.bsp_board_led_off  boards.o
    0x0002836c   0x0002836c   0x00000010   Code   RO          451    i.bsp_board_led_on  boards.o
    0x0002837c   0x0002837c   0x00000028   Code   RO          452    i.bsp_board_led_state_get  boards.o
    0x000283a4   0x000283a4   0x00000012   Code   RO          453    i.bsp_board_leds_off  boards.o
    0x000283b6   0x000283b6   0x00000012   Code   RO          454    i.bsp_board_leds_on  boards.o
    0x000283c8   0x000283c8   0x00000024   Code   RO          455    i.bsp_board_pin_to_button_idx  boards.o
    0x000283ec   0x000283ec   0x00000038   Code   RO          702    i.bsp_btn_ble_init  bsp_btn_ble.o
    0x00028424   0x00028424   0x0000001e   Code   RO          703    i.bsp_btn_ble_sleep_mode_prepare  bsp_btn_ble.o
    0x00028442   0x00028442   0x00000002   PAD
    0x00028444   0x00028444   0x00000090   Code   RO          584    i.bsp_button_event_handler  bsp.o
    0x000284d4   0x000284d4   0x0000000c   Code   RO          585    i.bsp_button_is_pressed  bsp.o
    0x000284e0   0x000284e0   0x0000005c   Code   RO            8    i.bsp_event_handler  main.o
    0x0002853c   0x0002853c   0x00000044   Code   RO          588    i.bsp_event_to_button_action_assign  bsp.o
    0x00028580   0x00028580   0x00000018   Code   RO          589    i.bsp_indication_set  bsp.o
    0x00028598   0x00028598   0x00000094   Code   RO          590    i.bsp_init          bsp.o
    0x0002862c   0x0002862c   0x000001c8   Code   RO          591    i.bsp_led_indication  bsp.o
    0x000287f4   0x000287f4   0x00000006   Code   RO          593    i.bsp_wakeup_button_enable  bsp.o
    0x000287fa   0x000287fa   0x00000002   PAD
    0x000287fc   0x000287fc   0x00000090   Code   RO         6103    i.buf_prealloc      nrf_log_frontend.o
    0x0002888c   0x0002888c   0x0000001e   Code   RO         5383    i.buffer_add        nrf_fprintf_format.o
    0x000288aa   0x000288aa   0x00000002   PAD
    0x000288ac   0x000288ac   0x00000014   Code   RO         6104    i.buffer_is_empty   nrf_log_frontend.o
    0x000288c0   0x000288c0   0x00000008   Code   RO          594    i.button_timer_handler  bsp.o
    0x000288c8   0x000288c8   0x00000028   Code   RO         1320    i.car_update_needed  gatt_cache_manager.o
    0x000288f0   0x000288f0   0x00000028   Code   RO         1321    i.car_update_pending_handle  gatt_cache_manager.o
    0x00028918   0x00028918   0x0000001c   Code   RO         3442    i.channel_free      nrfx_gpiote.o
    0x00028934   0x00028934   0x00000048   Code   RO         3443    i.channel_port_alloc  nrfx_gpiote.o
    0x0002897c   0x0002897c   0x00000010   Code   RO         3444    i.channel_port_get  nrfx_gpiote.o
    0x0002898c   0x0002898c   0x00000060   Code   RO         3011    i.char_add          ble_dis.o
    0x000289ec   0x000289ec   0x00000190   Code   RO         1261    i.characteristic_add  ble_srv_common.o
    0x00028b7c   0x00028b7c   0x0000003e   Code   RO         2131    i.claim             peer_id.o
    0x00028bba   0x00028bba   0x00000002   PAD
    0x00028bbc   0x00028bbc   0x00000028   Code   RO         3108    i.clock_clk_started_notify  nrf_drv_clock.o
    0x00028be4   0x00028be4   0x0000001c   Code   RO         3109    i.clock_irq_handler  nrf_drv_clock.o
    0x00028c00   0x00028c00   0x000000ac   Code   RO         4417    i.compare_reg_update  app_timer.o
    0x00028cac   0x00028cac   0x0000003e   Code   RO         1115    i.conn_handle_list_get  ble_conn_state.o
    0x00028cea   0x00028cea   0x00000088   Code   RO          832    i.conn_int_encode   ble_advdata.o
    0x00028d72   0x00028d72   0x00000004   Code   RO            9    i.conn_params_error_handler  main.o
    0x00028d76   0x00028d76   0x00000002   PAD
    0x00028d78   0x00028d78   0x00000048   Code   RO         1028    i.conn_params_negotiation  ble_conn_params.o
    0x00028dc0   0x00028dc0   0x00000044   Code   RO         2658    i.conn_sec_failure  security_dispatcher.o
    0x00028e04   0x00028e04   0x00000004   Code   RO         2516    i.conn_secure       peer_manager_handler.o
    0x00028e08   0x00028e08   0x000000c0   Code   RO         1729    i.data_length_update  nrf_ble_gatt.o
    0x00028ec8   0x00028ec8   0x00000030   Code   RO         1322    i.db_update_pending_handle  gatt_cache_manager.o
    0x00028ef8   0x00028ef8   0x00000080   Code   RO         4670    i.delete_execute    fds.o
    0x00028f78   0x00028f78   0x000000aa   Code   RO         1262    i.descriptor_add    ble_srv_common.o
    0x00029022   0x00029022   0x00000002   PAD
    0x00029024   0x00029024   0x00000098   Code   RO         4187    i.detection_delay_timeout_handler  app_button.o
    0x000290bc   0x000290bc   0x00000014   Code   RO         6105    i.dropped_sat16_get  nrf_log_frontend.o
    0x000290d0   0x000290d0   0x00000040   Code   RO         4418    i.elapsed_ticks_acquire  app_timer.o
    0x00029110   0x00029110   0x0000000a   Code   RO         2659    i.encryption_failure  security_dispatcher.o
    0x0002911a   0x0002911a   0x00000002   PAD
    0x0002911c   0x0002911c   0x0000004c   Code   RO         5510    i.erase             nrf_fstorage_sd.o
    0x00029168   0x00029168   0x00000074   Code   RO         4671    i.event_prepare     fds.o
    0x000291dc   0x000291dc   0x00000020   Code   RO         4672    i.event_send        fds.o
    0x000291fc   0x000291fc   0x00000054   Code   RO         5511    i.event_send        nrf_fstorage_sd.o
    0x00029250   0x00029250   0x000000ac   Code   RO         2797    i.events_send_from_err_code  security_manager.o
    0x000292fc   0x000292fc   0x0000001c   Code   RO         1323    i.evt_send          gatt_cache_manager.o
    0x00029318   0x00029318   0x0000002c   Code   RO         2222    i.evt_send          peer_manager.o
    0x00029344   0x00029344   0x0000001c   Code   RO         2660    i.evt_send          security_dispatcher.o
    0x00029360   0x00029360   0x0000000c   Code   RO         2798    i.evt_send          security_manager.o
    0x0002936c   0x0002936c   0x000000ec   Code   RO         1872    i.fds_evt_handler   peer_data_storage.o
    0x00029458   0x00029458   0x00000044   Code   RO         4674    i.fds_file_delete   fds.o
    0x0002949c   0x0002949c   0x0000003c   Code   RO         4675    i.fds_gc            fds.o
    0x000294d8   0x000294d8   0x000000d0   Code   RO         4676    i.fds_init          fds.o
    0x000295a8   0x000295a8   0x00000040   Code   RO         4677    i.fds_record_close  fds.o
    0x000295e8   0x000295e8   0x0000000e   Code   RO         4679    i.fds_record_find   fds.o
    0x000295f6   0x000295f6   0x00000010   Code   RO         4680    i.fds_record_find_by_key  fds.o
    0x00029606   0x00029606   0x00000010   Code   RO         4681    i.fds_record_find_in_file  fds.o
    0x00029616   0x00029616   0x00000010   Code   RO         4682    i.fds_record_id_from_desc  fds.o
    0x00029626   0x00029626   0x00000002   PAD
    0x00029628   0x00029628   0x00000048   Code   RO         4684    i.fds_record_open   fds.o
    0x00029670   0x00029670   0x0000000e   Code   RO         4685    i.fds_record_update  fds.o
    0x0002967e   0x0002967e   0x00000008   Code   RO         4686    i.fds_record_write  fds.o
    0x00029686   0x00029686   0x00000002   PAD
    0x00029688   0x00029688   0x0000002c   Code   RO         4688    i.fds_register      fds.o
    0x000296b4   0x000296b4   0x00000014   Code   RO         1873    i.file_id_within_pm_range  peer_data_storage.o
    0x000296c8   0x000296c8   0x00000012   Code   RO         2661    i.flag_id_init      security_dispatcher.o
    0x000296da   0x000296da   0x00000012   Code   RO         2799    i.flag_id_init      security_manager.o
    0x000296ec   0x000296ec   0x00000028   Code   RO          941    i.flags_set         ble_advertising.o
    0x00029714   0x00029714   0x00000030   Code   RO         2800    i.flags_set_from_err_code  security_manager.o
    0x00029744   0x00029744   0x00000030   Code   RO         1116    i.for_each_set_flag  ble_conn_state.o
    0x00029774   0x00029774   0x00000006   Code   RO         4692    i.fs_event_handler  fds.o
    0x0002977a   0x0002977a   0x00000002   PAD
    0x0002977c   0x0002977c   0x00000068   Code   RO           10    i.gap_params_init   main.o
    0x000297e4   0x000297e4   0x0000007c   Code   RO         4693    i.gc_execute        fds.o
    0x00029860   0x00029860   0x0000004c   Code   RO         4694    i.gc_next_page      fds.o
    0x000298ac   0x000298ac   0x00000040   Code   RO         4695    i.gc_page_erase     fds.o
    0x000298ec   0x000298ec   0x00000034   Code   RO         4696    i.gc_record_copy    fds.o
    0x00029920   0x00029920   0x00000024   Code   RO         4697    i.gc_record_find_next  fds.o
    0x00029944   0x00029944   0x00000088   Code   RO         4698    i.gc_state_advance  fds.o
    0x000299cc   0x000299cc   0x000001b8   Code   RO         1324    i.gcm_ble_evt_handler  gatt_cache_manager.o
    0x00029b84   0x00029b84   0x0000003c   Code   RO         1325    i.gcm_im_evt_handler  gatt_cache_manager.o
    0x00029bc0   0x00029bc0   0x0000007c   Code   RO         1326    i.gcm_init          gatt_cache_manager.o
    0x00029c3c   0x00029c3c   0x00000088   Code   RO         1329    i.gcm_pdb_evt_handler  gatt_cache_manager.o
    0x00029cc4   0x00029cc4   0x00000084   Code   RO         4188    i.gpiote_event_handler  app_button.o
    0x00029d48   0x00029d48   0x0000001c   Code   RO         1479    i.gscm_db_change_notification_done  gatts_cache_manager.o
    0x00029d64   0x00029d64   0x00000014   Code   RO         1480    i.gscm_init         gatts_cache_manager.o
    0x00029d78   0x00029d78   0x00000090   Code   RO         1482    i.gscm_local_db_cache_apply  gatts_cache_manager.o
    0x00029e08   0x00029e08   0x000000ac   Code   RO         1483    i.gscm_local_db_cache_update  gatts_cache_manager.o
    0x00029eb4   0x00029eb4   0x00000018   Code   RO         1484    i.gscm_pdb_evt_handler  gatts_cache_manager.o
    0x00029ecc   0x00029ecc   0x0000001e   Code   RO         1485    i.gscm_service_changed_ind_needed  gatts_cache_manager.o
    0x00029eea   0x00029eea   0x00000002   PAD
    0x00029eec   0x00029eec   0x0000005c   Code   RO         1486    i.gscm_service_changed_ind_send  gatts_cache_manager.o
    0x00029f48   0x00029f48   0x00000026   Code   RO         4699    i.header_check      fds.o
    0x00029f6e   0x00029f6e   0x00000012   Code   RO         4700    i.header_has_next   fds.o
    0x00029f80   0x00029f80   0x0000006e   Code   RO         3055    i.hts_measurement_encode  ble_hts.o
    0x00029fee   0x00029fee   0x00000002   PAD
    0x00029ff0   0x00029ff0   0x0000006c   Code   RO           11    i.hts_sim_measurement  main.o
    0x0002a05c   0x0002a05c   0x00000046   Code   RO         1565    i.im_address_resolve  id_manager.o
    0x0002a0a2   0x0002a0a2   0x00000002   PAD
    0x0002a0a4   0x0002a0a4   0x00000038   Code   RO         1566    i.im_ble_addr_get   id_manager.o
    0x0002a0dc   0x0002a0dc   0x000000dc   Code   RO         1567    i.im_ble_evt_handler  id_manager.o
    0x0002a1b8   0x0002a1b8   0x00000040   Code   RO         1568    i.im_conn_handle_get  id_manager.o
    0x0002a1f8   0x0002a1f8   0x00000038   Code   RO         1570    i.im_find_duplicate_bonding_data  id_manager.o
    0x0002a230   0x0002a230   0x00000072   Code   RO         1573    i.im_is_duplicate_bonding_data  id_manager.o
    0x0002a2a2   0x0002a2a2   0x00000018   Code   RO         1574    i.im_master_id_is_valid  id_manager.o
    0x0002a2ba   0x0002a2ba   0x0000002a   Code   RO         1575    i.im_master_ids_compare  id_manager.o
    0x0002a2e4   0x0002a2e4   0x00000014   Code   RO         1576    i.im_new_peer_id    id_manager.o
    0x0002a2f8   0x0002a2f8   0x0000002c   Code   RO         1577    i.im_peer_free      id_manager.o
    0x0002a324   0x0002a324   0x00000024   Code   RO         1578    i.im_peer_id_get_by_conn_handle  id_manager.o
    0x0002a348   0x0002a348   0x0000003c   Code   RO         1579    i.im_peer_id_get_by_master_id  id_manager.o
    0x0002a384   0x0002a384   0x00000034   Code   RO         5512    i.init              nrf_fstorage_sd.o
    0x0002a3b8   0x0002a3b8   0x000000c8   Code   RO         4701    i.init_execute      fds.o
    0x0002a480   0x0002a480   0x00000014   Code   RO         1029    i.instance_get      ble_conn_params.o
    0x0002a494   0x0002a494   0x000000a6   Code   RO         5384    i.int_print         nrf_fprintf_format.o
    0x0002a53a   0x0002a53a   0x00000002   PAD
    0x0002a53c   0x0002a53c   0x00000080   Code   RO         4019    i.interrupts_enable  nrfx_uarte.o
    0x0002a5bc   0x0002a5bc   0x00000034   Code   RO         6106    i.invalid_packets_omit  nrf_log_frontend.o
    0x0002a5f0   0x0002a5f0   0x00000010   Code   RO         5513    i.is_busy           nrf_fstorage_sd.o
    0x0002a600   0x0002a600   0x00000044   Code   RO         1030    i.is_conn_params_ok  ble_conn_params.o
    0x0002a644   0x0002a644   0x00000014   Code   RO         1584    i.is_valid_irk      id_manager.o
    0x0002a658   0x0002a658   0x0000000c   Code   RO         4702    i.is_word_aligned   fds.o
    0x0002a664   0x0002a664   0x00000030   Code   RO          595    i.leds_off          bsp.o
    0x0002a694   0x0002a694   0x00000014   Code   RO          596    i.leds_timer_handler  bsp.o
    0x0002a6a8   0x0002a6a8   0x00000014   Code   RO         1730    i.link_init         nrf_ble_gatt.o
    0x0002a6bc   0x0002a6bc   0x000000d0   Code   RO         2801    i.link_secure       security_manager.o
    0x0002a78c   0x0002a78c   0x0000003c   Code   RO         2662    i.link_secure_failure  security_dispatcher.o
    0x0002a7c8   0x0002a7c8   0x0000002c   Code   RO         2802    i.link_secure_pending_handle  security_manager.o
    0x0002a7f4   0x0002a7f4   0x000000f8   Code   RO         4419    i.list_insertions_handler  app_timer.o
    0x0002a8ec   0x0002a8ec   0x000000a8   Code   RO         1330    i.local_db_apply_in_evt  gatt_cache_manager.o
    0x0002a994   0x0002a994   0x00000010   Code   RO         1331    i.local_db_update   gatt_cache_manager.o
    0x0002a9a4   0x0002a9a4   0x0000010c   Code   RO         1332    i.local_db_update_in_evt  gatt_cache_manager.o
    0x0002aab0   0x0002aab0   0x0000009c   Code   RO         6107    i.log_skip          nrf_log_frontend.o
    0x0002ab4c   0x0002ab4c   0x000001c0   Code   RO           12    i.main              main.o
    0x0002ad0c   0x0002ad0c   0x00000064   Code   RO          833    i.manuf_specific_data_encode  ble_advdata.o
    0x0002ad70   0x0002ad70   0x0000007e   Code   RO         5622    i.memobj_op         nrf_memobj.o
    0x0002adee   0x0002adee   0x00000002   PAD
    0x0002adf0   0x0002adf0   0x00000030   Code   RO         6108    i.module_idx_get    nrf_log_frontend.o
    0x0002ae20   0x0002ae20   0x00000008   Code   RO         2609    i.mutex_lock_status_get  pm_buffer.o
    0x0002ae28   0x0002ae28   0x000000a6   Code   RO          834    i.name_encode       ble_advdata.o
    0x0002aece   0x0002aece   0x00000002   PAD
    0x0002aed0   0x0002aed0   0x00000014   Code   RO         2803    i.new_context_get   security_manager.o
    0x0002aee4   0x0002aee4   0x00000030   Code   RO         2132    i.next_id_get       peer_id.o
    0x0002af14   0x0002af14   0x00000010   Code   RO         5037    i.nrf_atfifo_clear  nrf_atfifo.o
    0x0002af24   0x0002af24   0x00000026   Code   RO         5039    i.nrf_atfifo_init   nrf_atfifo.o
    0x0002af4a   0x0002af4a   0x00000016   Code   RO         5040    i.nrf_atfifo_item_alloc  nrf_atfifo.o
    0x0002af60   0x0002af60   0x00000016   Code   RO         5041    i.nrf_atfifo_item_free  nrf_atfifo.o
    0x0002af76   0x0002af76   0x00000016   Code   RO         5042    i.nrf_atfifo_item_get  nrf_atfifo.o
    0x0002af8c   0x0002af8c   0x00000016   Code   RO         5043    i.nrf_atfifo_item_put  nrf_atfifo.o
    0x0002afa2   0x0002afa2   0x00000016   Code   RO         5105    i.nrf_atflags_clear  nrf_atflags.o
    0x0002afb8   0x0002afb8   0x00000020   Code   RO         5107    i.nrf_atflags_fetch_set  nrf_atflags.o
    0x0002afd8   0x0002afd8   0x0000004a   Code   RO         5109    i.nrf_atflags_find_and_set_flag  nrf_atflags.o
    0x0002b022   0x0002b022   0x00000016   Code   RO         5110    i.nrf_atflags_get   nrf_atflags.o
    0x0002b038   0x0002b038   0x00000014   Code   RO         5112    i.nrf_atflags_set   nrf_atflags.o
    0x0002b04c   0x0002b04c   0x00000006   Code   RO         5173    i.nrf_atomic_flag_clear_fetch  nrf_atomic.o
    0x0002b052   0x0002b052   0x00000006   Code   RO         5174    i.nrf_atomic_flag_set  nrf_atomic.o
    0x0002b058   0x0002b058   0x00000006   Code   RO         5175    i.nrf_atomic_flag_set_fetch  nrf_atomic.o
    0x0002b05e   0x0002b05e   0x0000000c   Code   RO         5176    i.nrf_atomic_u32_add  nrf_atomic.o
    0x0002b06a   0x0002b06a   0x0000000c   Code   RO         5177    i.nrf_atomic_u32_and  nrf_atomic.o
    0x0002b076   0x0002b076   0x0000000a   Code   RO         5179    i.nrf_atomic_u32_fetch_add  nrf_atomic.o
    0x0002b080   0x0002b080   0x0000000a   Code   RO         5180    i.nrf_atomic_u32_fetch_and  nrf_atomic.o
    0x0002b08a   0x0002b08a   0x0000000a   Code   RO         5181    i.nrf_atomic_u32_fetch_or  nrf_atomic.o
    0x0002b094   0x0002b094   0x0000000a   Code   RO         5182    i.nrf_atomic_u32_fetch_store  nrf_atomic.o
    0x0002b09e   0x0002b09e   0x0000000c   Code   RO         5186    i.nrf_atomic_u32_or  nrf_atomic.o
    0x0002b0aa   0x0002b0aa   0x0000000c   Code   RO         5188    i.nrf_atomic_u32_sub  nrf_atomic.o
    0x0002b0b6   0x0002b0b6   0x00000044   Code   RO         5307    i.nrf_balloc_alloc  nrf_balloc.o
    0x0002b0fa   0x0002b0fa   0x00000030   Code   RO         5308    i.nrf_balloc_free   nrf_balloc.o
    0x0002b12a   0x0002b12a   0x00000030   Code   RO         5309    i.nrf_balloc_init   nrf_balloc.o
    0x0002b15a   0x0002b15a   0x00000010   Code   RO         3445    i.nrf_bitmask_bit_is_set  nrfx_gpiote.o
    0x0002b16a   0x0002b16a   0x00000014   Code   RO         3446    i.nrf_bitmask_bit_set  nrfx_gpiote.o
    0x0002b17e   0x0002b17e   0x00000022   Code   RO         1736    i.nrf_ble_gatt_init  nrf_ble_gatt.o
    0x0002b1a0   0x0002b1a0   0x00000150   Code   RO         1737    i.nrf_ble_gatt_on_ble_evt  nrf_ble_gatt.o
    0x0002b2f0   0x0002b2f0   0x00000016   Code   RO         1831    i.nrf_ble_qwr_conn_handle_assign  nrf_ble_qwr.o
    0x0002b306   0x0002b306   0x00000024   Code   RO         1832    i.nrf_ble_qwr_init  nrf_ble_qwr.o
    0x0002b32a   0x0002b32a   0x000000b6   Code   RO         1833    i.nrf_ble_qwr_on_ble_evt  nrf_ble_qwr.o
    0x0002b3e0   0x0002b3e0   0x0000000e   Code   RO         3307    i.nrf_clock_event_check  nrfx_clock.o
    0x0002b3ee   0x0002b3ee   0x00000010   Code   RO         3308    i.nrf_clock_event_clear  nrfx_clock.o
    0x0002b3fe   0x0002b3fe   0x00000002   PAD
    0x0002b400   0x0002b400   0x00000038   Code   RO         3116    i.nrf_drv_clock_init  nrf_drv_clock.o
    0x0002b438   0x0002b438   0x00000030   Code   RO         3120    i.nrf_drv_clock_lfclk_release  nrf_drv_clock.o
    0x0002b468   0x0002b468   0x00000068   Code   RO         3254    i.nrf_drv_uart_init  nrf_drv_uart.o
    0x0002b4d0   0x0002b4d0   0x0000001a   Code   RO         5344    i.nrf_fprintf       nrf_fprintf.o
    0x0002b4ea   0x0002b4ea   0x00000018   Code   RO         5345    i.nrf_fprintf_buffer_flush  nrf_fprintf.o
    0x0002b502   0x0002b502   0x000001da   Code   RO         5385    i.nrf_fprintf_fmt   nrf_fprintf_format.o
    0x0002b6dc   0x0002b6dc   0x00000138   Code   RO         5425    i.nrf_fstorage_erase  nrf_fstorage.o
    0x0002b814   0x0002b814   0x00000094   Code   RO         5426    i.nrf_fstorage_init  nrf_fstorage.o
    0x0002b8a8   0x0002b8a8   0x00000018   Code   RO         5514    i.nrf_fstorage_sdh_req_handler  nrf_fstorage_sd.o
    0x0002b8c0   0x0002b8c0   0x00000020   Code   RO         5515    i.nrf_fstorage_sdh_state_handler  nrf_fstorage_sd.o
    0x0002b8e0   0x0002b8e0   0x000000a4   Code   RO         5516    i.nrf_fstorage_sys_evt_handler  nrf_fstorage_sd.o
    0x0002b984   0x0002b984   0x000001dc   Code   RO         5432    i.nrf_fstorage_write  nrf_fstorage.o
    0x0002bb60   0x0002bb60   0x00000032   Code   RO          457    i.nrf_gpio_cfg      boards.o
    0x0002bb92   0x0002bb92   0x00000032   Code   RO         3447    i.nrf_gpio_cfg      nrfx_gpiote.o
    0x0002bbc4   0x0002bbc4   0x00000032   Code   RO         3818    i.nrf_gpio_cfg      nrfx_uart.o
    0x0002bbf6   0x0002bbf6   0x00000032   Code   RO         4020    i.nrf_gpio_cfg      nrfx_uarte.o
    0x0002bc28   0x0002bc28   0x00000012   Code   RO         3819    i.nrf_gpio_cfg_default  nrfx_uart.o
    0x0002bc3a   0x0002bc3a   0x00000012   Code   RO         4021    i.nrf_gpio_cfg_default  nrfx_uarte.o
    0x0002bc4c   0x0002bc4c   0x00000012   Code   RO         3820    i.nrf_gpio_cfg_input  nrfx_uart.o
    0x0002bc5e   0x0002bc5e   0x00000012   Code   RO         4022    i.nrf_gpio_cfg_input  nrfx_uarte.o
    0x0002bc70   0x0002bc70   0x00000014   Code   RO         3821    i.nrf_gpio_cfg_output  nrfx_uart.o
    0x0002bc84   0x0002bc84   0x00000014   Code   RO         4023    i.nrf_gpio_cfg_output  nrfx_uarte.o
    0x0002bc98   0x0002bc98   0x00000030   Code   RO         3449    i.nrf_gpio_cfg_sense_set  nrfx_gpiote.o
    0x0002bcc8   0x0002bcc8   0x0000001c   Code   RO          458    i.nrf_gpio_pin_port_decode  boards.o
    0x0002bce4   0x0002bce4   0x0000001c   Code   RO         3451    i.nrf_gpio_pin_port_decode  nrfx_gpiote.o
    0x0002bd00   0x0002bd00   0x0000001c   Code   RO         3822    i.nrf_gpio_pin_port_decode  nrfx_uart.o
    0x0002bd1c   0x0002bd1c   0x0000001c   Code   RO         4024    i.nrf_gpio_pin_port_decode  nrfx_uarte.o
    0x0002bd38   0x0002bd38   0x00000016   Code   RO         3452    i.nrf_gpio_pin_read  nrfx_gpiote.o
    0x0002bd4e   0x0002bd4e   0x00000014   Code   RO         3823    i.nrf_gpio_pin_set  nrfx_uart.o
    0x0002bd62   0x0002bd62   0x00000014   Code   RO         4025    i.nrf_gpio_pin_set  nrfx_uarte.o
    0x0002bd76   0x0002bd76   0x00000026   Code   RO          459    i.nrf_gpio_pin_write  boards.o
    0x0002bd9c   0x0002bd9c   0x0000002c   Code   RO         3454    i.nrf_gpio_ports_read  nrfx_gpiote.o
    0x0002bdc8   0x0002bdc8   0x00000014   Code   RO         3455    i.nrf_gpiote_event_clear  nrfx_gpiote.o
    0x0002bddc   0x0002bddc   0x00000010   Code   RO         3456    i.nrf_gpiote_event_is_set  nrfx_gpiote.o
    0x0002bdec   0x0002bdec   0x0000005c   Code   RO         6109    i.nrf_log_backend_add  nrf_log_frontend.o
    0x0002be48   0x0002be48   0x000000c8   Code   RO         5948    i.nrf_log_backend_serial_put  nrf_log_backend_serial.o
    0x0002bf10   0x0002bf10   0x00000002   Code   RO         5988    i.nrf_log_backend_uart_flush  nrf_log_backend_uart.o
    0x0002bf12   0x0002bf12   0x00000006   Code   RO         5989    i.nrf_log_backend_uart_init  nrf_log_backend_uart.o
    0x0002bf18   0x0002bf18   0x0000002c   Code   RO         5990    i.nrf_log_backend_uart_panic_set  nrf_log_backend_uart.o
    0x0002bf44   0x0002bf44   0x00000018   Code   RO         5991    i.nrf_log_backend_uart_put  nrf_log_backend_uart.o
    0x0002bf5c   0x0002bf5c   0x00000030   Code   RO         6111    i.nrf_log_color_id_get  nrf_log_frontend.o
    0x0002bf8c   0x0002bf8c   0x0000001c   Code   RO         6067    i.nrf_log_default_backends_init  nrf_log_default_backends.o
    0x0002bfa8   0x0002bfa8   0x00000234   Code   RO         6112    i.nrf_log_frontend_dequeue  nrf_log_frontend.o
    0x0002c1dc   0x0002c1dc   0x00000008   Code   RO         6114    i.nrf_log_frontend_std_0  nrf_log_frontend.o
    0x0002c1e4   0x0002c1e4   0x0000000e   Code   RO         6115    i.nrf_log_frontend_std_1  nrf_log_frontend.o
    0x0002c1f2   0x0002c1f2   0x00000010   Code   RO         6116    i.nrf_log_frontend_std_2  nrf_log_frontend.o
    0x0002c202   0x0002c202   0x00000012   Code   RO         6117    i.nrf_log_frontend_std_3  nrf_log_frontend.o
    0x0002c214   0x0002c214   0x00000014   Code   RO         6118    i.nrf_log_frontend_std_4  nrf_log_frontend.o
    0x0002c228   0x0002c228   0x000000ac   Code   RO         6289    i.nrf_log_hexdump_entry_process  nrf_log_str_formatter.o
    0x0002c2d4   0x0002c2d4   0x0000003c   Code   RO         6121    i.nrf_log_init      nrf_log_frontend.o
    0x0002c310   0x0002c310   0x00000014   Code   RO         6122    i.nrf_log_module_cnt_get  nrf_log_frontend.o
    0x0002c324   0x0002c324   0x0000001c   Code   RO         6125    i.nrf_log_module_name_get  nrf_log_frontend.o
    0x0002c340   0x0002c340   0x0000002c   Code   RO         6126    i.nrf_log_panic     nrf_log_frontend.o
    0x0002c36c   0x0002c36c   0x000000b6   Code   RO         6290    i.nrf_log_std_entry_process  nrf_log_str_formatter.o
    0x0002c422   0x0002c422   0x00000060   Code   RO         5623    i.nrf_memobj_alloc  nrf_memobj.o
    0x0002c482   0x0002c482   0x00000032   Code   RO         5624    i.nrf_memobj_free   nrf_memobj.o
    0x0002c4b4   0x0002c4b4   0x00000008   Code   RO         5625    i.nrf_memobj_get    nrf_memobj.o
    0x0002c4bc   0x0002c4bc   0x00000004   Code   RO         5626    i.nrf_memobj_pool_init  nrf_memobj.o
    0x0002c4c0   0x0002c4c0   0x0000001e   Code   RO         5627    i.nrf_memobj_put    nrf_memobj.o
    0x0002c4de   0x0002c4de   0x00000010   Code   RO         5628    i.nrf_memobj_read   nrf_memobj.o
    0x0002c4ee   0x0002c4ee   0x00000010   Code   RO         5629    i.nrf_memobj_write  nrf_memobj.o
    0x0002c4fe   0x0002c4fe   0x00000002   PAD
    0x0002c500   0x0002c500   0x00000028   Code   RO         5701    i.nrf_pwr_mgmt_init  nrf_pwr_mgmt.o
    0x0002c528   0x0002c528   0x00000044   Code   RO         5702    i.nrf_pwr_mgmt_run  nrf_pwr_mgmt.o
    0x0002c56c   0x0002c56c   0x00000004   Code   RO           13    i.nrf_qwr_error_handler  main.o
    0x0002c570   0x0002c570   0x0000001c   Code   RO         5775    i.nrf_ringbuf_init  nrf_ringbuf.o
    0x0002c58c   0x0002c58c   0x00000014   Code   RO         6824    i.nrf_sdh_ble_app_ram_start_get  nrf_sdh_ble.o
    0x0002c5a0   0x0002c5a0   0x00000100   Code   RO         6825    i.nrf_sdh_ble_default_cfg_set  nrf_sdh_ble.o
    0x0002c6a0   0x0002c6a0   0x00000130   Code   RO         6826    i.nrf_sdh_ble_enable  nrf_sdh_ble.o
    0x0002c7d0   0x0002c7d0   0x0000005c   Code   RO         6827    i.nrf_sdh_ble_evts_poll  nrf_sdh_ble.o
    0x0002c82c   0x0002c82c   0x00000054   Code   RO         6705    i.nrf_sdh_disable_request  nrf_sdh.o
    0x0002c880   0x0002c880   0x00000074   Code   RO         6706    i.nrf_sdh_enable_request  nrf_sdh.o
    0x0002c8f4   0x0002c8f4   0x00000024   Code   RO         6707    i.nrf_sdh_evts_poll  nrf_sdh.o
    0x0002c918   0x0002c918   0x0000000c   Code   RO         6708    i.nrf_sdh_is_enabled  nrf_sdh.o
    0x0002c924   0x0002c924   0x0000001c   Code   RO         6710    i.nrf_sdh_request_continue  nrf_sdh.o
    0x0002c940   0x0002c940   0x0000003c   Code   RO         6878    i.nrf_sdh_soc_evts_poll  nrf_sdh_soc.o
    0x0002c97c   0x0002c97c   0x0000000a   Code   RO         5833    i.nrf_section_iter_init  nrf_section_iter.o
    0x0002c986   0x0002c986   0x00000024   Code   RO         5834    i.nrf_section_iter_item_set  nrf_section_iter.o
    0x0002c9aa   0x0002c9aa   0x00000020   Code   RO         5835    i.nrf_section_iter_next  nrf_section_iter.o
    0x0002c9ca   0x0002c9ca   0x00000002   PAD
    0x0002c9cc   0x0002c9cc   0x00000038   Code   RO         5868    i.nrf_strerror_find  nrf_strerror.o
    0x0002ca04   0x0002ca04   0x00000014   Code   RO         5869    i.nrf_strerror_get  nrf_strerror.o
    0x0002ca18   0x0002ca18   0x0000000a   Code   RO         3824    i.nrf_uart_event_check  nrfx_uart.o
    0x0002ca22   0x0002ca22   0x0000000c   Code   RO         3825    i.nrf_uart_event_clear  nrfx_uart.o
    0x0002ca2e   0x0002ca2e   0x0000000c   Code   RO         3826    i.nrf_uart_int_enable_check  nrfx_uart.o
    0x0002ca3a   0x0002ca3a   0x0000000a   Code   RO         4026    i.nrf_uarte_event_check  nrfx_uarte.o
    0x0002ca44   0x0002ca44   0x0000000c   Code   RO         4027    i.nrf_uarte_event_clear  nrfx_uarte.o
    0x0002ca50   0x0002ca50   0x00000030   Code   RO         3313    i.nrfx_clock_enable  nrfx_clock.o
    0x0002ca80   0x0002ca80   0x00000020   Code   RO         3316    i.nrfx_clock_init   nrfx_clock.o
    0x0002caa0   0x0002caa0   0x0000001c   Code   RO         3319    i.nrfx_clock_lfclk_stop  nrfx_clock.o
    0x0002cabc   0x0002cabc   0x00000010   Code   RO         4420    i.nrfx_coredep_delay_us  app_timer.o
    0x0002cacc   0x0002cacc   0x00000098   Code   RO         3461    i.nrfx_gpiote_in_event_enable  nrfx_gpiote.o
    0x0002cb64   0x0002cb64   0x000000d4   Code   RO         3462    i.nrfx_gpiote_in_init  nrfx_gpiote.o
    0x0002cc38   0x0002cc38   0x0000000e   Code   RO         3463    i.nrfx_gpiote_in_is_set  nrfx_gpiote.o
    0x0002cc46   0x0002cc46   0x00000002   PAD
    0x0002cc48   0x0002cc48   0x00000074   Code   RO         3465    i.nrfx_gpiote_init  nrfx_gpiote.o
    0x0002ccbc   0x0002ccbc   0x00000014   Code   RO         3466    i.nrfx_gpiote_is_init  nrfx_gpiote.o
    0x0002ccd0   0x0002ccd0   0x00000010   Code   RO         4028    i.nrfx_is_in_ram    nrfx_uarte.o
    0x0002cce0   0x0002cce0   0x0000003a   Code   RO         3764    i.nrfx_prs_acquire  nrfx_prs.o
    0x0002cd1a   0x0002cd1a   0x00000012   Code   RO         3765    i.nrfx_prs_release  nrfx_prs.o
    0x0002cd2c   0x0002cd2c   0x00000010   Code   RO         3827    i.nrfx_uart_0_irq_handler  nrfx_uart.o
    0x0002cd3c   0x0002cd3c   0x000000d4   Code   RO         3829    i.nrfx_uart_init    nrfx_uart.o
    0x0002ce10   0x0002ce10   0x000000a4   Code   RO         3835    i.nrfx_uart_tx      nrfx_uart.o
    0x0002ceb4   0x0002ceb4   0x00000020   Code   RO         3837    i.nrfx_uart_tx_in_progress  nrfx_uart.o
    0x0002ced4   0x0002ced4   0x000000b4   Code   RO         3838    i.nrfx_uart_uninit  nrfx_uart.o
    0x0002cf88   0x0002cf88   0x00000010   Code   RO         4029    i.nrfx_uarte_0_irq_handler  nrfx_uarte.o
    0x0002cf98   0x0002cf98   0x0000006c   Code   RO         4031    i.nrfx_uarte_init   nrfx_uarte.o
    0x0002d004   0x0002d004   0x00000090   Code   RO         4035    i.nrfx_uarte_tx     nrfx_uarte.o
    0x0002d094   0x0002d094   0x0000001c   Code   RO         4037    i.nrfx_uarte_tx_in_progress  nrfx_uarte.o
    0x0002d0b0   0x0002d0b0   0x000000b0   Code   RO         4038    i.nrfx_uarte_uninit  nrfx_uarte.o
    0x0002d160   0x0002d160   0x00000054   Code   RO           14    i.on_adv_evt        main.o
    0x0002d1b4   0x0002d1b4   0x0000001c   Code   RO           15    i.on_conn_params_evt  main.o
    0x0002d1d0   0x0002d1d0   0x000000a8   Code   RO         1738    i.on_connected_evt  nrf_ble_gatt.o
    0x0002d278   0x0002d278   0x000000ac   Code   RO         1739    i.on_exchange_mtu_request_evt  nrf_ble_gatt.o
    0x0002d324   0x0002d324   0x00000018   Code   RO           16    i.on_hts_evt        main.o
    0x0002d33c   0x0002d33c   0x00000024   Code   RO         4703    i.page_identify     fds.o
    0x0002d360   0x0002d360   0x0000001c   Code   RO         4704    i.page_offsets_update  fds.o
    0x0002d37c   0x0002d37c   0x0000006c   Code   RO         4705    i.page_scan         fds.o
    0x0002d3e8   0x0002d3e8   0x0000001c   Code   RO         4706    i.page_tag_write_data  fds.o
    0x0002d404   0x0002d404   0x00000024   Code   RO         4707    i.page_tag_write_swap  fds.o
    0x0002d428   0x0002d428   0x0000011c   Code   RO         4708    i.pages_init        fds.o
    0x0002d544   0x0002d544   0x0000000c   Code   RO         2663    i.pairing           security_dispatcher.o
    0x0002d550   0x0002d550   0x00000074   Code   RO         2664    i.pairing_failure   security_dispatcher.o
    0x0002d5c4   0x0002d5c4   0x0000002e   Code   RO         2665    i.pairing_success_evt_send  security_dispatcher.o
    0x0002d5f2   0x0002d5f2   0x00000006   Code   RO         2804    i.params_reply_pending_handle  security_manager.o
    0x0002d5f8   0x0002d5f8   0x00000028   Code   RO         2805    i.params_req_send   security_manager.o
    0x0002d620   0x0002d620   0x0000001c   Code   RO         2012    i.pdb_evt_send      peer_database.o
    0x0002d63c   0x0002d63c   0x00000090   Code   RO         2013    i.pdb_init          peer_database.o
    0x0002d6cc   0x0002d6cc   0x0000007c   Code   RO         2014    i.pdb_pds_evt_handler  peer_database.o
    0x0002d748   0x0002d748   0x00000006   Code   RO         2015    i.pdb_peer_data_ptr_get  peer_database.o
    0x0002d74e   0x0002d74e   0x00000002   PAD
    0x0002d750   0x0002d750   0x0000008c   Code   RO         2016    i.pdb_peer_free     peer_database.o
    0x0002d7dc   0x0002d7dc   0x000000dc   Code   RO         2017    i.pdb_write_buf_get  peer_database.o
    0x0002d8b8   0x0002d8b8   0x00000014   Code   RO         2018    i.pdb_write_buf_release  peer_database.o
    0x0002d8cc   0x0002d8cc   0x00000036   Code   RO         2019    i.pdb_write_buf_store  peer_database.o
    0x0002d902   0x0002d902   0x00000002   PAD
    0x0002d904   0x0002d904   0x00000010   Code   RO         1874    i.pds_evt_send      peer_data_storage.o
    0x0002d914   0x0002d914   0x000000dc   Code   RO         1875    i.pds_init          peer_data_storage.o
    0x0002d9f0   0x0002d9f0   0x00000004   Code   RO         1876    i.pds_next_deleted_peer_id_get  peer_data_storage.o
    0x0002d9f4   0x0002d9f4   0x00000004   Code   RO         1877    i.pds_next_peer_id_get  peer_data_storage.o
    0x0002d9f8   0x0002d9f8   0x00000058   Code   RO         1880    i.pds_peer_data_iterate  peer_data_storage.o
    0x0002da50   0x0002da50   0x00000010   Code   RO         1881    i.pds_peer_data_iterate_prepare  peer_data_storage.o
    0x0002da60   0x0002da60   0x00000072   Code   RO         1882    i.pds_peer_data_read  peer_data_storage.o
    0x0002dad2   0x0002dad2   0x00000002   PAD
    0x0002dad4   0x0002dad4   0x000000a0   Code   RO         1883    i.pds_peer_data_store  peer_data_storage.o
    0x0002db74   0x0002db74   0x00000008   Code   RO         1884    i.pds_peer_id_allocate  peer_data_storage.o
    0x0002db7c   0x0002db7c   0x00000016   Code   RO         1885    i.pds_peer_id_free  peer_data_storage.o
    0x0002db92   0x0002db92   0x00000004   Code   RO         1886    i.pds_peer_id_is_allocated  peer_data_storage.o
    0x0002db96   0x0002db96   0x00000002   PAD
    0x0002db98   0x0002db98   0x0000009c   Code   RO         1888    i.peer_data_delete_process  peer_data_storage.o
    0x0002dc34   0x0002dc34   0x00000030   Code   RO         1889    i.peer_data_find    peer_data_storage.o
    0x0002dc64   0x0002dc64   0x00000024   Code   RO         1890    i.peer_data_id_is_valid  peer_data_storage.o
    0x0002dc88   0x0002dc88   0x0000001a   Code   RO         2020    i.peer_data_point_to_buffer  peer_database.o
    0x0002dca2   0x0002dca2   0x00000002   PAD
    0x0002dca4   0x0002dca4   0x0000000c   Code   RO         2133    i.peer_id_allocate  peer_id.o
    0x0002dcb0   0x0002dcb0   0x00000024   Code   RO         2134    i.peer_id_delete    peer_id.o
    0x0002dcd4   0x0002dcd4   0x0000001c   Code   RO         2135    i.peer_id_free      peer_id.o
    0x0002dcf0   0x0002dcf0   0x0000000c   Code   RO         2136    i.peer_id_get_next_deleted  peer_id.o
    0x0002dcfc   0x0002dcfc   0x00000030   Code   RO         2137    i.peer_id_get_next_used  peer_id.o
    0x0002dd2c   0x0002dd2c   0x0000000c   Code   RO         2138    i.peer_id_init      peer_id.o
    0x0002dd38   0x0002dd38   0x00000014   Code   RO         2139    i.peer_id_is_allocated  peer_id.o
    0x0002dd4c   0x0002dd4c   0x00000014   Code   RO         2140    i.peer_id_is_deleted  peer_id.o
    0x0002dd60   0x0002dd60   0x0000006c   Code   RO           17    i.peer_manager_init  main.o
    0x0002ddcc   0x0002ddcc   0x00000016   Code   RO          942    i.phy_is_valid      ble_advertising.o
    0x0002dde2   0x0002dde2   0x00000002   PAD
    0x0002dde4   0x0002dde4   0x00000018   Code   RO         3482    i.pin_in_use_by_port  nrfx_gpiote.o
    0x0002ddfc   0x0002ddfc   0x00000018   Code   RO         3483    i.pin_in_use_by_te  nrfx_gpiote.o
    0x0002de14   0x0002de14   0x00000064   Code   RO         2610    i.pm_buffer_block_acquire  pm_buffer.o
    0x0002de78   0x0002de78   0x00000024   Code   RO         2611    i.pm_buffer_init    pm_buffer.o
    0x0002de9c   0x0002de9c   0x00000028   Code   RO         2612    i.pm_buffer_ptr_get  pm_buffer.o
    0x0002dec4   0x0002dec4   0x00000032   Code   RO         2613    i.pm_buffer_release  pm_buffer.o
    0x0002def6   0x0002def6   0x00000002   PAD
    0x0002def8   0x0002def8   0x00000078   Code   RO         2227    i.pm_conn_sec_status_get  peer_manager.o
    0x0002df70   0x0002df70   0x0000001c   Code   RO         2228    i.pm_conn_secure    peer_manager.o
    0x0002df8c   0x0002df8c   0x00000040   Code   RO           18    i.pm_evt_handler    main.o
    0x0002dfcc   0x0002dfcc   0x00000004   Code   RO         2230    i.pm_gcm_evt_handler  peer_manager.o
    0x0002dfd0   0x0002dfd0   0x00000210   Code   RO         2518    i.pm_handler_flash_clean  peer_manager_handler.o
    0x0002e1e0   0x0002e1e0   0x0000001c   Code   RO         2519    i.pm_handler_flash_clean_on_return  peer_manager_handler.o
    0x0002e1fc   0x0002e1fc   0x00000054   Code   RO         2520    i.pm_handler_on_pm_evt  peer_manager_handler.o
    0x0002e250   0x0002e250   0x000002dc   Code   RO         2521    i.pm_handler_pm_evt_log  peer_manager_handler.o
    0x0002e52c   0x0002e52c   0x00000004   Code   RO         2233    i.pm_im_evt_handler  peer_manager.o
    0x0002e530   0x0002e530   0x000001bc   Code   RO         2234    i.pm_init           peer_manager.o
    0x0002e6ec   0x0002e6ec   0x00000120   Code   RO         2238    i.pm_pdb_evt_handler  peer_manager.o
    0x0002e80c   0x0002e80c   0x00000014   Code   RO         2249    i.pm_peer_delete    peer_manager.o
    0x0002e820   0x0002e820   0x0000011c   Code   RO         2253    i.pm_peer_rank_highest  peer_manager.o
    0x0002e93c   0x0002e93c   0x000000ec   Code   RO         2254    i.pm_peer_ranks_get  peer_manager.o
    0x0002ea28   0x0002ea28   0x00000094   Code   RO         2255    i.pm_peers_delete   peer_manager.o
    0x0002eabc   0x0002eabc   0x0000002c   Code   RO         2258    i.pm_register       peer_manager.o
    0x0002eae8   0x0002eae8   0x00000014   Code   RO         2259    i.pm_sec_params_set  peer_manager.o
    0x0002eafc   0x0002eafc   0x0000000a   Code   RO         2260    i.pm_sm_evt_handler  peer_manager.o
    0x0002eb06   0x0002eb06   0x00000034   Code   RO         3012    i.pnp_id_encode     ble_dis.o
    0x0002eb3a   0x0002eb3a   0x00000002   PAD
    0x0002eb3c   0x0002eb3c   0x0000003c   Code   RO         6292    i.postfix_process   nrf_log_str_formatter.o
    0x0002eb78   0x0002eb78   0x00000098   Code   RO         6293    i.prefix_process    nrf_log_str_formatter.o
    0x0002ec10   0x0002ec10   0x00000018   Code   RO         3766    i.prs_box_get       nrfx_prs.o
    0x0002ec28   0x0002ec28   0x0000001c   Code   RO         4709    i.queue_buf_get     fds.o
    0x0002ec44   0x0002ec44   0x00000010   Code   RO         4710    i.queue_buf_store   fds.o
    0x0002ec54   0x0002ec54   0x00000014   Code   RO         5517    i.queue_free        nrf_fstorage_sd.o
    0x0002ec68   0x0002ec68   0x000000a0   Code   RO         4711    i.queue_process     fds.o
    0x0002ed08   0x0002ed08   0x000000a0   Code   RO         5518    i.queue_process     nrf_fstorage_sd.o
    0x0002eda8   0x0002eda8   0x0000001c   Code   RO         4712    i.queue_start       fds.o
    0x0002edc4   0x0002edc4   0x00000024   Code   RO         5519    i.queue_start       nrf_fstorage_sd.o
    0x0002ede8   0x0002ede8   0x0000001c   Code   RO         2524    i.rank_highest      peer_manager_handler.o
    0x0002ee04   0x0002ee04   0x00000028   Code   RO         2263    i.rank_vars_update  peer_manager.o
    0x0002ee2c   0x0002ee2c   0x0000000e   Code   RO         5520    i.read              nrf_fstorage_sd.o
    0x0002ee3a   0x0002ee3a   0x00000002   PAD
    0x0002ee3c   0x0002ee3c   0x000000b0   Code   RO         2021    i.reattempt_previous_operations  peer_database.o
    0x0002eeec   0x0002eeec   0x00000088   Code   RO         4713    i.record_find       fds.o
    0x0002ef74   0x0002ef74   0x000000a0   Code   RO         4714    i.record_find_by_desc  fds.o
    0x0002f014   0x0002f014   0x0000005c   Code   RO         4715    i.record_find_next  fds.o
    0x0002f070   0x0002f070   0x00000038   Code   RO         4716    i.record_header_flag_dirty  fds.o
    0x0002f0a8   0x0002f0a8   0x00000010   Code   RO         2142    i.release           peer_id.o
    0x0002f0b8   0x0002f0b8   0x00000004   Code   RO         5521    i.rmap              nrf_fstorage_sd.o
    0x0002f0bc   0x0002f0bc   0x0000003c   Code   RO         4421    i.rtc1_stop         app_timer.o
    0x0002f0f8   0x0002f0f8   0x00000032   Code   RO         3839    i.rx_byte           nrfx_uart.o
    0x0002f12a   0x0002f12a   0x00000016   Code   RO         3840    i.rx_done_event     nrfx_uart.o
    0x0002f140   0x0002f140   0x00000018   Code   RO         4039    i.rx_done_event     nrfx_uarte.o
    0x0002f158   0x0002f158   0x00000024   Code   RO         1333    i.sc_send_pending_handle  gatt_cache_manager.o
    0x0002f17c   0x0002f17c   0x00000050   Code   RO         3123    i.sd_state_evt_handler  nrf_drv_clock.o
    0x0002f1cc   0x0002f1cc   0x00000030   Code   RO         6713    i.sdh_request_observer_notify  nrf_sdh.o
    0x0002f1fc   0x0002f1fc   0x0000002c   Code   RO         6714    i.sdh_state_observer_notify  nrf_sdh.o
    0x0002f228   0x0002f228   0x000000b4   Code   RO         2666    i.sec_info_request_process  security_dispatcher.o
    0x0002f2dc   0x0002f2dc   0x000000f4   Code   RO         2667    i.sec_keyset_fill   security_dispatcher.o
    0x0002f3d0   0x0002f3d0   0x00000076   Code   RO         2806    i.sec_params_verify  security_manager.o
    0x0002f446   0x0002f446   0x00000002   PAD
    0x0002f448   0x0002f448   0x00000060   Code   RO         2668    i.sec_proc_start    security_dispatcher.o
    0x0002f4a8   0x0002f4a8   0x00000022   Code   RO         2669    i.send_config_req   security_dispatcher.o
    0x0002f4ca   0x0002f4ca   0x00000002   PAD
    0x0002f4cc   0x0002f4cc   0x00000010   Code   RO         1031    i.send_error_evt    ble_conn_params.o
    0x0002f4dc   0x0002f4dc   0x00000028   Code   RO         1334    i.send_unexpected_error  gatt_cache_manager.o
    0x0002f504   0x0002f504   0x00000028   Code   RO         2670    i.send_unexpected_error  security_dispatcher.o
    0x0002f52c   0x0002f52c   0x00000048   Code   RO           19    i.sensor_simulator_init  main.o
    0x0002f574   0x0002f574   0x0000001c   Code   RO         5898    i.sensorsim_decrement  sensorsim.o
    0x0002f590   0x0002f590   0x0000001c   Code   RO         5899    i.sensorsim_increment  sensorsim.o
    0x0002f5ac   0x0002f5ac   0x00000016   Code   RO         5900    i.sensorsim_init    sensorsim.o
    0x0002f5c2   0x0002f5c2   0x0000001a   Code   RO         5901    i.sensorsim_measure  sensorsim.o
    0x0002f5dc   0x0002f5dc   0x00000040   Code   RO         5992    i.serial_tx         nrf_log_backend_uart.o
    0x0002f61c   0x0002f61c   0x00000014   Code   RO         1335    i.service_changed_pending_flags_check  gatt_cache_manager.o
    0x0002f630   0x0002f630   0x00000044   Code   RO         1487    i.service_changed_pending_set  gatts_cache_manager.o
    0x0002f674   0x0002f674   0x000000f4   Code   RO         1336    i.service_changed_send_in_evt  gatt_cache_manager.o
    0x0002f768   0x0002f768   0x00000088   Code   RO          835    i.service_data_encode  ble_advdata.o
    0x0002f7f0   0x0002f7f0   0x000000e8   Code   RO           20    i.services_init     main.o
    0x0002f8d8   0x0002f8d8   0x00000030   Code   RO         1263    i.set_security_req  ble_srv_common.o
    0x0002f908   0x0002f908   0x00000028   Code   RO           21    i.sleep_mode_enter  main.o
    0x0002f930   0x0002f930   0x0000002c   Code   RO         2807    i.sm_ble_evt_handler  security_manager.o
    0x0002f95c   0x0002f95c   0x00000058   Code   RO         2809    i.sm_init           security_manager.o
    0x0002f9b4   0x0002f9b4   0x0000000a   Code   RO         2811    i.sm_link_secure    security_manager.o
    0x0002f9be   0x0002f9be   0x00000002   PAD
    0x0002f9c0   0x0002f9c0   0x00000044   Code   RO         2812    i.sm_pdb_evt_handler  security_manager.o
    0x0002fa04   0x0002fa04   0x00000034   Code   RO         2814    i.sm_sec_params_set  security_manager.o
    0x0002fa38   0x0002fa38   0x00000060   Code   RO         2815    i.sm_smd_evt_handler  security_manager.o
    0x0002fa98   0x0002fa98   0x000000f4   Code   RO         2671    i.smd_ble_evt_handler  security_dispatcher.o
    0x0002fb8c   0x0002fb8c   0x00000068   Code   RO         2673    i.smd_init          security_dispatcher.o
    0x0002fbf4   0x0002fbf4   0x00000028   Code   RO         2674    i.smd_link_secure   security_dispatcher.o
    0x0002fc1c   0x0002fc1c   0x000000b0   Code   RO         2675    i.smd_params_reply  security_dispatcher.o
    0x0002fccc   0x0002fccc   0x00000040   Code   RO         2816    i.smd_params_reply_perform  security_manager.o
    0x0002fd0c   0x0002fd0c   0x00000018   Code   RO         3124    i.soc_evt_handler   nrf_drv_clock.o
    0x0002fd24   0x0002fd24   0x00000038   Code   RO         6715    i.softdevice_evt_irq_disable  nrf_sdh.o
    0x0002fd5c   0x0002fd5c   0x00000058   Code   RO         6716    i.softdevices_evt_irq_enable  nrf_sdh.o
    0x0002fdb4   0x0002fdb4   0x0000008c   Code   RO         6128    i.std_n             nrf_log_frontend.o
    0x0002fe40   0x0002fe40   0x00000058   Code   RO         1337    i.store_car_value   gatt_cache_manager.o
    0x0002fe98   0x0002fe98   0x00000042   Code   RO         3013    i.sys_id_encode     ble_dis.o
    0x0002feda   0x0002feda   0x00000002   PAD
    0x0002fedc   0x0002fedc   0x00000038   Code   RO           22    i.temperature_measurement_send  main.o
    0x0002ff14   0x0002ff14   0x00000080   Code   RO         4422    i.timer_list_handler  app_timer.o
    0x0002ff94   0x0002ff94   0x0000003c   Code   RO         4423    i.timer_list_insert  app_timer.o
    0x0002ffd0   0x0002ffd0   0x00000060   Code   RO         4424    i.timer_list_remove  app_timer.o
    0x00030030   0x00030030   0x00000048   Code   RO         4425    i.timer_stop_op_schedule  app_timer.o
    0x00030078   0x00030078   0x00000074   Code   RO         4426    i.timer_timeouts_check  app_timer.o
    0x000300ec   0x000300ec   0x00000020   Code   RO         3842    i.tx_byte           nrfx_uart.o
    0x0003010c   0x0003010c   0x0000001a   Code   RO         3843    i.tx_done_event     nrfx_uart.o
    0x00030126   0x00030126   0x00000002   PAD
    0x00030128   0x00030128   0x00000030   Code   RO         3255    i.uart_evt_handler  nrf_drv_uart.o
    0x00030158   0x00030158   0x0000000c   Code   RO         5993    i.uart_evt_handler  nrf_log_backend_uart.o
    0x00030164   0x00030164   0x00000050   Code   RO         5994    i.uart_init         nrf_log_backend_uart.o
    0x000301b4   0x000301b4   0x00000128   Code   RO         3844    i.uart_irq_handler  nrfx_uart.o
    0x000302dc   0x000302dc   0x00000030   Code   RO         3256    i.uarte_evt_handler  nrf_drv_uart.o
    0x0003030c   0x0003030c   0x000000f4   Code   RO         4040    i.uarte_irq_handler  nrfx_uarte.o
    0x00030400   0x00030400   0x0000000a   Code   RO          836    i.uint16_encode     ble_advdata.o
    0x0003040a   0x0003040a   0x00000002   PAD
    0x0003040c   0x0003040c   0x00000020   Code   RO         5522    i.uninit            nrf_fstorage_sd.o
    0x0003042c   0x0003042c   0x000000b4   Code   RO         5386    i.unsigned_print    nrf_fprintf_format.o
    0x000304e0   0x000304e0   0x00000030   Code   RO         1338    i.update_pending_flags_check  gatt_cache_manager.o
    0x00030510   0x00030510   0x00000068   Code   RO         1032    i.update_timeout_handler  ble_conn_params.o
    0x00030578   0x00030578   0x00000018   Code   RO          943    i.use_whitelist     ble_advertising.o
    0x00030590   0x00030590   0x0000000c   Code   RO         1117    i.user_flag_is_acquired  ble_conn_state.o
    0x0003059c   0x0003059c   0x00000024   Code   RO         1834    i.user_mem_reply    nrf_ble_qwr.o
    0x000305c0   0x000305c0   0x00000030   Code   RO         4427    i.user_op_alloc     app_timer.o
    0x000305f0   0x000305f0   0x00000030   Code   RO          837    i.uuid_list_encode  ble_advdata.o
    0x00030620   0x00030620   0x0000009e   Code   RO          838    i.uuid_list_sized_encode  ble_advdata.o
    0x000306be   0x000306be   0x00000002   PAD
    0x000306c0   0x000306c0   0x0000004c   Code   RO          597    i.wakeup_button_cfg  bsp.o
    0x0003070c   0x0003070c   0x00000004   Code   RO         5523    i.wmap              nrf_fstorage_sd.o
    0x00030710   0x00030710   0x00000050   Code   RO         5524    i.write             nrf_fstorage_sd.o
    0x00030760   0x00030760   0x0000014c   Code   RO         2022    i.write_buf_store   peer_database.o
    0x000308ac   0x000308ac   0x00000034   Code   RO         2023    i.write_buffer_record_find  peer_database.o
    0x000308e0   0x000308e0   0x00000030   Code   RO         2024    i.write_buffer_record_find_next  peer_database.o
    0x00030910   0x00030910   0x0000001c   Code   RO         2025    i.write_buffer_record_invalidate  peer_database.o
    0x0003092c   0x0003092c   0x0000002c   Code   RO         2026    i.write_buffer_record_release  peer_database.o
    0x00030958   0x00030958   0x000000e8   Code   RO         4718    i.write_enqueue     fds.o
    0x00030a40   0x00030a40   0x000000f4   Code   RO         4719    i.write_execute     fds.o
    0x00030b34   0x00030b34   0x00000018   Code   RO         4720    i.write_space_free  fds.o
    0x00030b4c   0x00030b4c   0x0000005c   Code   RO         4721    i.write_space_reserve  fds.o
    0x00030ba8   0x00030ba8   0x00000004   Data   RO           25    .constdata          main.o
    0x00030bac   0x00030bac   0x00000008   Data   RO          460    .constdata          boards.o
    0x00030bb4   0x00030bb4   0x0000002c   Data   RO          602    .constdata          bsp.o
    0x00030be0   0x00030be0   0x00000074   Data   RO         1339    .constdata          gatt_cache_manager.o
    0x00030c54   0x00030c54   0x00000004   Data   RO         1488    .constdata          gatts_cache_manager.o
    0x00030c58   0x00030c58   0x00000010   Data   RO         1489    .constdata          gatts_cache_manager.o
    0x00030c68   0x00030c68   0x00000004   Data   RO         1490    .constdata          gatts_cache_manager.o
    0x00030c6c   0x00030c6c   0x00000008   Data   RO         1587    .constdata          id_manager.o
    0x00030c74   0x00030c74   0x00000016   Data   RO         1740    .constdata          nrf_ble_gatt.o
    0x00030c8a   0x00030c8a   0x00000002   PAD
    0x00030c8c   0x00030c8c   0x0000001c   Data   RO         1891    .constdata          peer_data_storage.o
    0x00030ca8   0x00030ca8   0x00000010   Data   RO         2028    .constdata          peer_database.o
    0x00030cb8   0x00030cb8   0x0000002c   Data   RO         2265    .constdata          peer_manager.o
    0x00030ce4   0x00030ce4   0x00000018   Data   RO         2525    .constdata          peer_manager_handler.o
    0x00030cfc   0x00030cfc   0x0000008c   Data   RO         2677    .constdata          security_dispatcher.o
    0x00030d88   0x00030d88   0x00000004   Data   RO         2817    .constdata          security_manager.o
    0x00030d8c   0x00030d8c   0x00000008   Data   RO         3485    .constdata          nrfx_gpiote.o
    0x00030d94   0x00030d94   0x00000004   Data   RO         3847    .constdata          nrfx_uart.o
    0x00030d98   0x00030d98   0x00000004   Data   RO         4043    .constdata          nrfx_uarte.o
    0x00030d9c   0x00030d9c   0x00000008   Data   RO         4190    .constdata          app_button.o
    0x00030da4   0x00030da4   0x0000000c   PAD
    0x00030db0   0x00030db0   0x00000006   Data   RO         4429    .constdata          app_timer.o
    0x00030db6   0x00030db6   0x00000002   PAD
    0x00030db8   0x00030db8   0x00000018   Data   RO         4724    .constdata          fds.o
    0x00030dd0   0x00030dd0   0x00000010   Data   RO         5387    .constdata          nrf_fprintf_format.o
    0x00030de0   0x00030de0   0x0000005e   Data   RO         5433    .constdata          nrf_fstorage.o
    0x00030e3e   0x00030e3e   0x00000002   PAD
    0x00030e40   0x00030e40   0x00000010   Data   RO         5527    .constdata          nrf_fstorage_sd.o
    0x00030e50   0x00030e50   0x00000020   Data   RO         5528    .constdata          nrf_fstorage_sd.o
    0x00030e70   0x00030e70   0x00000018   Data   RO         5706    .constdata          nrf_pwr_mgmt.o
    0x00030e88   0x00030e88   0x0000000c   Data   RO         5707    .constdata          nrf_pwr_mgmt.o
    0x00030e94   0x00030e94   0x0000013c   Data   RO         5870    .constdata          nrf_strerror.o
    0x00030fd0   0x00030fd0   0x0000000c   Data   RO         5996    .constdata          nrf_log_backend_uart.o
    0x00030fdc   0x00030fdc   0x00000020   Data   RO         5997    .constdata          nrf_log_backend_uart.o
    0x00030ffc   0x00030ffc   0x0000000c   Data   RO         6133    .constdata          nrf_log_frontend.o
    0x00031008   0x00031008   0x00000010   Data   RO         6717    .constdata          nrf_sdh.o
    0x00031018   0x00031018   0x00000028   Data   RO         6718    .constdata          nrf_sdh.o
    0x00031040   0x00031040   0x00000010   Data   RO         6719    .constdata          nrf_sdh.o
    0x00031050   0x00031050   0x00000010   Data   RO         6720    .constdata          nrf_sdh.o
    0x00031060   0x00031060   0x00000020   Data   RO         6828    .constdata          nrf_sdh_ble.o
    0x00031080   0x00031080   0x00000010   Data   RO         6829    .constdata          nrf_sdh_ble.o
    0x00031090   0x00031090   0x00000010   Data   RO         6879    .constdata          nrf_sdh_soc.o
    0x000310a0   0x000310a0   0x0000000c   Data   RO         6880    .constdata          nrf_sdh_soc.o
    0x000310ac   0x000310ac   0x00000081   Data   RO         6966    .constdata          mc_w.l(ctype_o.o)
    0x0003112d   0x0003112d   0x00000003   PAD
    0x00031130   0x00031130   0x00000004   Data   RO         6967    .constdata          mc_w.l(ctype_o.o)
    0x00031134   0x00031134   0x000001a4   Data   RO         1340    .conststring        gatt_cache_manager.o
    0x000312d8   0x000312d8   0x00000144   Data   RO         1491    .conststring        gatts_cache_manager.o
    0x0003141c   0x0003141c   0x000000a2   Data   RO         1741    .conststring        nrf_ble_gatt.o
    0x000314be   0x000314be   0x00000002   PAD
    0x000314c0   0x000314c0   0x000000e8   Data   RO         1892    .conststring        peer_data_storage.o
    0x000315a8   0x000315a8   0x00000180   Data   RO         2029    .conststring        peer_database.o
    0x00031728   0x00031728   0x00000090   Data   RO         2266    .conststring        peer_manager.o
    0x000317b8   0x000317b8   0x000002ca   Data   RO         2526    .conststring        peer_manager_handler.o
    0x00031a82   0x00031a82   0x00000002   PAD
    0x00031a84   0x00031a84   0x00000242   Data   RO         2678    .conststring        security_dispatcher.o
    0x00031cc6   0x00031cc6   0x00000002   PAD
    0x00031cc8   0x00031cc8   0x0000017b   Data   RO         2818    .conststring        security_manager.o
    0x00031e43   0x00031e43   0x00000001   PAD
    0x00031e44   0x00031e44   0x0000004f   Data   RO         5434    .conststring        nrf_fstorage.o
    0x00031e93   0x00031e93   0x00000001   PAD
    0x00031e94   0x00031e94   0x000003eb   Data   RO         5871    .conststring        nrf_strerror.o
    0x0003227f   0x0003227f   0x00000001   PAD
    0x00032280   0x00032280   0x00000066   Data   RO         6294    .conststring        nrf_log_str_formatter.o
    0x000322e6   0x000322e6   0x00000002   PAD
    0x000322e8   0x000322e8   0x00000188   Data   RO         6830    .conststring        nrf_sdh_ble.o
    0x00032470   0x00032470   0x00000011   Data   RO         1341    .conststrlit        gatt_cache_manager.o
    0x00032481   0x00032481   0x00000003   PAD
    0x00032484   0x00032484   0x00000012   Data   RO         1492    .conststrlit        gatts_cache_manager.o
    0x00032496   0x00032496   0x00000002   PAD
    0x00032498   0x00032498   0x00000010   Data   RO         1589    .conststrlit        id_manager.o
    0x000324a8   0x000324a8   0x0000000d   Data   RO         1742    .conststrlit        nrf_ble_gatt.o
    0x000324b5   0x000324b5   0x00000003   PAD
    0x000324b8   0x000324b8   0x00000011   Data   RO         1893    .conststrlit        peer_data_storage.o
    0x000324c9   0x000324c9   0x00000003   PAD
    0x000324cc   0x000324cc   0x00000011   Data   RO         2030    .conststrlit        peer_database.o
    0x000324dd   0x000324dd   0x00000003   PAD
    0x000324e0   0x000324e0   0x0000000d   Data   RO         2267    .conststrlit        peer_manager.o
    0x000324ed   0x000324ed   0x00000003   PAD
    0x000324f0   0x000324f0   0x00000015   Data   RO         2528    .conststrlit        peer_manager_handler.o
    0x00032505   0x00032505   0x00000003   PAD
    0x00032508   0x00032508   0x00000011   Data   RO         2679    .conststrlit        security_dispatcher.o
    0x00032519   0x00032519   0x00000003   PAD
    0x0003251c   0x0003251c   0x00000010   Data   RO         2819    .conststrlit        security_manager.o
    0x0003252c   0x0003252c   0x00000008   Data   RO         2956    .conststrlit        ble_bas.o
    0x00032534   0x00032534   0x00000006   Data   RO         3130    .conststrlit        nrf_drv_clock.o
    0x0003253a   0x0003253a   0x00000002   PAD
    0x0003253c   0x0003253c   0x00000006   Data   RO         3323    .conststrlit        nrfx_clock.o
    0x00032542   0x00032542   0x00000002   PAD
    0x00032544   0x00032544   0x00000007   Data   RO         3489    .conststrlit        nrfx_gpiote.o
    0x0003254b   0x0003254b   0x00000001   PAD
    0x0003254c   0x0003254c   0x00000004   Data   RO         3768    .conststrlit        nrfx_prs.o
    0x00032550   0x00032550   0x00000005   Data   RO         3850    .conststrlit        nrfx_uart.o
    0x00032555   0x00032555   0x00000003   PAD
    0x00032558   0x00032558   0x00000006   Data   RO         4046    .conststrlit        nrfx_uarte.o
    0x0003255e   0x0003255e   0x00000002   PAD
    0x00032560   0x00032560   0x0000000d   Data   RO         5435    .conststrlit        nrf_fstorage.o
    0x0003256d   0x0003256d   0x00000003   PAD
    0x00032570   0x00032570   0x00000009   Data   RO         5708    .conststrlit        nrf_pwr_mgmt.o
    0x00032579   0x00032579   0x00000003   PAD
    0x0003257c   0x0003257c   0x00000011   Data   RO         6068    .conststrlit        nrf_log_default_backends.o
    0x0003258d   0x0003258d   0x00000003   PAD
    0x00032590   0x00032590   0x00000004   Data   RO         6134    .conststrlit        nrf_log_frontend.o
    0x00032594   0x00032594   0x00000008   Data   RO         6721    .conststrlit        nrf_sdh.o
    0x0003259c   0x0003259c   0x0000000c   Data   RO         6831    .conststrlit        nrf_sdh_ble.o
    0x000325a8   0x000325a8   0x0000000c   Data   RO         6881    .conststrlit        nrf_sdh_soc.o
    0x000325b4   0x000325b4   0x00000020   Data   RO         7027    Region$$Table       anon$$obj.o
    0x000325d4   0x000325d4   0x00000010   Data   RO         6070    log_backends        nrf_log_default_backends.o
    0x000325e4   0x000325e4   0x00000008   Data   RO         1343    log_const_data      gatt_cache_manager.o
    0x000325ec   0x000325ec   0x00000008   Data   RO         1494    log_const_data      gatts_cache_manager.o
    0x000325f4   0x000325f4   0x00000008   Data   RO         1591    log_const_data      id_manager.o
    0x000325fc   0x000325fc   0x00000008   Data   RO         1743    log_const_data      nrf_ble_gatt.o
    0x00032604   0x00032604   0x00000008   Data   RO         1895    log_const_data      peer_data_storage.o
    0x0003260c   0x0003260c   0x00000008   Data   RO         2032    log_const_data      peer_database.o
    0x00032614   0x00032614   0x00000008   Data   RO         2269    log_const_data      peer_manager.o
    0x0003261c   0x0003261c   0x00000008   Data   RO         2531    log_const_data      peer_manager_handler.o
    0x00032624   0x00032624   0x00000008   Data   RO         2681    log_const_data      security_dispatcher.o
    0x0003262c   0x0003262c   0x00000008   Data   RO         2821    log_const_data      security_manager.o
    0x00032634   0x00032634   0x00000008   Data   RO         2957    log_const_data      ble_bas.o
    0x0003263c   0x0003263c   0x00000008   Data   RO         3131    log_const_data      nrf_drv_clock.o
    0x00032644   0x00032644   0x00000008   Data   RO         3325    log_const_data      nrfx_clock.o
    0x0003264c   0x0003264c   0x00000008   Data   RO         3490    log_const_data      nrfx_gpiote.o
    0x00032654   0x00032654   0x00000008   Data   RO         3770    log_const_data      nrfx_prs.o
    0x0003265c   0x0003265c   0x00000008   Data   RO         3851    log_const_data      nrfx_uart.o
    0x00032664   0x00032664   0x00000008   Data   RO         4047    log_const_data      nrfx_uarte.o
    0x0003266c   0x0003266c   0x00000008   Data   RO         5436    log_const_data      nrf_fstorage.o
    0x00032674   0x00032674   0x00000008   Data   RO         5710    log_const_data      nrf_pwr_mgmt.o
    0x0003267c   0x0003267c   0x00000008   Data   RO         6137    log_const_data      nrf_log_frontend.o
    0x00032684   0x00032684   0x00000008   Data   RO         6723    log_const_data      nrf_sdh.o
    0x0003268c   0x0003268c   0x00000008   Data   RO         6833    log_const_data      nrf_sdh_ble.o
    0x00032694   0x00032694   0x00000008   Data   RO         6882    log_const_data      nrf_sdh_soc.o
    0x0003269c   0x0003269c   0x00000014   Data   RO         6138    nrf_balloc          nrf_log_frontend.o
    0x000326b0   0x000326b0   0x00000008   Data   RO         1119    sdh_ble_observers0  ble_conn_state.o
    0x000326b8   0x000326b8   0x00000010   Data   RO           27    sdh_ble_observers1  main.o
    0x000326c8   0x000326c8   0x00000008   Data   RO          705    sdh_ble_observers1  bsp_btn_ble.o
    0x000326d0   0x000326d0   0x00000008   Data   RO         1035    sdh_ble_observers1  ble_conn_params.o
    0x000326d8   0x000326d8   0x00000008   Data   RO         2270    sdh_ble_observers1  peer_manager.o
    0x000326e0   0x000326e0   0x00000018   Data   RO           28    sdh_ble_observers2  main.o
    0x000326f8   0x000326f8   0x00000008   Data   RO           29    sdh_ble_observers3  main.o
    0x00032700   0x00032700   0x00000008   Data   RO         5530    sdh_req_observers0  nrf_fstorage_sd.o
    0x00032708   0x00032708   0x00000008   Data   RO         3132    sdh_soc_observers0  nrf_drv_clock.o
    0x00032710   0x00032710   0x00000008   Data   RO         5531    sdh_soc_observers0  nrf_fstorage_sd.o
    0x00032718   0x00032718   0x00000008   Data   RO           30    sdh_soc_observers1  main.o
    0x00032720   0x00032720   0x00000008   Data   RO         6834    sdh_stack_observers0  nrf_sdh_ble.o
    0x00032728   0x00032728   0x00000008   Data   RO         6883    sdh_stack_observers0  nrf_sdh_soc.o
    0x00032730   0x00032730   0x00000008   Data   RO         3133    sdh_state_observers0  nrf_drv_clock.o
    0x00032738   0x00032738   0x00000008   Data   RO         5532    sdh_state_observers0  nrf_fstorage_sd.o


    Execution Region RW_IRAM1 (Exec base: 0x2000e000, Load base: 0x00032740, Size: 0x000032b0, Max: 0x00032000, ABSOLUTE, COMPRESSED[0x0000009c])

    Exec Addr    Load Addr    Size         Type   Attr      Idx    E Section Name        Object

    0x2000e000   COMPRESSED   0x00000028   Data   RW           26    .data               main.o
    0x2000e028   COMPRESSED   0x00000010   Data   RW          603    .data               bsp.o
    0x2000e038   COMPRESSED   0x00000008   Data   RW          704    .data               bsp_btn_ble.o
    0x2000e040   COMPRESSED   0x00000008   Data   RW         1034    .data               ble_conn_params.o
    0x2000e048   COMPRESSED   0x00000010   Data   RW         1342    .data               gatt_cache_manager.o
    0x2000e058   COMPRESSED   0x00000006   Data   RW         1493    .data               gatts_cache_manager.o
    0x2000e05e   COMPRESSED   0x00000002   PAD
    0x2000e060   COMPRESSED   0x0000000c   Data   RW         1894    .data               peer_data_storage.o
    0x2000e06c   COMPRESSED   0x00000008   Data   RW         2031    .data               peer_database.o
    0x2000e074   COMPRESSED   0x00000010   Data   RW         2268    .data               peer_manager.o
    0x2000e084   COMPRESSED   0x00000060   Data   RW         2529    .data               peer_manager_handler.o
    0x2000e0e4   COMPRESSED   0x00000005   Data   RW         2680    .data               security_dispatcher.o
    0x2000e0e9   COMPRESSED   0x00000003   PAD
    0x2000e0ec   COMPRESSED   0x00000015   Data   RW         2820    .data               security_manager.o
    0x2000e101   COMPRESSED   0x00000001   PAD
    0x2000e102   COMPRESSED   0x0000004a   Data   RW         3014    .data               ble_dis.o
    0x2000e14c   COMPRESSED   0x00000014   Data   RW         3257    .data               nrf_drv_uart.o
    0x2000e160   COMPRESSED   0x00000008   Data   RW         3324    .data               nrfx_clock.o
    0x2000e168   COMPRESSED   0x00000008   Data   RW         3769    .data               nrfx_prs.o
    0x2000e170   COMPRESSED   0x00000020   Data   RW         4191    .data               app_button.o
    0x2000e190   COMPRESSED   0x00000014   Data   RW         4430    .data               app_timer.o
    0x2000e1a4   COMPRESSED   0x00000030   Data   RW         4725    .data               fds.o
    0x2000e1d4   COMPRESSED   0x00000008   Data   RW         5529    .data               nrf_fstorage_sd.o
    0x2000e1dc   COMPRESSED   0x00000008   Data   RW         5709    .data               nrf_pwr_mgmt.o
    0x2000e1e4   COMPRESSED   0x00000018   Data   RW         5998    .data               nrf_log_backend_uart.o
    0x2000e1fc   COMPRESSED   0x00000008   Data   RW         6069    .data               nrf_log_default_backends.o
    0x2000e204   COMPRESSED   0x00000008   Data   RW         6135    .data               nrf_log_frontend.o
    0x2000e20c   COMPRESSED   0x00000008   Data   RW         6136    .data               nrf_log_frontend.o
    0x2000e214   COMPRESSED   0x00000040   Data   RW         6295    .data               nrf_log_str_formatter.o
    0x2000e254   COMPRESSED   0x00000003   Data   RW         6722    .data               nrf_sdh.o
    0x2000e257   COMPRESSED   0x00000001   Data   RW         6832    .data               nrf_sdh_ble.o
    0x2000e258   COMPRESSED   0x00000004   Data   RW         6922    .data               system_nrf52840.o
    0x2000e25c   COMPRESSED   0x00000014   Data   RW         4726    fs_data             fds.o
    0x2000e270        -       0x00000018   Zero   RW           23    .bss                main.o
    0x2000e288        -       0x000002c8   Zero   RW           24    .bss                main.o
    0x2000e550        -       0x00000018   Zero   RW          598    .bss                bsp.o
    0x2000e568        -       0x00000018   Zero   RW          599    .bss                bsp.o
    0x2000e580        -       0x0000000c   Zero   RW          600    .bss                bsp.o
    0x2000e58c        -       0x00000018   Zero   RW          601    .bss                bsp.o
    0x2000e5a4        -       0x00000048   Zero   RW         1033    .bss                ble_conn_params.o
    0x2000e5ec        -       0x00000078   Zero   RW         1118    .bss                ble_conn_state.o
    0x2000e664        -       0x000000d8   Zero   RW         1586    .bss                id_manager.o
    0x2000e73c        -       0x00000180   Zero   RW         2027    .bss                peer_database.o
    0x2000e8bc        -       0x00000040   Zero   RW         2143    .bss                peer_id.o
    0x2000e8fc        -       0x0000000c   Zero   RW         2264    .bss                peer_manager.o
    0x2000e908        -       0x00000040   Zero   RW         2676    .bss                security_dispatcher.o
    0x2000e948        -       0x00000014   Zero   RW         3125    .bss                nrf_drv_clock.o
    0x2000e95c        -       0x0000006c   Zero   RW         3484    .bss                nrfx_gpiote.o
    0x2000e9c8        -       0x0000002c   Zero   RW         3845    .bss                nrfx_uart.o
    0x2000e9f4        -       0x00000024   Zero   RW         4041    .bss                nrfx_uarte.o
    0x2000ea18        -       0x00000018   Zero   RW         4189    .bss                app_button.o
    0x2000ea30        -       0x0000010c   Zero   RW         4428    .bss                app_timer.o
    0x2000eb3c        -       0x0000000c   Zero   RW         4581    .bss                app_util_platform.o
    0x2000eb48        -       0x00000010   Zero   RW         4722    .bss                fds.o
    0x2000eb58        -       0x000000e0   Zero   RW         4723    .bss                fds.o
    0x2000ec38        -       0x00000010   Zero   RW         5525    .bss                nrf_fstorage_sd.o
    0x2000ec48        -       0x000000a0   Zero   RW         5526    .bss                nrf_fstorage_sd.o
    0x2000ece8        -       0x0000000c   Zero   RW         5705    .bss                nrf_pwr_mgmt.o
    0x2000ecf4        -       0x00000040   Zero   RW         5995    .bss                nrf_log_backend_uart.o
    0x2000ed34        -       0x000000c0   Zero   RW         6129    .bss                nrf_log_frontend.o
    0x2000edf4        -       0x00000080   Zero   RW         6130    .bss                nrf_log_frontend.o
    0x2000ee74        -       0x00000018   Zero   RW         6131    .bss                nrf_log_frontend.o
    0x2000ee8c        -       0x00000424   Zero   RW         6132    .bss                nrf_log_frontend.o
    0x2000f2b0        -       0x00002000   Zero   RW         6910    STACK               arm_startup_nrf52840.o


==============================================================================

Image component sizes


      Code (inc. data)   RO Data    RW Data    ZI Data      Debug   Object Name

       440         36          8         32         24      13114   app_button.o
        22          0          0          0          0       2461   app_error.o
       132         46          0          0          0      30585   app_error_weak.o
         0          0          0          0          0      36690   app_scheduler.o
      1510        118          6         20        268      48559   app_timer.o
       124         14          0          0         12       9610   app_util_platform.o
        36          8        512          0       8192        940   arm_startup_nrf52840.o
      1324          0          0          0          0      52908   ble_advdata.o
      1082          6          0          0          0      11060   ble_advertising.o
       502          0         16          0          0       6519   ble_bas.o
       636         44          8          8         72       9283   ble_conn_params.o
       730         60          8          0        120      14897   ble_conn_state.o
       530         12          0         74          0       5607   ble_dis.o
       576          0          0          0          0      46401   ble_hts.o
       664          6          0          0          0       6636   ble_srv_common.o
       440         46          8          0          0      54171   boards.o
      1016         90         44         16         84      15559   bsp.o
       252         10          8          8          0       4828   bsp_btn_ble.o
      3426        314         24         68        240      50155   fds.o
      1848        544        561         16          0      24719   gatt_cache_manager.o
       578         70        374          6          0       9083   gatts_cache_manager.o
       946         34         32          0        216      15132   id_manager.o
      1804        318         60         40        736     210886   main.o
       342          0          0          0          0       6742   nrf_atfifo.o
       170          0          0          0          0       4780   nrf_atflags.o
       332          0          0          0          0      10194   nrf_atomic.o
       164          0          0          0          0       3648   nrf_balloc.o
       922        272        205          0          0      36531   nrf_ble_gatt.o
       276          0          0          0          0       4713   nrf_ble_qwr.o
       276         34         30          0         20      37752   nrf_drv_clock.o
       200         26          0         20          0      17908   nrf_drv_uart.o
        50          0          0          0          0       3545   nrf_fprintf.o
       850          4         16          0          0       5498   nrf_fprintf_format.o
       972        432        194          0          0       8064   nrf_fstorage.o
       798         82         72          8        176      16083   nrf_fstorage_sd.o
       200          0          0          0          0      11561   nrf_log_backend_serial.o
       232         44         44         24         64      21134   nrf_log_backend_uart.o
        28          4         33          8          0       3349   nrf_log_default_backends.o
      1512        114         44         16       1404      31448   nrf_log_frontend.o
       566        108        102         64          0       5652   nrf_log_str_formatter.o
       346          0          0          0          0       9607   nrf_memobj.o
       108         16         53          8         12      35502   nrf_pwr_mgmt.o
        28          0          0          0          0       2375   nrf_ringbuf.o
       552         60        104          3          0      41800   nrf_sdh.o
       672        232        468          1          0       5893   nrf_sdh_ble.o
        60          4         56          0          0       2480   nrf_sdh_soc.o
        78          0          0          0          0       2800   nrf_section_iter.o
        76         10       1319          0          0       2759   nrf_strerror.o
       226         30         14          8          0      41162   nrfx_clock.o
      1378         92         23          0        108      59775   nrfx_gpiote.o
       112         16         12          8          0       4512   nrfx_prs.o
      1336         46         17          0         44      32393   nrfx_uart.o
      1178         50         18          0         36      25427   nrfx_uarte.o
      1152        144        285         12          0      16138   peer_data_storage.o
      1442        260        425          8        384      19522   peer_database.o
       314         38          0          0         64       9199   peer_id.o
      1774        456        217         16         12      19545   peer_manager.o
      1720        822        767         96          0      13360   peer_manager_handler.o
       234          0          0          0          0       5471   pm_buffer.o
      1912        260        743          5         64      26891   security_dispatcher.o
      1108        114        407         21          0      49786   security_manager.o
       104          0          0          0          0       3451   sensorsim.o
       476         60          0          4          0       2363   system_nrf52840.o

    ----------------------------------------------------------------------
     42976       5606       7440        624      12352    1340616   Object Totals
         0          0         32          0          0          0   (incl. Generated)
        82          0         71          6          0          0   (incl. Padding)

    ----------------------------------------------------------------------

      Code (inc. data)   RO Data    RW Data    ZI Data      Debug   Library Member Name

        86          0          0          0          0          0   __dczerorl2.o
         8          4        133          0          0         68   ctype_o.o
         0          0          0          0          0          0   entry.o
         0          0          0          0          0          0   entry10a.o
         0          0          0          0          0          0   entry11a.o
         8          4          0          0          0          0   entry2.o
         4          0          0          0          0          0   entry5.o
         0          0          0          0          0          0   entry7b.o
         0          0          0          0          0          0   entry8b.o
         8          4          0          0          0          0   entry9a.o
        30          0          0          0          0          0   handlers.o
        36          8          0          0          0         68   init.o
        30          0          0          0          0         68   llshl.o
        32          0          0          0          0         68   llushr.o
        26          0          0          0          0         80   memcmp.o
        36          0          0          0          0         68   memcpya.o
        36          0          0          0          0        108   memseta.o
        14          0          0          0          0         68   strlen.o
        98          0          0          0          0         92   uldiv.o

    ----------------------------------------------------------------------
       456         20        136          0          0        688   Library Totals
         4          0          3          0          0          0   (incl. Padding)

    ----------------------------------------------------------------------

      Code (inc. data)   RO Data    RW Data    ZI Data      Debug   Library Name

       452         20        133          0          0        688   mc_w.l

    ----------------------------------------------------------------------
       456         20        136          0          0        688   Library Totals

    ----------------------------------------------------------------------

==============================================================================


      Code (inc. data)   RO Data    RW Data    ZI Data      Debug   

     43432       5626       7576        624      12352    1288180   Grand Totals
     43432       5626       7576        156      12352    1288180   ELF Image Totals (compressed)
     43432       5626       7576        156          0          0   ROM Totals

==============================================================================

    Total RO  Size (Code + RO Data)                51008 (  49.81kB)
    Total RW  Size (RW Data + ZI Data)             12976 (  12.67kB)
    Total ROM Size (Code + RO Data + RW Data)      51164 (  49.96kB)

==============================================================================

