<html>
<body>
<pre>
<h1>礦ision Build Log</h1>
<h2>Tool Versions:</h2>
IDE-Version: μVision V5.26.2.0
Copyright (C) 2018 ARM Ltd and ARM Germany GmbH. All rights reserved.
License Information: Administrator Administrator, Administrator, LIC=HN0AE-5XBZ5-MMK9I-TP5YZ-7TG5K-GD3BL
 
Tool Versions:
Toolchain:       MDK-ARM Plus  Version: 5.26.2.0
Toolchain Path:  C:\Keil_v5\ARM\ARMCC\Bin
C Compiler:      Armcc.exe V5.06 update 6 (build 750)
Assembler:       Armasm.exe V5.06 update 6 (build 750)
Linker/Locator:  ArmLink.exe V5.06 update 6 (build 750)
Library Manager: ArmAr.exe V5.06 update 6 (build 750)
Hex Converter:   FromElf.exe V5.06 update 6 (build 750)
CPU DLL:         
Dialog DLL:      
Target DLL:      Segger\JL2CM3.dll V2.99.31.0
Dialog DLL:      TCM.DLL V1.36.1.0
 
<h2>Project:</h2>
C:\Users\Administrator\Desktop\nRF5_SDK_15.2.0_9412b96\examples\ble_central\ble_app_uart_c\pca10056\s140\arm5_no_packs\ble_app_uart_c_pca10056_s140.uvprojx
Project File Date:  05/23/2025

<h2>Output:</h2>
*** Using Compiler 'V5.06 update 6 (build 750)', folder: 'C:\Keil_v5\ARM\ARMCC\Bin'
Build target 'nrf52840_xxaa'
compiling nrfx_power_clock.c...
compiling nrf_drv_clock.c...
compiling nrfx_clock.c...
compiling app_ble_handle.c...
board_uart.h(35): warning:  #1295-D: Deprecated declaration OTA_Receive_Data - give arg types
  void OTA_Receive_Data();
app_ble_handle.c(107): warning:  #167-D: argument of type "uint8_t *" is incompatible with parameter of type "const char *"
  		uint32_t err_code = ble_cus_send_data(&m_cus, sample_data, strlen(sample_data));
app_ble_handle.c(757): warning:  #513-D: a value of type "void (*)(uint16_t, ble_cus_t *, uint8_t *, uint16_t)" cannot be assigned to an entity of type "ble_cus_write_handler_t"
      cus_init.write_handler = on_cus_write;
app_ble_handle.c(776): warning:  #177-D: variable "err_code"  was declared but never referenced
      ret_code_t            err_code;
app_ble_handle.c: 4 warnings, 0 errors
linking...
.\_build\nrf52840_xxaa.axf: Warning: L6304W: Duplicate input file .\_build\nrfx_clock_1.o ignored.
.\_build\nrf52840_xxaa.axf: Warning: L6304W: Duplicate input file .\_build\nrfx_power_clock_1.o ignored.
.\_build\nrf52840_xxaa.axf: Warning: L6304W: Duplicate input file .\_build\nrf_drv_clock_1.o ignored.
Program Size: Code=29392 RO-data=4324 RW-data=464 ZI-data=120272  
Finished: 0 information, 3 warning and 0 error messages.
FromELF: creating hex file...
After Build - User command #1: fromelf.exe --bin --output ..\hex_output\app.bin .\_build\nrf52840_xxaa.axf
After Build - User command #2: ..\hex_output\copy_app_hex.bat
C:\Users\Administrator\Desktop\nRF5_SDK_15.2.0_9412b96\examples\ble_central\ble_app_uart_c\pca10056\s140\arm5_no_packs>copy ..\arm5_no_packs\_build\nrf52840_xxaa.hex ..\hex_output\app.hex /Y 
已复制         1 个文件。
".\_build\nrf52840_xxaa.axf" - 0 Error(s), 7 Warning(s).

<h2>Software Packages used:</h2>

Package Vendor: ARM
                http://www.keil.com/pack/ARM.CMSIS.4.5.0.pack
                ARM.CMSIS.4.5.0
                CMSIS (Cortex Microcontroller Software Interface Standard)
   * Component: CORE Version: 4.3.0

Package Vendor: NordicSemiconductor
                http://developer.nordicsemi.com/nRF5_SDK/pieces/nRF_DeviceFamilyPack/NordicSemiconductor.nRF_DeviceFamilyPack.8.17.0.pack
                NordicSemiconductor.nRF_DeviceFamilyPack.8.17.0
                Nordic Semiconductor nRF ARM devices Device Family Pack.
   * Component: Startup Version: 8.17.0

<h2>Collection of Component include folders:</h2>
  .\RTE\_nrf52840_xxaa
  C:\Keil_v5\ARM\PACK\ARM\CMSIS\4.5.0\CMSIS\Include
  C:\Keil_v5\ARM\PACK\NordicSemiconductor\nRF_DeviceFamilyPack\8.17.0\Device\Include

<h2>Collection of Component Files used:</h2>

   * Component: ARM::CMSIS:CORE:4.3.0

   * Component: NordicSemiconductor::Device:Startup:8.17.0
      Source file:   Device\Source\arm\arm_startup_nrf52840.s
      Include file:  Device\Include\system_nrf52840.h
      Source file:   Device\Source\system_nrf52840.c
Build Time Elapsed:  00:00:07
</pre>
</body>
</html>
