<html>
<body>
<pre>
<h1>礦ision Build Log</h1>
<h2>Tool Versions:</h2>
IDE-Version: μVision V5.30.0.0
Copyright (C) 2020 ARM Ltd and ARM Germany GmbH. All rights reserved.
License Information: 2 2, 2, LIC=GMZI6-DK0Y7-636MB-2GLSI-QI6F6-1Q5QJ
 
Tool Versions:
Toolchain:       MDK-ARM Plus  Version: 5.30.0.0
Toolchain Path:  C:\Keil_v5\ARM\ARMCC\Bin
C Compiler:      Armcc.exe V5.06 update 6 (build 750)
Assembler:       Armasm.exe V5.06 update 6 (build 750)
Linker/Locator:  ArmLink.exe V5.06 update 6 (build 750)
Library Manager: ArmAr.exe V5.06 update 6 (build 750)
Hex Converter:   FromElf.exe V5.06 update 6 (build 750)
CPU DLL:         
Dialog DLL:      
Target DLL:      Segger\JL2CM3.dll V2.99.38.0
Dialog DLL:      TCM.DLL V1.42.0.0
 
<h2>Project:</h2>
D:\360MoveData\Users\bob\Desktop\nRF5_SDK_15.2.0_9412b96\examples\dfu\secure_bootloader\pca10056_uart_debug\arm5_no_packs\secure_bootloader_uart_mbr_pca10056_debug.uvprojx
Project File Date:  04/28/2025

<h2>Output:</h2>
*** Using Compiler 'V5.06 update 6 (build 750)', folder: 'C:\Keil_v5\ARM\ARMCC\Bin'
Build target 'nrf52840_xxaa_mbr'
compiling nrf_bootloader_fw_activation.c...
linking...
Program Size: Code=38040 RO-data=3528 RW-data=308 ZI-data=40952  
FromELF: creating hex file...
After Build - User command #2: ..\hex_output\copy_hex.bat
D:\360MoveData\Users\bob\Desktop\nRF5_SDK_15.2.0_9412b96\examples\dfu\secure_bootloader\pca10056_uart_debug\arm5_no_packs>copy ..\arm5_no_packs\_build\nrf52840_xxaa_mbr.hex  ..\..\..\..\ble_central\ble_app_uart_c\pca10056\s140\hex_output\bootloader.hex /Y 
已复制         1 个文件。
".\_build\nrf52840_xxaa_mbr.axf" - 0 Error(s), 0 Warning(s).

<h2>Software Packages used:</h2>

Package Vendor: ARM
                http://www.keil.com/pack/ARM.CMSIS.4.5.0.pack
                ARM.CMSIS.4.5.0
                CMSIS (Cortex Microcontroller Software Interface Standard)
   * Component: CORE Version: 4.3.0

Package Vendor: NordicSemiconductor
                http://developer.nordicsemi.com/nRF5_SDK/pieces/nRF_DeviceFamilyPack/NordicSemiconductor.nRF_DeviceFamilyPack.8.17.0.pack
                NordicSemiconductor.nRF_DeviceFamilyPack.8.17.0
                Nordic Semiconductor nRF ARM devices Device Family Pack.
   * Component: Startup Version: 8.17.0

<h2>Collection of Component include folders:</h2>
  .\RTE\_nrf52840_xxaa_mbr
  C:\Users\bob\AppData\Local\Arm\Packs\ARM\CMSIS\4.5.0\CMSIS\Include
  C:\Users\bob\AppData\Local\Arm\Packs\NordicSemiconductor\nRF_DeviceFamilyPack\8.17.0\Device\Include

<h2>Collection of Component Files used:</h2>

   * Component: ARM::CMSIS:CORE:4.3.0

   * Component: NordicSemiconductor::Device:Startup:8.17.0
      Source file:   Device\Source\system_nrf52840.c
      Include file:  Device\Include\system_nrf52840.h
      Source file:   Device\Source\arm\arm_startup_nrf52840.s
Build Time Elapsed:  00:00:07
</pre>
</body>
</html>
